Archive member included because of file (symbol)

c:/ayaya/nti 4 month/flashdrive/nti/sdk_win_64/sdk_win_64/winavr/bin/../lib/gcc/avr/4.3.3/avr5\libgcc.a(_udivmodsi4.o)
                              ./LCD_Prog.o (__udivmodsi4)
c:/ayaya/nti 4 month/flashdrive/nti/sdk_win_64/sdk_win_64/winavr/bin/../lib/gcc/avr/4.3.3/avr5\libgcc.a(_exit.o)
                              c:/ayaya/nti 4 month/flashdrive/nti/sdk_win_64/sdk_win_64/winavr/bin/../lib/gcc/avr/4.3.3/../../../../avr/lib/avr5/crtm32.o (exit)
c:/ayaya/nti 4 month/flashdrive/nti/sdk_win_64/sdk_win_64/winavr/bin/../lib/gcc/avr/4.3.3/avr5\libgcc.a(_copy_data.o)
                              ./LCD_Prog.o (__do_copy_data)

Memory Configuration

Name             Origin             Length             Attributes
text             0x00000000         0x00020000         xr
data             0x00800060         0x0000ffa0         rw !x
eeprom           0x00810000         0x00010000         rw !x
fuse             0x00820000         0x00000400         rw !x
lock             0x00830000         0x00000400         rw !x
signature        0x00840000         0x00000400         rw !x
*default*        0x00000000         0xffffffff

Linker script and memory map

LOAD c:/ayaya/nti 4 month/flashdrive/nti/sdk_win_64/sdk_win_64/winavr/bin/../lib/gcc/avr/4.3.3/../../../../avr/lib/avr5/crtm32.o
LOAD ./DIO_Driver/DIO.o
LOAD ./LCD_Prog.o
LOAD ./main.o
LOAD c:/ayaya/nti 4 month/flashdrive/nti/sdk_win_64/sdk_win_64/winavr/bin/../lib/gcc/avr/4.3.3/avr5\libgcc.a
LOAD c:/ayaya/nti 4 month/flashdrive/nti/sdk_win_64/sdk_win_64/winavr/bin/../lib/gcc/avr/4.3.3/../../../../avr/lib/avr5\libc.a
LOAD c:/ayaya/nti 4 month/flashdrive/nti/sdk_win_64/sdk_win_64/winavr/bin/../lib/gcc/avr/4.3.3/avr5\libgcc.a

.hash
 *(.hash)

.dynsym
 *(.dynsym)

.dynstr
 *(.dynstr)

.gnu.version
 *(.gnu.version)

.gnu.version_d
 *(.gnu.version_d)

.gnu.version_r
 *(.gnu.version_r)

.rel.init
 *(.rel.init)

.rela.init
 *(.rela.init)

.rel.text
 *(.rel.text)
 *(.rel.text.*)
 *(.rel.gnu.linkonce.t*)

.rela.text
 *(.rela.text)
 *(.rela.text.*)
 *(.rela.gnu.linkonce.t*)

.rel.fini
 *(.rel.fini)

.rela.fini
 *(.rela.fini)

.rel.rodata
 *(.rel.rodata)
 *(.rel.rodata.*)
 *(.rel.gnu.linkonce.r*)

.rela.rodata
 *(.rela.rodata)
 *(.rela.rodata.*)
 *(.rela.gnu.linkonce.r*)

.rel.data
 *(.rel.data)
 *(.rel.data.*)
 *(.rel.gnu.linkonce.d*)

.rela.data
 *(.rela.data)
 *(.rela.data.*)
 *(.rela.gnu.linkonce.d*)

.rel.ctors
 *(.rel.ctors)

.rela.ctors
 *(.rela.ctors)

.rel.dtors
 *(.rel.dtors)

.rela.dtors
 *(.rela.dtors)

.rel.got
 *(.rel.got)

.rela.got
 *(.rela.got)

.rel.bss
 *(.rel.bss)

.rela.bss
 *(.rela.bss)

.rel.plt
 *(.rel.plt)

.rela.plt
 *(.rela.plt)

.text           0x00000000      0xa72
 *(.vectors)
 .vectors       0x00000000       0x54 c:/ayaya/nti 4 month/flashdrive/nti/sdk_win_64/sdk_win_64/winavr/bin/../lib/gcc/avr/4.3.3/../../../../avr/lib/avr5/crtm32.o
                0x00000000                __vectors
                0x00000000                __vector_default
 *(.vectors)
 *(.progmem.gcc*)
 *(.progmem*)
                0x00000054                . = ALIGN (0x2)
                0x00000054                __trampolines_start = .
 *(.trampolines)
 .trampolines   0x00000054        0x0 linker stubs
 *(.trampolines*)
                0x00000054                __trampolines_end = .
 *(.jumptables)
 *(.jumptables*)
 *(.lowtext)
 *(.lowtext*)
                0x00000054                __ctors_start = .
 *(.ctors)
                0x00000054                __ctors_end = .
                0x00000054                __dtors_start = .
 *(.dtors)
                0x00000054                __dtors_end = .
 SORT(*)(.ctors)
 SORT(*)(.dtors)
 *(.init0)
 .init0         0x00000054        0x0 c:/ayaya/nti 4 month/flashdrive/nti/sdk_win_64/sdk_win_64/winavr/bin/../lib/gcc/avr/4.3.3/../../../../avr/lib/avr5/crtm32.o
                0x00000054                __init
 *(.init0)
 *(.init1)
 *(.init1)
 *(.init2)
 .init2         0x00000054        0xc c:/ayaya/nti 4 month/flashdrive/nti/sdk_win_64/sdk_win_64/winavr/bin/../lib/gcc/avr/4.3.3/../../../../avr/lib/avr5/crtm32.o
 *(.init2)
 *(.init3)
 *(.init3)
 *(.init4)
 .init4         0x00000060       0x16 c:/ayaya/nti 4 month/flashdrive/nti/sdk_win_64/sdk_win_64/winavr/bin/../lib/gcc/avr/4.3.3/avr5\libgcc.a(_copy_data.o)
                0x00000060                __do_copy_data
 *(.init4)
 *(.init5)
 *(.init5)
 *(.init6)
 *(.init6)
 *(.init7)
 *(.init7)
 *(.init8)
 *(.init8)
 *(.init9)
 .init9         0x00000076        0x8 c:/ayaya/nti 4 month/flashdrive/nti/sdk_win_64/sdk_win_64/winavr/bin/../lib/gcc/avr/4.3.3/../../../../avr/lib/avr5/crtm32.o
 *(.init9)
 *(.text)
 .text          0x0000007e        0x4 c:/ayaya/nti 4 month/flashdrive/nti/sdk_win_64/sdk_win_64/winavr/bin/../lib/gcc/avr/4.3.3/../../../../avr/lib/avr5/crtm32.o
                0x0000007e                __vector_1
                0x0000007e                __vector_12
                0x0000007e                __bad_interrupt
                0x0000007e                __vector_6
                0x0000007e                __vector_3
                0x0000007e                __vector_11
                0x0000007e                __vector_13
                0x0000007e                __vector_17
                0x0000007e                __vector_19
                0x0000007e                __vector_7
                0x0000007e                __vector_5
                0x0000007e                __vector_4
                0x0000007e                __vector_9
                0x0000007e                __vector_2
                0x0000007e                __vector_15
                0x0000007e                __vector_8
                0x0000007e                __vector_14
                0x0000007e                __vector_10
                0x0000007e                __vector_16
                0x0000007e                __vector_18
                0x0000007e                __vector_20
 .text          0x00000082        0x0 ./DIO_Driver/DIO.o
 .text          0x00000082        0x0 ./LCD_Prog.o
 .text          0x00000082        0x0 ./main.o
 .text          0x00000082        0x0 c:/ayaya/nti 4 month/flashdrive/nti/sdk_win_64/sdk_win_64/winavr/bin/../lib/gcc/avr/4.3.3/avr5\libgcc.a(_udivmodsi4.o)
 .text          0x00000082        0x0 c:/ayaya/nti 4 month/flashdrive/nti/sdk_win_64/sdk_win_64/winavr/bin/../lib/gcc/avr/4.3.3/avr5\libgcc.a(_exit.o)
 .text          0x00000082        0x0 c:/ayaya/nti 4 month/flashdrive/nti/sdk_win_64/sdk_win_64/winavr/bin/../lib/gcc/avr/4.3.3/avr5\libgcc.a(_copy_data.o)
                0x00000082                . = ALIGN (0x2)
 *(.text.*)
 .text.MCAL_Dio_Init
                0x00000082       0x58 ./DIO_Driver/DIO.o
                0x00000082                MCAL_Dio_Init
 .text.MCAL_Dio_SetPortDirection
                0x000000da       0x3a ./DIO_Driver/DIO.o
                0x000000da                MCAL_Dio_SetPortDirection
 .text.MCAL_Dio_SetPinDirection
                0x00000114       0x58 ./DIO_Driver/DIO.o
                0x00000114                MCAL_Dio_SetPinDirection
 .text.MCAL_Dio_ReadPort
                0x0000016c       0x38 ./DIO_Driver/DIO.o
                0x0000016c                MCAL_Dio_ReadPort
 .text.MCAL_Dio_ReadPin
                0x000001a4       0x58 ./DIO_Driver/DIO.o
                0x000001a4                MCAL_Dio_ReadPin
 .text.MCAL_Dio_WritePort
                0x000001fc       0x32 ./DIO_Driver/DIO.o
                0x000001fc                MCAL_Dio_WritePort
 .text.MCAL_Dio_WritePin
                0x0000022e       0x56 ./DIO_Driver/DIO.o
                0x0000022e                MCAL_Dio_WritePin
 .text.MCAL_Dio_WriteSinglePin
                0x00000284      0x112 ./DIO_Driver/DIO.o
                0x00000284                MCAL_Dio_WriteSinglePin
 .text.MCAL_Dio_ReadSinglePin
                0x00000396       0x76 ./DIO_Driver/DIO.o
                0x00000396                MCAL_Dio_ReadSinglePin
 .text.MCAL_Dio_TogglePin
                0x0000040c       0x8e ./DIO_Driver/DIO.o
                0x0000040c                MCAL_Dio_TogglePin
 .text.HAL_LCD_sendCharacter
                0x0000049a      0x172 ./LCD_Prog.o
                0x0000049a                HAL_LCD_sendCharacter
 .text.HAL_LCD_sendString
                0x0000060c       0x2c ./LCD_Prog.o
                0x0000060c                HAL_LCD_sendString
 .text.HAL_LCD_integerToString
                0x00000638       0xee ./LCD_Prog.o
                0x00000638                HAL_LCD_integerToString
 .text.HAL_LCD_sendCommand
                0x00000726      0x17a ./LCD_Prog.o
                0x00000726                HAL_LCD_sendCommand
 .text.HAL_LCD_goToRowColumn
                0x000008a0       0x28 ./LCD_Prog.o
                0x000008a0                HAL_LCD_goToRowColumn
 .text.HAL_LCD_displayIntegerRowColumn
                0x000008c8       0x26 ./LCD_Prog.o
                0x000008c8                HAL_LCD_displayIntegerRowColumn
 .text.HAL_LCD_displaystringRowColumn
                0x000008ee       0x1a ./LCD_Prog.o
                0x000008ee                HAL_LCD_displaystringRowColumn
 .text.HAL_LCD_clearScreen
                0x00000908       0x16 ./LCD_Prog.o
                0x00000908                HAL_LCD_clearScreen
 .text.HAL_LCD_init
                0x0000091e       0xd8 ./LCD_Prog.o
                0x0000091e                HAL_LCD_init
 .text.main     0x000009f6       0x34 ./main.o
                0x000009f6                main
 .text.libgcc   0x00000a2a       0x44 c:/ayaya/nti 4 month/flashdrive/nti/sdk_win_64/sdk_win_64/winavr/bin/../lib/gcc/avr/4.3.3/avr5\libgcc.a(_udivmodsi4.o)
                0x00000a2a                __udivmodsi4
 .text.libgcc   0x00000a6e        0x0 c:/ayaya/nti 4 month/flashdrive/nti/sdk_win_64/sdk_win_64/winavr/bin/../lib/gcc/avr/4.3.3/avr5\libgcc.a(_exit.o)
 .text.libgcc   0x00000a6e        0x0 c:/ayaya/nti 4 month/flashdrive/nti/sdk_win_64/sdk_win_64/winavr/bin/../lib/gcc/avr/4.3.3/avr5\libgcc.a(_copy_data.o)
                0x00000a6e                . = ALIGN (0x2)
 *(.fini9)
 .fini9         0x00000a6e        0x0 c:/ayaya/nti 4 month/flashdrive/nti/sdk_win_64/sdk_win_64/winavr/bin/../lib/gcc/avr/4.3.3/avr5\libgcc.a(_exit.o)
                0x00000a6e                exit
                0x00000a6e                _exit
 *(.fini9)
 *(.fini8)
 *(.fini8)
 *(.fini7)
 *(.fini7)
 *(.fini6)
 *(.fini6)
 *(.fini5)
 *(.fini5)
 *(.fini4)
 *(.fini4)
 *(.fini3)
 *(.fini3)
 *(.fini2)
 *(.fini2)
 *(.fini1)
 *(.fini1)
 *(.fini0)
 .fini0         0x00000a6e        0x4 c:/ayaya/nti 4 month/flashdrive/nti/sdk_win_64/sdk_win_64/winavr/bin/../lib/gcc/avr/4.3.3/avr5\libgcc.a(_exit.o)
 *(.fini0)
                0x00000a72                _etext = .

.data           0x00800060       0x28 load address 0x00000a72
                0x00800060                PROVIDE (__data_start, .)
 *(.data)
 .data          0x00800060        0x0 c:/ayaya/nti 4 month/flashdrive/nti/sdk_win_64/sdk_win_64/winavr/bin/../lib/gcc/avr/4.3.3/../../../../avr/lib/avr5/crtm32.o
 .data          0x00800060        0x0 ./DIO_Driver/DIO.o
 .data          0x00800060        0x0 ./LCD_Prog.o
 .data          0x00800060        0xc ./main.o
 .data          0x0080006c        0x0 c:/ayaya/nti 4 month/flashdrive/nti/sdk_win_64/sdk_win_64/winavr/bin/../lib/gcc/avr/4.3.3/avr5\libgcc.a(_udivmodsi4.o)
 .data          0x0080006c        0x0 c:/ayaya/nti 4 month/flashdrive/nti/sdk_win_64/sdk_win_64/winavr/bin/../lib/gcc/avr/4.3.3/avr5\libgcc.a(_exit.o)
 .data          0x0080006c        0x0 c:/ayaya/nti 4 month/flashdrive/nti/sdk_win_64/sdk_win_64/winavr/bin/../lib/gcc/avr/4.3.3/avr5\libgcc.a(_copy_data.o)
 *(.data*)
 *(.rodata)
 *(.rodata*)
 .rodata.C.19.1388
                0x0080006c        0x3 ./LCD_Prog.o
 .rodata.C.18.1387
                0x0080006f        0x3 ./LCD_Prog.o
 .rodata.C.16.1385
                0x00800072        0x3 ./LCD_Prog.o
 .rodata.C.9.1350
                0x00800075        0x3 ./LCD_Prog.o
 .rodata.C.8.1349
                0x00800078        0x3 ./LCD_Prog.o
 .rodata.C.6.1347
                0x0080007b        0x3 ./LCD_Prog.o
 .rodata.C.4.1337
                0x0080007e        0x3 ./LCD_Prog.o
 .rodata.C.2.1335
                0x00800081        0x3 ./LCD_Prog.o
 .rodata.C.0.1333
                0x00800084        0x3 ./LCD_Prog.o
 *(.gnu.linkonce.d*)
                0x00800088                . = ALIGN (0x2)
 *fill*         0x00800087        0x1 00
                0x00800088                _edata = .
                0x00800088                PROVIDE (__data_end, .)

.bss            0x00800088        0x0
                0x00800088                PROVIDE (__bss_start, .)
 *(.bss)
 .bss           0x00800088        0x0 c:/ayaya/nti 4 month/flashdrive/nti/sdk_win_64/sdk_win_64/winavr/bin/../lib/gcc/avr/4.3.3/../../../../avr/lib/avr5/crtm32.o
 .bss           0x00800088        0x0 ./DIO_Driver/DIO.o
 .bss           0x00800088        0x0 ./LCD_Prog.o
 .bss           0x00800088        0x0 ./main.o
 .bss           0x00800088        0x0 c:/ayaya/nti 4 month/flashdrive/nti/sdk_win_64/sdk_win_64/winavr/bin/../lib/gcc/avr/4.3.3/avr5\libgcc.a(_udivmodsi4.o)
 .bss           0x00800088        0x0 c:/ayaya/nti 4 month/flashdrive/nti/sdk_win_64/sdk_win_64/winavr/bin/../lib/gcc/avr/4.3.3/avr5\libgcc.a(_exit.o)
 .bss           0x00800088        0x0 c:/ayaya/nti 4 month/flashdrive/nti/sdk_win_64/sdk_win_64/winavr/bin/../lib/gcc/avr/4.3.3/avr5\libgcc.a(_copy_data.o)
 *(.bss*)
 *(COMMON)
                0x00800088                PROVIDE (__bss_end, .)
                0x00000a72                __data_load_start = LOADADDR (.data)
                0x00000a9a                __data_load_end = (__data_load_start + SIZEOF (.data))

.noinit         0x00800088        0x0
                0x00800088                PROVIDE (__noinit_start, .)
 *(.noinit*)
                0x00800088                PROVIDE (__noinit_end, .)
                0x00800088                _end = .
                0x00800088                PROVIDE (__heap_start, .)

.eeprom         0x00810000        0x0
 *(.eeprom*)
                0x00810000                __eeprom_end = .

.fuse
 *(.fuse)
 *(.lfuse)
 *(.hfuse)
 *(.efuse)

.lock
 *(.lock*)

.signature
 *(.signature*)

.stab
 *(.stab)

.stabstr
 *(.stabstr)

.stab.excl
 *(.stab.excl)

.stab.exclstr
 *(.stab.exclstr)

.stab.index
 *(.stab.index)

.stab.indexstr
 *(.stab.indexstr)

.comment
 *(.comment)

.debug
 *(.debug)

.line
 *(.line)

.debug_srcinfo
 *(.debug_srcinfo)

.debug_sfnames
 *(.debug_sfnames)

.debug_aranges
 *(.debug_aranges)

.debug_pubnames
 *(.debug_pubnames)

.debug_info
 *(.debug_info)
 *(.gnu.linkonce.wi.*)

.debug_abbrev
 *(.debug_abbrev)

.debug_line
 *(.debug_line)

.debug_frame
 *(.debug_frame)

.debug_str
 *(.debug_str)

.debug_loc
 *(.debug_loc)

.debug_macinfo
 *(.debug_macinfo)
OUTPUT(HAL_LCD_driver.elf elf32-avr)
LOAD linker stubs
