Archive member included because of file (symbol)

e:/mohamed/nti/nti/sdk_win_64/sdk_win_64/winavr/bin/../lib/gcc/avr/4.3.3/avr5\libgcc.a(_udivmodqi4.o)
                              ./HAL/RTC/RTC.o (__udivmodqi4)
e:/mohamed/nti/nti/sdk_win_64/sdk_win_64/winavr/bin/../lib/gcc/avr/4.3.3/avr5\libgcc.a(_udivmodsi4.o)
                              ./MCAL/UART/Uart.o (__udivmodsi4)
e:/mohamed/nti/nti/sdk_win_64/sdk_win_64/winavr/bin/../lib/gcc/avr/4.3.3/avr5\libgcc.a(_exit.o)
                              e:/mohamed/nti/nti/sdk_win_64/sdk_win_64/winavr/bin/../lib/gcc/avr/4.3.3/../../../../avr/lib/avr5/crtm32.o (exit)
e:/mohamed/nti/nti/sdk_win_64/sdk_win_64/winavr/bin/../lib/gcc/avr/4.3.3/avr5\libgcc.a(_copy_data.o)
                              ./MCAL/ADC/ADC_prog.o (__do_copy_data)
e:/mohamed/nti/nti/sdk_win_64/sdk_win_64/winavr/bin/../lib/gcc/avr/4.3.3/avr5\libgcc.a(_clear_bss.o)
                              ./MCAL/UART/Uart.o (__do_clear_bss)
e:/mohamed/nti/nti/sdk_win_64/sdk_win_64/winavr/bin/../lib/gcc/avr/4.3.3/avr5\libgcc.a(_fixunssfsi.o)
                              ./MCAL/I2C/I2C.o (__fixunssfsi)
e:/mohamed/nti/nti/sdk_win_64/sdk_win_64/winavr/bin/../lib/gcc/avr/4.3.3/avr5\libgcc.a(_addsub_sf.o)
                              e:/mohamed/nti/nti/sdk_win_64/sdk_win_64/winavr/bin/../lib/gcc/avr/4.3.3/avr5\libgcc.a(_fixunssfsi.o) (__subsf3)
e:/mohamed/nti/nti/sdk_win_64/sdk_win_64/winavr/bin/../lib/gcc/avr/4.3.3/avr5\libgcc.a(_mul_sf.o)
                              ./HAL/Password/Password.o (__mulsf3)
e:/mohamed/nti/nti/sdk_win_64/sdk_win_64/winavr/bin/../lib/gcc/avr/4.3.3/avr5\libgcc.a(_div_sf.o)
                              ./MCAL/I2C/I2C.o (__divsf3)
e:/mohamed/nti/nti/sdk_win_64/sdk_win_64/winavr/bin/../lib/gcc/avr/4.3.3/avr5\libgcc.a(_gt_sf.o)
                              ./HAL/Password/Password.o (__gtsf2)
e:/mohamed/nti/nti/sdk_win_64/sdk_win_64/winavr/bin/../lib/gcc/avr/4.3.3/avr5\libgcc.a(_ge_sf.o)
                              e:/mohamed/nti/nti/sdk_win_64/sdk_win_64/winavr/bin/../lib/gcc/avr/4.3.3/avr5\libgcc.a(_fixunssfsi.o) (__gesf2)
e:/mohamed/nti/nti/sdk_win_64/sdk_win_64/winavr/bin/../lib/gcc/avr/4.3.3/avr5\libgcc.a(_lt_sf.o)
                              ./HAL/Password/Password.o (__ltsf2)
e:/mohamed/nti/nti/sdk_win_64/sdk_win_64/winavr/bin/../lib/gcc/avr/4.3.3/avr5\libgcc.a(_si_to_sf.o)
                              ./HAL/LED/LED.o (__floatsisf)
e:/mohamed/nti/nti/sdk_win_64/sdk_win_64/winavr/bin/../lib/gcc/avr/4.3.3/avr5\libgcc.a(_sf_to_si.o)
                              e:/mohamed/nti/nti/sdk_win_64/sdk_win_64/winavr/bin/../lib/gcc/avr/4.3.3/avr5\libgcc.a(_fixunssfsi.o) (__fixsfsi)
e:/mohamed/nti/nti/sdk_win_64/sdk_win_64/winavr/bin/../lib/gcc/avr/4.3.3/avr5\libgcc.a(_thenan_sf.o)
                              e:/mohamed/nti/nti/sdk_win_64/sdk_win_64/winavr/bin/../lib/gcc/avr/4.3.3/avr5\libgcc.a(_addsub_sf.o) (__thenan_sf)
e:/mohamed/nti/nti/sdk_win_64/sdk_win_64/winavr/bin/../lib/gcc/avr/4.3.3/avr5\libgcc.a(_prologue.o)
                              e:/mohamed/nti/nti/sdk_win_64/sdk_win_64/winavr/bin/../lib/gcc/avr/4.3.3/avr5\libgcc.a(_addsub_sf.o) (__prologue_saves__)
e:/mohamed/nti/nti/sdk_win_64/sdk_win_64/winavr/bin/../lib/gcc/avr/4.3.3/avr5\libgcc.a(_epilogue.o)
                              e:/mohamed/nti/nti/sdk_win_64/sdk_win_64/winavr/bin/../lib/gcc/avr/4.3.3/avr5\libgcc.a(_addsub_sf.o) (__epilogue_restores__)
e:/mohamed/nti/nti/sdk_win_64/sdk_win_64/winavr/bin/../lib/gcc/avr/4.3.3/avr5\libgcc.a(_clzsi2.o)
                              e:/mohamed/nti/nti/sdk_win_64/sdk_win_64/winavr/bin/../lib/gcc/avr/4.3.3/avr5\libgcc.a(_si_to_sf.o) (__clzsi2)
e:/mohamed/nti/nti/sdk_win_64/sdk_win_64/winavr/bin/../lib/gcc/avr/4.3.3/avr5\libgcc.a(_pack_sf.o)
                              e:/mohamed/nti/nti/sdk_win_64/sdk_win_64/winavr/bin/../lib/gcc/avr/4.3.3/avr5\libgcc.a(_addsub_sf.o) (__pack_f)
e:/mohamed/nti/nti/sdk_win_64/sdk_win_64/winavr/bin/../lib/gcc/avr/4.3.3/avr5\libgcc.a(_unpack_sf.o)
                              e:/mohamed/nti/nti/sdk_win_64/sdk_win_64/winavr/bin/../lib/gcc/avr/4.3.3/avr5\libgcc.a(_addsub_sf.o) (__unpack_f)
e:/mohamed/nti/nti/sdk_win_64/sdk_win_64/winavr/bin/../lib/gcc/avr/4.3.3/avr5\libgcc.a(_fpcmp_parts_sf.o)
                              e:/mohamed/nti/nti/sdk_win_64/sdk_win_64/winavr/bin/../lib/gcc/avr/4.3.3/avr5\libgcc.a(_gt_sf.o) (__fpcmp_parts_f)
e:/mohamed/nti/nti/sdk_win_64/sdk_win_64/winavr/bin/../lib/gcc/avr/4.3.3/avr5\libgcc.a(_clz.o)
                              e:/mohamed/nti/nti/sdk_win_64/sdk_win_64/winavr/bin/../lib/gcc/avr/4.3.3/avr5\libgcc.a(_clzsi2.o) (__clz_tab)

Allocating common symbols
Common symbol       size              file

temp_password       0x1               ./HAL/Password/Password.o
fourth              0x1               ./HAL/Password/Password.o
temp                0x1               ./HAL/Password/Password.o
second              0x1               ./HAL/Password/Password.o
Get_character       0x1               ./HAL/Password/Password.o
buffer              0x14              ./HAL/RTC/RTC.o
login_flag          0x1               ./HAL/Password/Password.o
temp2_password      0x1               ./HAL/Password/Password.o
third               0x1               ./HAL/Password/Password.o
first               0x1               ./HAL/Password/Password.o
Set_flag            0x1               ./HAL/Password/Password.o

Memory Configuration

Name             Origin             Length             Attributes
text             0x00000000         0x00020000         xr
data             0x00800060         0x0000ffa0         rw !x
eeprom           0x00810000         0x00010000         rw !x
fuse             0x00820000         0x00000400         rw !x
lock             0x00830000         0x00000400         rw !x
signature        0x00840000         0x00000400         rw !x
*default*        0x00000000         0xffffffff

Linker script and memory map

LOAD e:/mohamed/nti/nti/sdk_win_64/sdk_win_64/winavr/bin/../lib/gcc/avr/4.3.3/../../../../avr/lib/avr5/crtm32.o
LOAD ./MCAL/UART/Uart.o
LOAD ./MCAL/Timer1/Timer1_prog.o
LOAD ./MCAL/Timer0/Timer0.o
LOAD ./MCAL/I2C/I2C.o
LOAD ./MCAL/I2C/twi.o
LOAD ./MCAL/EXT/External_interrupt.o
LOAD ./MCAL/EEPROM/external_eeprom.o
LOAD ./MCAL/DIO/DIO.o
LOAD ./MCAL/ADC/ADC_prog.o
LOAD ./HAL/RTC/RTC.o
LOAD ./HAL/Password/Password.o
LOAD ./HAL/LED/LED.o
LOAD ./HAL/LCD/lcd_Prog.o
LOAD ./HAL/KeyPad/keypad.o
LOAD ./HAL/IR/IR_Prog.o
LOAD ./HAL/Buzzrer/Buzzer.o
LOAD ./HAL/Button/Button.o
LOAD ./main.o
LOAD e:/mohamed/nti/nti/sdk_win_64/sdk_win_64/winavr/bin/../lib/gcc/avr/4.3.3/avr5\libgcc.a
LOAD e:/mohamed/nti/nti/sdk_win_64/sdk_win_64/winavr/bin/../lib/gcc/avr/4.3.3/../../../../avr/lib/avr5\libc.a
LOAD e:/mohamed/nti/nti/sdk_win_64/sdk_win_64/winavr/bin/../lib/gcc/avr/4.3.3/avr5\libgcc.a

.hash
 *(.hash)

.dynsym
 *(.dynsym)

.dynstr
 *(.dynstr)

.gnu.version
 *(.gnu.version)

.gnu.version_d
 *(.gnu.version_d)

.gnu.version_r
 *(.gnu.version_r)

.rel.init
 *(.rel.init)

.rela.init
 *(.rela.init)

.rel.text
 *(.rel.text)
 *(.rel.text.*)
 *(.rel.gnu.linkonce.t*)

.rela.text
 *(.rela.text)
 *(.rela.text.*)
 *(.rela.gnu.linkonce.t*)

.rel.fini
 *(.rel.fini)

.rela.fini
 *(.rela.fini)

.rel.rodata
 *(.rel.rodata)
 *(.rel.rodata.*)
 *(.rel.gnu.linkonce.r*)

.rela.rodata
 *(.rela.rodata)
 *(.rela.rodata.*)
 *(.rela.gnu.linkonce.r*)

.rel.data
 *(.rel.data)
 *(.rel.data.*)
 *(.rel.gnu.linkonce.d*)

.rela.data
 *(.rela.data)
 *(.rela.data.*)
 *(.rela.gnu.linkonce.d*)

.rel.ctors
 *(.rel.ctors)

.rela.ctors
 *(.rela.ctors)

.rel.dtors
 *(.rel.dtors)

.rela.dtors
 *(.rela.dtors)

.rel.got
 *(.rel.got)

.rela.got
 *(.rela.got)

.rel.bss
 *(.rel.bss)

.rela.bss
 *(.rela.bss)

.rel.plt
 *(.rel.plt)

.rela.plt
 *(.rela.plt)

.text           0x00000000     0x6c44
 *(.vectors)
 .vectors       0x00000000       0x54 e:/mohamed/nti/nti/sdk_win_64/sdk_win_64/winavr/bin/../lib/gcc/avr/4.3.3/../../../../avr/lib/avr5/crtm32.o
                0x00000000                __vectors
                0x00000000                __vector_default
 *(.vectors)
 *(.progmem.gcc*)
 *(.progmem*)
                0x00000054                . = ALIGN (0x2)
                0x00000054                __trampolines_start = .
 *(.trampolines)
 .trampolines   0x00000054        0x0 linker stubs
 *(.trampolines*)
                0x00000054                __trampolines_end = .
 *(.jumptables)
 *(.jumptables*)
 *(.lowtext)
 *(.lowtext*)
                0x00000054                __ctors_start = .
 *(.ctors)
                0x00000054                __ctors_end = .
                0x00000054                __dtors_start = .
 *(.dtors)
                0x00000054                __dtors_end = .
 SORT(*)(.ctors)
 SORT(*)(.dtors)
 *(.init0)
 .init0         0x00000054        0x0 e:/mohamed/nti/nti/sdk_win_64/sdk_win_64/winavr/bin/../lib/gcc/avr/4.3.3/../../../../avr/lib/avr5/crtm32.o
                0x00000054                __init
 *(.init0)
 *(.init1)
 *(.init1)
 *(.init2)
 .init2         0x00000054        0xc e:/mohamed/nti/nti/sdk_win_64/sdk_win_64/winavr/bin/../lib/gcc/avr/4.3.3/../../../../avr/lib/avr5/crtm32.o
 *(.init2)
 *(.init3)
 *(.init3)
 *(.init4)
 .init4         0x00000060       0x16 e:/mohamed/nti/nti/sdk_win_64/sdk_win_64/winavr/bin/../lib/gcc/avr/4.3.3/avr5\libgcc.a(_copy_data.o)
                0x00000060                __do_copy_data
 .init4         0x00000076       0x10 e:/mohamed/nti/nti/sdk_win_64/sdk_win_64/winavr/bin/../lib/gcc/avr/4.3.3/avr5\libgcc.a(_clear_bss.o)
                0x00000076                __do_clear_bss
 *(.init4)
 *(.init5)
 *(.init5)
 *(.init6)
 *(.init6)
 *(.init7)
 *(.init7)
 *(.init8)
 *(.init8)
 *(.init9)
 .init9         0x00000086        0x8 e:/mohamed/nti/nti/sdk_win_64/sdk_win_64/winavr/bin/../lib/gcc/avr/4.3.3/../../../../avr/lib/avr5/crtm32.o
 *(.init9)
 *(.text)
 .text          0x0000008e        0x4 e:/mohamed/nti/nti/sdk_win_64/sdk_win_64/winavr/bin/../lib/gcc/avr/4.3.3/../../../../avr/lib/avr5/crtm32.o
                0x0000008e                __vector_12
                0x0000008e                __bad_interrupt
                0x0000008e                __vector_11
                0x0000008e                __vector_17
                0x0000008e                __vector_19
                0x0000008e                __vector_5
                0x0000008e                __vector_4
                0x0000008e                __vector_10
                0x0000008e                __vector_16
                0x0000008e                __vector_18
                0x0000008e                __vector_20
 .text          0x00000092        0x0 ./MCAL/UART/Uart.o
 .text          0x00000092        0x0 ./MCAL/Timer1/Timer1_prog.o
 .text          0x00000092        0x0 ./MCAL/Timer0/Timer0.o
 .text          0x00000092        0x0 ./MCAL/I2C/I2C.o
 .text          0x00000092        0x0 ./MCAL/I2C/twi.o
 .text          0x00000092        0x0 ./MCAL/EXT/External_interrupt.o
 .text          0x00000092        0x0 ./MCAL/EEPROM/external_eeprom.o
 .text          0x00000092        0x0 ./MCAL/DIO/DIO.o
 .text          0x00000092        0x0 ./MCAL/ADC/ADC_prog.o
 .text          0x00000092        0x0 ./HAL/RTC/RTC.o
 .text          0x00000092        0x0 ./HAL/Password/Password.o
 .text          0x00000092        0x0 ./HAL/LED/LED.o
 .text          0x00000092        0x0 ./HAL/LCD/lcd_Prog.o
 .text          0x00000092        0x0 ./HAL/KeyPad/keypad.o
 .text          0x00000092        0x0 ./HAL/IR/IR_Prog.o
 .text          0x00000092        0x0 ./HAL/Buzzrer/Buzzer.o
 .text          0x00000092        0x0 ./HAL/Button/Button.o
 .text          0x00000092        0x0 ./main.o
 .text          0x00000092        0x0 e:/mohamed/nti/nti/sdk_win_64/sdk_win_64/winavr/bin/../lib/gcc/avr/4.3.3/avr5\libgcc.a(_udivmodqi4.o)
 .text          0x00000092        0x0 e:/mohamed/nti/nti/sdk_win_64/sdk_win_64/winavr/bin/../lib/gcc/avr/4.3.3/avr5\libgcc.a(_udivmodsi4.o)
 .text          0x00000092        0x0 e:/mohamed/nti/nti/sdk_win_64/sdk_win_64/winavr/bin/../lib/gcc/avr/4.3.3/avr5\libgcc.a(_exit.o)
 .text          0x00000092        0x0 e:/mohamed/nti/nti/sdk_win_64/sdk_win_64/winavr/bin/../lib/gcc/avr/4.3.3/avr5\libgcc.a(_copy_data.o)
 .text          0x00000092        0x0 e:/mohamed/nti/nti/sdk_win_64/sdk_win_64/winavr/bin/../lib/gcc/avr/4.3.3/avr5\libgcc.a(_clear_bss.o)
 .text          0x00000092       0x58 e:/mohamed/nti/nti/sdk_win_64/sdk_win_64/winavr/bin/../lib/gcc/avr/4.3.3/avr5\libgcc.a(_fixunssfsi.o)
                0x00000092                __fixunssfsi
 .text          0x000000ea      0x354 e:/mohamed/nti/nti/sdk_win_64/sdk_win_64/winavr/bin/../lib/gcc/avr/4.3.3/avr5\libgcc.a(_addsub_sf.o)
                0x00000382                __subsf3
                0x000003e4                __addsf3
 .text          0x0000043e      0x1f4 e:/mohamed/nti/nti/sdk_win_64/sdk_win_64/winavr/bin/../lib/gcc/avr/4.3.3/avr5\libgcc.a(_mul_sf.o)
                0x0000043e                __mulsf3
 .text          0x00000632      0x158 e:/mohamed/nti/nti/sdk_win_64/sdk_win_64/winavr/bin/../lib/gcc/avr/4.3.3/avr5\libgcc.a(_div_sf.o)
                0x00000632                __divsf3
 .text          0x0000078a       0x60 e:/mohamed/nti/nti/sdk_win_64/sdk_win_64/winavr/bin/../lib/gcc/avr/4.3.3/avr5\libgcc.a(_gt_sf.o)
                0x0000078a                __gtsf2
 .text          0x000007ea       0x60 e:/mohamed/nti/nti/sdk_win_64/sdk_win_64/winavr/bin/../lib/gcc/avr/4.3.3/avr5\libgcc.a(_ge_sf.o)
                0x000007ea                __gesf2
 .text          0x0000084a       0x60 e:/mohamed/nti/nti/sdk_win_64/sdk_win_64/winavr/bin/../lib/gcc/avr/4.3.3/avr5\libgcc.a(_lt_sf.o)
                0x0000084a                __ltsf2
 .text          0x000008aa       0xbc e:/mohamed/nti/nti/sdk_win_64/sdk_win_64/winavr/bin/../lib/gcc/avr/4.3.3/avr5\libgcc.a(_si_to_sf.o)
                0x000008aa                __floatsisf
 .text          0x00000966       0xa8 e:/mohamed/nti/nti/sdk_win_64/sdk_win_64/winavr/bin/../lib/gcc/avr/4.3.3/avr5\libgcc.a(_sf_to_si.o)
                0x00000966                __fixsfsi
 .text          0x00000a0e        0x0 e:/mohamed/nti/nti/sdk_win_64/sdk_win_64/winavr/bin/../lib/gcc/avr/4.3.3/avr5\libgcc.a(_thenan_sf.o)
 .text          0x00000a0e        0x0 e:/mohamed/nti/nti/sdk_win_64/sdk_win_64/winavr/bin/../lib/gcc/avr/4.3.3/avr5\libgcc.a(_prologue.o)
 .text          0x00000a0e        0x0 e:/mohamed/nti/nti/sdk_win_64/sdk_win_64/winavr/bin/../lib/gcc/avr/4.3.3/avr5\libgcc.a(_epilogue.o)
 .text          0x00000a0e       0x9e e:/mohamed/nti/nti/sdk_win_64/sdk_win_64/winavr/bin/../lib/gcc/avr/4.3.3/avr5\libgcc.a(_clzsi2.o)
                0x00000a0e                __clzsi2
 .text          0x00000aac      0x1aa e:/mohamed/nti/nti/sdk_win_64/sdk_win_64/winavr/bin/../lib/gcc/avr/4.3.3/avr5\libgcc.a(_pack_sf.o)
                0x00000aac                __pack_f
 .text          0x00000c56       0xf0 e:/mohamed/nti/nti/sdk_win_64/sdk_win_64/winavr/bin/../lib/gcc/avr/4.3.3/avr5\libgcc.a(_unpack_sf.o)
                0x00000c56                __unpack_f
 .text          0x00000d46       0xb2 e:/mohamed/nti/nti/sdk_win_64/sdk_win_64/winavr/bin/../lib/gcc/avr/4.3.3/avr5\libgcc.a(_fpcmp_parts_sf.o)
                0x00000d46                __fpcmp_parts_f
 .text          0x00000df8        0x0 e:/mohamed/nti/nti/sdk_win_64/sdk_win_64/winavr/bin/../lib/gcc/avr/4.3.3/avr5\libgcc.a(_clz.o)
                0x00000df8                . = ALIGN (0x2)
 *(.text.*)
 .text.MCAL_UART_init
                0x00000df8       0xbc ./MCAL/UART/Uart.o
                0x00000df8                MCAL_UART_init
 .text.MCAL_UART_send_sysch
                0x00000eb4       0x34 ./MCAL/UART/Uart.o
                0x00000eb4                MCAL_UART_send_sysch
 .text.MCAL_UART_TXC_Enable
                0x00000ee8       0x26 ./MCAL/UART/Uart.o
                0x00000ee8                MCAL_UART_TXC_Enable
 .text.MCAL_UART_UDRE_Enable
                0x00000f0e       0x26 ./MCAL/UART/Uart.o
                0x00000f0e                MCAL_UART_UDRE_Enable
 .text.MCAL_UART_send_str_sysch
                0x00000f34       0x5e ./MCAL/UART/Uart.o
                0x00000f34                MCAL_UART_send_str_sysch
 .text.MCAL_UART_receive_sysch
                0x00000f92       0x28 ./MCAL/UART/Uart.o
                0x00000f92                MCAL_UART_receive_sysch
 .text.MCAL_UART_RXC_Enable
                0x00000fba       0x26 ./MCAL/UART/Uart.o
                0x00000fba                MCAL_UART_RXC_Enable
 .text.MCAL_UART_setCAllBACK
                0x00000fe0       0x90 ./MCAL/UART/Uart.o
                0x00000fe0                MCAL_UART_setCAllBACK
 .text.__vector_13
                0x00001070       0x66 ./MCAL/UART/Uart.o
                0x00001070                __vector_13
 .text.__vector_15
                0x000010d6       0x66 ./MCAL/UART/Uart.o
                0x000010d6                __vector_15
 .text.__vector_14
                0x0000113c       0x66 ./MCAL/UART/Uart.o
                0x0000113c                __vector_14
 .text.Timer1_Init
                0x000011a2      0x1f8 ./MCAL/Timer1/Timer1_prog.o
                0x000011a2                Timer1_Init
 .text.Timer1_OCRA1Mode
                0x0000139a       0xd4 ./MCAL/Timer1/Timer1_prog.o
                0x0000139a                Timer1_OCRA1Mode
 .text.Timer1_OCRB1Mode
                0x0000146e       0xd4 ./MCAL/Timer1/Timer1_prog.o
                0x0000146e                Timer1_OCRB1Mode
 .text.Timer1_InputCaptureEdge
                0x00001542       0x44 ./MCAL/Timer1/Timer1_prog.o
                0x00001542                Timer1_InputCaptureEdge
 .text.Timer1_ICU_InterruptEnable
                0x00001586       0x1c ./MCAL/Timer1/Timer1_prog.o
                0x00001586                Timer1_ICU_InterruptEnable
 .text.Timer1_ICU_InterruptDisable
                0x000015a2       0x1c ./MCAL/Timer1/Timer1_prog.o
                0x000015a2                Timer1_ICU_InterruptDisable
 .text.Timer1_OVF_InterruptEnable
                0x000015be       0x1c ./MCAL/Timer1/Timer1_prog.o
                0x000015be                Timer1_OVF_InterruptEnable
 .text.Timer1_OVF_InterruptDisable
                0x000015da       0x1c ./MCAL/Timer1/Timer1_prog.o
                0x000015da                Timer1_OVF_InterruptDisable
 .text.Timer1_OCA_InterruptEnable
                0x000015f6       0x1c ./MCAL/Timer1/Timer1_prog.o
                0x000015f6                Timer1_OCA_InterruptEnable
 .text.Timer1_OCA_InterruptDisable
                0x00001612       0x1c ./MCAL/Timer1/Timer1_prog.o
                0x00001612                Timer1_OCA_InterruptDisable
 .text.Timer1_OCB_InterruptEnable
                0x0000162e       0x1c ./MCAL/Timer1/Timer1_prog.o
                0x0000162e                Timer1_OCB_InterruptEnable
 .text.Timer1_OCB_InterruptDisable
                0x0000164a       0x1c ./MCAL/Timer1/Timer1_prog.o
                0x0000164a                Timer1_OCB_InterruptDisable
 .text.Timer1_OVF_SetCallBack
                0x00001666       0x3e ./MCAL/Timer1/Timer1_prog.o
                0x00001666                Timer1_OVF_SetCallBack
 .text.Timer1_OCA_SetCallBack
                0x000016a4       0x3e ./MCAL/Timer1/Timer1_prog.o
                0x000016a4                Timer1_OCA_SetCallBack
 .text.Timer1_OCB_SetCallBack
                0x000016e2       0x3e ./MCAL/Timer1/Timer1_prog.o
                0x000016e2                Timer1_OCB_SetCallBack
 .text.Timer1_ICU_SetCallBack
                0x00001720       0x3e ./MCAL/Timer1/Timer1_prog.o
                0x00001720                Timer1_ICU_SetCallBack
 .text.__vector_9
                0x0000175e       0x66 ./MCAL/Timer1/Timer1_prog.o
                0x0000175e                __vector_9
 .text.__vector_7
                0x000017c4       0x66 ./MCAL/Timer1/Timer1_prog.o
                0x000017c4                __vector_7
 .text.__vector_8
                0x0000182a       0x66 ./MCAL/Timer1/Timer1_prog.o
                0x0000182a                __vector_8
 .text.__vector_6
                0x00001890       0x66 ./MCAL/Timer1/Timer1_prog.o
                0x00001890                __vector_6
 .text.MCAL_Timer0_OVF_Init
                0x000018f6       0xd8 ./MCAL/Timer0/Timer0.o
                0x000018f6                MCAL_Timer0_OVF_Init
 .text.MCAL_Timer0_CTC_Init
                0x000019ce       0xf4 ./MCAL/Timer0/Timer0.o
                0x000019ce                MCAL_Timer0_CTC_Init
 .text.MCAL_Timer0_FastPWM_Init
                0x00001ac2      0x102 ./MCAL/Timer0/Timer0.o
                0x00001ac2                MCAL_Timer0_FastPWM_Init
 .text.MCAL_Timer0_PCPWM_Init
                0x00001bc4       0xf4 ./MCAL/Timer0/Timer0.o
                0x00001bc4                MCAL_Timer0_PCPWM_Init
 .text.I2C_Init
                0x00001cb8       0x48 ./MCAL/I2C/I2C.o
                0x00001cb8                I2C_Init
 .text.I2C_Start
                0x00001d00       0x82 ./MCAL/I2C/I2C.o
                0x00001d00                I2C_Start
 .text.I2C_Repeated_Start
                0x00001d82       0x82 ./MCAL/I2C/I2C.o
                0x00001d82                I2C_Repeated_Start
 .text.I2C_Stop
                0x00001e04       0x28 ./MCAL/I2C/I2C.o
                0x00001e04                I2C_Stop
 .text.I2C_Start_Wait
                0x00001e2c       0x68 ./MCAL/I2C/I2C.o
                0x00001e2c                I2C_Start_Wait
 .text.I2C_Write
                0x00001e94       0x5a ./MCAL/I2C/I2C.o
                0x00001e94                I2C_Write
 .text.I2C_Read_Ack
                0x00001eee       0x2a ./MCAL/I2C/I2C.o
                0x00001eee                I2C_Read_Ack
 .text.I2C_Read_Nack
                0x00001f18       0x2a ./MCAL/I2C/I2C.o
                0x00001f18                I2C_Read_Nack
 .text.TWI_init
                0x00001f42       0x2c ./MCAL/I2C/twi.o
                0x00001f42                TWI_init
 .text.TWI_start
                0x00001f6e       0x20 ./MCAL/I2C/twi.o
                0x00001f6e                TWI_start
 .text.TWI_stop
                0x00001f8e       0x16 ./MCAL/I2C/twi.o
                0x00001f8e                TWI_stop
 .text.TWI_writeByte
                0x00001fa4       0x2e ./MCAL/I2C/twi.o
                0x00001fa4                TWI_writeByte
 .text.TWI_readByteWithACK
                0x00001fd2       0x26 ./MCAL/I2C/twi.o
                0x00001fd2                TWI_readByteWithACK
 .text.TWI_readByteWithNACK
                0x00001ff8       0x26 ./MCAL/I2C/twi.o
                0x00001ff8                TWI_readByteWithNACK
 .text.TWI_getStatus
                0x0000201e       0x1e ./MCAL/I2C/twi.o
                0x0000201e                TWI_getStatus
 .text.MCAL_EXT_INT_0_init
                0x0000203c       0xca ./MCAL/EXT/External_interrupt.o
                0x0000203c                MCAL_EXT_INT_0_init
 .text.MCAL_EXT_INT_1_init
                0x00002106       0xca ./MCAL/EXT/External_interrupt.o
                0x00002106                MCAL_EXT_INT_1_init
 .text.MCAL_EXT_INT_2_init
                0x000021d0       0x80 ./MCAL/EXT/External_interrupt.o
                0x000021d0                MCAL_EXT_INT_2_init
 .text.MCAL_Ext_INT_setCallBack
                0x00002250       0x90 ./MCAL/EXT/External_interrupt.o
                0x00002250                MCAL_Ext_INT_setCallBack
 .text.__vector_1
                0x000022e0       0x66 ./MCAL/EXT/External_interrupt.o
                0x000022e0                __vector_1
 .text.__vector_2
                0x00002346       0x66 ./MCAL/EXT/External_interrupt.o
                0x00002346                __vector_2
 .text.__vector_3
                0x000023ac       0x66 ./MCAL/EXT/External_interrupt.o
                0x000023ac                __vector_3
 .text.EEPROM_writeByte
                0x00002412       0x82 ./MCAL/EEPROM/external_eeprom.o
                0x00002412                EEPROM_writeByte
 .text.EEPROM_readByte
                0x00002494       0xc0 ./MCAL/EEPROM/external_eeprom.o
                0x00002494                EEPROM_readByte
 .text.MCAL_Dio_Init
                0x00002554      0x116 ./MCAL/DIO/DIO.o
                0x00002554                MCAL_Dio_Init
 .text.MCAL_Dio_SetPortDirection
                0x0000266a       0xbe ./MCAL/DIO/DIO.o
                0x0000266a                MCAL_Dio_SetPortDirection
 .text.MCAL_Dio_SetPinDirection
                0x00002728      0x116 ./MCAL/DIO/DIO.o
                0x00002728                MCAL_Dio_SetPinDirection
 .text.MCAL_Dio_ReadPort
                0x0000283e       0xba ./MCAL/DIO/DIO.o
                0x0000283e                MCAL_Dio_ReadPort
 .text.MCAL_Dio_ReadPin
                0x000028f8      0x136 ./MCAL/DIO/DIO.o
                0x000028f8                MCAL_Dio_ReadPin
 .text.MCAL_Dio_WritePort
                0x00002a2e       0xa2 ./MCAL/DIO/DIO.o
                0x00002a2e                MCAL_Dio_WritePort
 .text.MCAL_Dio_WritePin
                0x00002ad0      0x114 ./MCAL/DIO/DIO.o
                0x00002ad0                MCAL_Dio_WritePin
 .text.MCAL_Dio_WriteSinglePin
                0x00002be4      0x222 ./MCAL/DIO/DIO.o
                0x00002be4                MCAL_Dio_WriteSinglePin
 .text.MCAL_Dio_ReadSinglePin
                0x00002e06      0x162 ./MCAL/DIO/DIO.o
                0x00002e06                MCAL_Dio_ReadSinglePin
 .text.MCAL_Dio_TogglePin
                0x00002f68      0x15a ./MCAL/DIO/DIO.o
                0x00002f68                MCAL_Dio_TogglePin
 .text.MCAL_ADC_INIT
                0x000030c2       0xea ./MCAL/ADC/ADC_prog.o
                0x000030c2                MCAL_ADC_INIT
 .text.MCAL_ADC_READ
                0x000031ac       0x62 ./MCAL/ADC/ADC_prog.o
                0x000031ac                MCAL_ADC_READ
 .text.HAL_RTC_Init
                0x0000320e      0x21c ./HAL/RTC/RTC.o
                0x0000320e                HAL_RTC_Init
 .text.HAL_RTC_ReadTime
                0x0000342a       0x54 ./HAL/RTC/RTC.o
                0x0000342a                HAL_RTC_ReadTime
 .text.HAL_RTC_ReadDate
                0x0000347e       0x78 ./HAL/RTC/RTC.o
                0x0000347e                HAL_RTC_ReadDate
 .text.Enter_Password
                0x000034f6      0xb06 ./HAL/Password/Password.o
                0x000034f6                Enter_Password
 .text.Login    0x00003ffc      0x392 ./HAL/Password/Password.o
                0x00003ffc                Login
 .text.HAL_LED_INIT
                0x0000438e       0x40 ./HAL/LED/LED.o
                0x0000438e                HAL_LED_INIT
 .text.HAL_LED_ON
                0x000043ce       0x40 ./HAL/LED/LED.o
                0x000043ce                HAL_LED_ON
 .text.HAL_LED_OFF
                0x0000440e       0x40 ./HAL/LED/LED.o
                0x0000440e                HAL_LED_OFF
 .text.HAL_LED_TOGGLE
                0x0000444e      0x242 ./HAL/LED/LED.o
                0x0000444e                HAL_LED_TOGGLE
 .text.HAL_LCD_init
                0x00004690      0x550 ./HAL/LCD/lcd_Prog.o
                0x00004690                HAL_LCD_init
 .text.HAL_LCD_sendCommand
                0x00004be0      0xc50 ./HAL/LCD/lcd_Prog.o
                0x00004be0                HAL_LCD_sendCommand
 .text.HAL_LCD_sendCharacter
                0x00005830      0xa68 ./HAL/LCD/lcd_Prog.o
                0x00005830                HAL_LCD_sendCharacter
 .text.HAL_LCD_sendString
                0x00006298       0x5c ./HAL/LCD/lcd_Prog.o
                0x00006298                HAL_LCD_sendString
 .text.HAL_LCD_clearScreen
                0x000062f4      0x120 ./HAL/LCD/lcd_Prog.o
                0x000062f4                HAL_LCD_clearScreen
 .text.HAL_LCD_displaystringRowColumn
                0x00006414       0x40 ./HAL/LCD/lcd_Prog.o
                0x00006414                HAL_LCD_displaystringRowColumn
 .text.HAL_LCD_goToRowColumn
                0x00006454       0x9e ./HAL/LCD/lcd_Prog.o
                0x00006454                HAL_LCD_goToRowColumn
 .text.HAL_LCD_integerToString
                0x000064f2      0x140 ./HAL/LCD/lcd_Prog.o
                0x000064f2                HAL_LCD_integerToString
 .text.HAL_LCD_displayIntegerRowColumn
                0x00006632       0x54 ./HAL/LCD/lcd_Prog.o
                0x00006632                HAL_LCD_displayIntegerRowColumn
 .text.HAL_KPD_init
                0x00006686       0x6e ./HAL/KeyPad/keypad.o
                0x00006686                HAL_KPD_init
 .text.HAL_KPD_getKey
                0x000066f4      0x29a ./HAL/KeyPad/keypad.o
                0x000066f4                HAL_KPD_getKey
 .text.HAL_IR_Init
                0x0000698e       0x2a ./HAL/IR/IR_Prog.o
                0x0000698e                HAL_IR_Init
 .text.HAL_IR_Read
                0x000069b8       0x2c ./HAL/IR/IR_Prog.o
                0x000069b8                HAL_IR_Read
 .text.HAL_BUZZER_INIT
                0x000069e4       0x40 ./HAL/Buzzrer/Buzzer.o
                0x000069e4                HAL_BUZZER_INIT
 .text.HAL_BUZZER_ON
                0x00006a24       0x40 ./HAL/Buzzrer/Buzzer.o
                0x00006a24                HAL_BUZZER_ON
 .text.HAL_BUZZER_OFF
                0x00006a64       0x40 ./HAL/Buzzrer/Buzzer.o
                0x00006a64                HAL_BUZZER_OFF
 .text.HAL_BUTTON_init
                0x00006aa4       0x34 ./HAL/Button/Button.o
                0x00006aa4                HAL_BUTTON_init
 .text.HAL_BUTTON_read
                0x00006ad8       0x42 ./HAL/Button/Button.o
                0x00006ad8                HAL_BUTTON_read
 .text.HAL_BUTTON_set_pullup
                0x00006b1a       0x34 ./HAL/Button/Button.o
                0x00006b1a                HAL_BUTTON_set_pullup
 .text.main     0x00006b4e       0x28 ./main.o
                0x00006b4e                main
 .text.libgcc   0x00006b76       0x18 e:/mohamed/nti/nti/sdk_win_64/sdk_win_64/winavr/bin/../lib/gcc/avr/4.3.3/avr5\libgcc.a(_udivmodqi4.o)
                0x00006b76                __udivmodqi4
 .text.libgcc   0x00006b8e       0x44 e:/mohamed/nti/nti/sdk_win_64/sdk_win_64/winavr/bin/../lib/gcc/avr/4.3.3/avr5\libgcc.a(_udivmodsi4.o)
                0x00006b8e                __udivmodsi4
 .text.libgcc   0x00006bd2        0x0 e:/mohamed/nti/nti/sdk_win_64/sdk_win_64/winavr/bin/../lib/gcc/avr/4.3.3/avr5\libgcc.a(_exit.o)
 .text.libgcc   0x00006bd2        0x0 e:/mohamed/nti/nti/sdk_win_64/sdk_win_64/winavr/bin/../lib/gcc/avr/4.3.3/avr5\libgcc.a(_copy_data.o)
 .text.libgcc   0x00006bd2        0x0 e:/mohamed/nti/nti/sdk_win_64/sdk_win_64/winavr/bin/../lib/gcc/avr/4.3.3/avr5\libgcc.a(_clear_bss.o)
 .text.libgcc   0x00006bd2       0x38 e:/mohamed/nti/nti/sdk_win_64/sdk_win_64/winavr/bin/../lib/gcc/avr/4.3.3/avr5\libgcc.a(_prologue.o)
                0x00006bd2                __prologue_saves__
 .text.libgcc   0x00006c0a       0x36 e:/mohamed/nti/nti/sdk_win_64/sdk_win_64/winavr/bin/../lib/gcc/avr/4.3.3/avr5\libgcc.a(_epilogue.o)
                0x00006c0a                __epilogue_restores__
                0x00006c40                . = ALIGN (0x2)
 *(.fini9)
 .fini9         0x00006c40        0x0 e:/mohamed/nti/nti/sdk_win_64/sdk_win_64/winavr/bin/../lib/gcc/avr/4.3.3/avr5\libgcc.a(_exit.o)
                0x00006c40                exit
                0x00006c40                _exit
 *(.fini9)
 *(.fini8)
 *(.fini8)
 *(.fini7)
 *(.fini7)
 *(.fini6)
 *(.fini6)
 *(.fini5)
 *(.fini5)
 *(.fini4)
 *(.fini4)
 *(.fini3)
 *(.fini3)
 *(.fini2)
 *(.fini2)
 *(.fini1)
 *(.fini1)
 *(.fini0)
 .fini0         0x00006c40        0x4 e:/mohamed/nti/nti/sdk_win_64/sdk_win_64/winavr/bin/../lib/gcc/avr/4.3.3/avr5\libgcc.a(_exit.o)
 *(.fini0)
                0x00006c44                _etext = .

.data           0x00800060      0x162 load address 0x00006c44
                0x00800060                PROVIDE (__data_start, .)
 *(.data)
 .data          0x00800060        0x0 e:/mohamed/nti/nti/sdk_win_64/sdk_win_64/winavr/bin/../lib/gcc/avr/4.3.3/../../../../avr/lib/avr5/crtm32.o
 .data          0x00800060        0x0 ./MCAL/UART/Uart.o
 .data          0x00800060        0x0 ./MCAL/Timer1/Timer1_prog.o
 .data          0x00800060        0x0 ./MCAL/Timer0/Timer0.o
 .data          0x00800060        0x0 ./MCAL/I2C/I2C.o
 .data          0x00800060        0x0 ./MCAL/I2C/twi.o
 .data          0x00800060        0x0 ./MCAL/EXT/External_interrupt.o
 .data          0x00800060        0x0 ./MCAL/EEPROM/external_eeprom.o
 .data          0x00800060        0x0 ./MCAL/DIO/DIO.o
 .data          0x00800060        0x0 ./MCAL/ADC/ADC_prog.o
 .data          0x00800060        0x0 ./HAL/RTC/RTC.o
 .data          0x00800060       0x26 ./HAL/Password/Password.o
 .data          0x00800086        0x0 ./HAL/LED/LED.o
 .data          0x00800086        0x0 ./HAL/LCD/lcd_Prog.o
 .data          0x00800086        0x0 ./HAL/KeyPad/keypad.o
 .data          0x00800086        0x0 ./HAL/IR/IR_Prog.o
 .data          0x00800086        0x0 ./HAL/Buzzrer/Buzzer.o
 .data          0x00800086        0x0 ./HAL/Button/Button.o
 .data          0x00800086        0x5 ./main.o
 .data          0x0080008b        0x0 e:/mohamed/nti/nti/sdk_win_64/sdk_win_64/winavr/bin/../lib/gcc/avr/4.3.3/avr5\libgcc.a(_udivmodqi4.o)
 .data          0x0080008b        0x0 e:/mohamed/nti/nti/sdk_win_64/sdk_win_64/winavr/bin/../lib/gcc/avr/4.3.3/avr5\libgcc.a(_udivmodsi4.o)
 .data          0x0080008b        0x0 e:/mohamed/nti/nti/sdk_win_64/sdk_win_64/winavr/bin/../lib/gcc/avr/4.3.3/avr5\libgcc.a(_exit.o)
 .data          0x0080008b        0x0 e:/mohamed/nti/nti/sdk_win_64/sdk_win_64/winavr/bin/../lib/gcc/avr/4.3.3/avr5\libgcc.a(_copy_data.o)
 .data          0x0080008b        0x0 e:/mohamed/nti/nti/sdk_win_64/sdk_win_64/winavr/bin/../lib/gcc/avr/4.3.3/avr5\libgcc.a(_clear_bss.o)
 .data          0x0080008b        0x0 e:/mohamed/nti/nti/sdk_win_64/sdk_win_64/winavr/bin/../lib/gcc/avr/4.3.3/avr5\libgcc.a(_fixunssfsi.o)
 .data          0x0080008b        0x0 e:/mohamed/nti/nti/sdk_win_64/sdk_win_64/winavr/bin/../lib/gcc/avr/4.3.3/avr5\libgcc.a(_addsub_sf.o)
 .data          0x0080008b        0x0 e:/mohamed/nti/nti/sdk_win_64/sdk_win_64/winavr/bin/../lib/gcc/avr/4.3.3/avr5\libgcc.a(_mul_sf.o)
 .data          0x0080008b        0x0 e:/mohamed/nti/nti/sdk_win_64/sdk_win_64/winavr/bin/../lib/gcc/avr/4.3.3/avr5\libgcc.a(_div_sf.o)
 .data          0x0080008b        0x0 e:/mohamed/nti/nti/sdk_win_64/sdk_win_64/winavr/bin/../lib/gcc/avr/4.3.3/avr5\libgcc.a(_gt_sf.o)
 .data          0x0080008b        0x0 e:/mohamed/nti/nti/sdk_win_64/sdk_win_64/winavr/bin/../lib/gcc/avr/4.3.3/avr5\libgcc.a(_ge_sf.o)
 .data          0x0080008b        0x0 e:/mohamed/nti/nti/sdk_win_64/sdk_win_64/winavr/bin/../lib/gcc/avr/4.3.3/avr5\libgcc.a(_lt_sf.o)
 .data          0x0080008b        0x0 e:/mohamed/nti/nti/sdk_win_64/sdk_win_64/winavr/bin/../lib/gcc/avr/4.3.3/avr5\libgcc.a(_si_to_sf.o)
 .data          0x0080008b        0x0 e:/mohamed/nti/nti/sdk_win_64/sdk_win_64/winavr/bin/../lib/gcc/avr/4.3.3/avr5\libgcc.a(_sf_to_si.o)
 .data          0x0080008b        0x8 e:/mohamed/nti/nti/sdk_win_64/sdk_win_64/winavr/bin/../lib/gcc/avr/4.3.3/avr5\libgcc.a(_thenan_sf.o)
                0x0080008b                __thenan_sf
 .data          0x00800093        0x0 e:/mohamed/nti/nti/sdk_win_64/sdk_win_64/winavr/bin/../lib/gcc/avr/4.3.3/avr5\libgcc.a(_prologue.o)
 .data          0x00800093        0x0 e:/mohamed/nti/nti/sdk_win_64/sdk_win_64/winavr/bin/../lib/gcc/avr/4.3.3/avr5\libgcc.a(_epilogue.o)
 .data          0x00800093        0x0 e:/mohamed/nti/nti/sdk_win_64/sdk_win_64/winavr/bin/../lib/gcc/avr/4.3.3/avr5\libgcc.a(_clzsi2.o)
 .data          0x00800093        0x0 e:/mohamed/nti/nti/sdk_win_64/sdk_win_64/winavr/bin/../lib/gcc/avr/4.3.3/avr5\libgcc.a(_pack_sf.o)
 .data          0x00800093        0x0 e:/mohamed/nti/nti/sdk_win_64/sdk_win_64/winavr/bin/../lib/gcc/avr/4.3.3/avr5\libgcc.a(_unpack_sf.o)
 .data          0x00800093        0x0 e:/mohamed/nti/nti/sdk_win_64/sdk_win_64/winavr/bin/../lib/gcc/avr/4.3.3/avr5\libgcc.a(_fpcmp_parts_sf.o)
 .data          0x00800093      0x100 e:/mohamed/nti/nti/sdk_win_64/sdk_win_64/winavr/bin/../lib/gcc/avr/4.3.3/avr5\libgcc.a(_clz.o)
                0x00800093                __clz_tab
 *(.data*)
 .data.vref     0x00800193        0x1 ./MCAL/ADC/ADC_prog.o
 .data.scaler   0x00800194        0x1 ./MCAL/ADC/ADC_prog.o
 .data.time     0x00800195        0x2 ./HAL/LED/LED.o
 .data.keypad_keys
                0x00800197       0x10 ./HAL/KeyPad/keypad.o
                0x00800197                keypad_keys
 *(.rodata)
 *(.rodata*)
 .rodata.C.4.1345
                0x008001a7        0x3 ./HAL/LCD/lcd_Prog.o
 .rodata.C.2.1343
                0x008001aa        0x3 ./HAL/LCD/lcd_Prog.o
 .rodata.C.0.1341
                0x008001ad        0x3 ./HAL/LCD/lcd_Prog.o
 .rodata.C.9.1396
                0x008001b0        0x3 ./HAL/LCD/lcd_Prog.o
 .rodata.C.8.1395
                0x008001b3        0x3 ./HAL/LCD/lcd_Prog.o
 .rodata.C.6.1393
                0x008001b6        0x3 ./HAL/LCD/lcd_Prog.o
 .rodata.C.19.1499
                0x008001b9        0x3 ./HAL/LCD/lcd_Prog.o
 .rodata.C.18.1498
                0x008001bc        0x3 ./HAL/LCD/lcd_Prog.o
 .rodata.C.16.1496
                0x008001bf        0x3 ./HAL/LCD/lcd_Prog.o
 *(.gnu.linkonce.d*)
                0x008001c2                . = ALIGN (0x2)
                0x008001c2                _edata = .
                0x008001c2                PROVIDE (__data_end, .)

.bss            0x008001c2       0x38
                0x008001c2                PROVIDE (__bss_start, .)
 *(.bss)
 .bss           0x008001c2        0x0 e:/mohamed/nti/nti/sdk_win_64/sdk_win_64/winavr/bin/../lib/gcc/avr/4.3.3/../../../../avr/lib/avr5/crtm32.o
 .bss           0x008001c2        0x0 ./MCAL/UART/Uart.o
 .bss           0x008001c2        0x0 ./MCAL/Timer1/Timer1_prog.o
 .bss           0x008001c2        0x0 ./MCAL/Timer0/Timer0.o
 .bss           0x008001c2        0x0 ./MCAL/I2C/I2C.o
 .bss           0x008001c2        0x0 ./MCAL/I2C/twi.o
 .bss           0x008001c2        0x0 ./MCAL/EXT/External_interrupt.o
 .bss           0x008001c2        0x0 ./MCAL/EEPROM/external_eeprom.o
 .bss           0x008001c2        0x0 ./MCAL/DIO/DIO.o
 .bss           0x008001c2        0x0 ./MCAL/ADC/ADC_prog.o
 .bss           0x008001c2        0x0 ./HAL/RTC/RTC.o
 .bss           0x008001c2        0x0 ./HAL/Password/Password.o
 .bss           0x008001c2        0x0 ./HAL/LED/LED.o
 .bss           0x008001c2        0x0 ./HAL/LCD/lcd_Prog.o
 .bss           0x008001c2        0x0 ./HAL/KeyPad/keypad.o
 .bss           0x008001c2        0x0 ./HAL/IR/IR_Prog.o
 .bss           0x008001c2        0x0 ./HAL/Buzzrer/Buzzer.o
 .bss           0x008001c2        0x0 ./HAL/Button/Button.o
 .bss           0x008001c2        0x0 ./main.o
 .bss           0x008001c2        0x0 e:/mohamed/nti/nti/sdk_win_64/sdk_win_64/winavr/bin/../lib/gcc/avr/4.3.3/avr5\libgcc.a(_udivmodqi4.o)
 .bss           0x008001c2        0x0 e:/mohamed/nti/nti/sdk_win_64/sdk_win_64/winavr/bin/../lib/gcc/avr/4.3.3/avr5\libgcc.a(_udivmodsi4.o)
 .bss           0x008001c2        0x0 e:/mohamed/nti/nti/sdk_win_64/sdk_win_64/winavr/bin/../lib/gcc/avr/4.3.3/avr5\libgcc.a(_exit.o)
 .bss           0x008001c2        0x0 e:/mohamed/nti/nti/sdk_win_64/sdk_win_64/winavr/bin/../lib/gcc/avr/4.3.3/avr5\libgcc.a(_copy_data.o)
 .bss           0x008001c2        0x0 e:/mohamed/nti/nti/sdk_win_64/sdk_win_64/winavr/bin/../lib/gcc/avr/4.3.3/avr5\libgcc.a(_clear_bss.o)
 .bss           0x008001c2        0x0 e:/mohamed/nti/nti/sdk_win_64/sdk_win_64/winavr/bin/../lib/gcc/avr/4.3.3/avr5\libgcc.a(_fixunssfsi.o)
 .bss           0x008001c2        0x0 e:/mohamed/nti/nti/sdk_win_64/sdk_win_64/winavr/bin/../lib/gcc/avr/4.3.3/avr5\libgcc.a(_addsub_sf.o)
 .bss           0x008001c2        0x0 e:/mohamed/nti/nti/sdk_win_64/sdk_win_64/winavr/bin/../lib/gcc/avr/4.3.3/avr5\libgcc.a(_mul_sf.o)
 .bss           0x008001c2        0x0 e:/mohamed/nti/nti/sdk_win_64/sdk_win_64/winavr/bin/../lib/gcc/avr/4.3.3/avr5\libgcc.a(_div_sf.o)
 .bss           0x008001c2        0x0 e:/mohamed/nti/nti/sdk_win_64/sdk_win_64/winavr/bin/../lib/gcc/avr/4.3.3/avr5\libgcc.a(_gt_sf.o)
 .bss           0x008001c2        0x0 e:/mohamed/nti/nti/sdk_win_64/sdk_win_64/winavr/bin/../lib/gcc/avr/4.3.3/avr5\libgcc.a(_ge_sf.o)
 .bss           0x008001c2        0x0 e:/mohamed/nti/nti/sdk_win_64/sdk_win_64/winavr/bin/../lib/gcc/avr/4.3.3/avr5\libgcc.a(_lt_sf.o)
 .bss           0x008001c2        0x0 e:/mohamed/nti/nti/sdk_win_64/sdk_win_64/winavr/bin/../lib/gcc/avr/4.3.3/avr5\libgcc.a(_si_to_sf.o)
 .bss           0x008001c2        0x0 e:/mohamed/nti/nti/sdk_win_64/sdk_win_64/winavr/bin/../lib/gcc/avr/4.3.3/avr5\libgcc.a(_sf_to_si.o)
 .bss           0x008001c2        0x0 e:/mohamed/nti/nti/sdk_win_64/sdk_win_64/winavr/bin/../lib/gcc/avr/4.3.3/avr5\libgcc.a(_thenan_sf.o)
 .bss           0x008001c2        0x0 e:/mohamed/nti/nti/sdk_win_64/sdk_win_64/winavr/bin/../lib/gcc/avr/4.3.3/avr5\libgcc.a(_prologue.o)
 .bss           0x008001c2        0x0 e:/mohamed/nti/nti/sdk_win_64/sdk_win_64/winavr/bin/../lib/gcc/avr/4.3.3/avr5\libgcc.a(_epilogue.o)
 .bss           0x008001c2        0x0 e:/mohamed/nti/nti/sdk_win_64/sdk_win_64/winavr/bin/../lib/gcc/avr/4.3.3/avr5\libgcc.a(_clzsi2.o)
 .bss           0x008001c2        0x0 e:/mohamed/nti/nti/sdk_win_64/sdk_win_64/winavr/bin/../lib/gcc/avr/4.3.3/avr5\libgcc.a(_pack_sf.o)
 .bss           0x008001c2        0x0 e:/mohamed/nti/nti/sdk_win_64/sdk_win_64/winavr/bin/../lib/gcc/avr/4.3.3/avr5\libgcc.a(_unpack_sf.o)
 .bss           0x008001c2        0x0 e:/mohamed/nti/nti/sdk_win_64/sdk_win_64/winavr/bin/../lib/gcc/avr/4.3.3/avr5\libgcc.a(_fpcmp_parts_sf.o)
 .bss           0x008001c2        0x0 e:/mohamed/nti/nti/sdk_win_64/sdk_win_64/winavr/bin/../lib/gcc/avr/4.3.3/avr5\libgcc.a(_clz.o)
 *(.bss*)
 .bss.ptr2fun_Data_register_empty
                0x008001c2        0x2 ./MCAL/UART/Uart.o
 .bss.ptr2fun_transmit_complete
                0x008001c4        0x2 ./MCAL/UART/Uart.o
 .bss.ptr2fun_receive_data
                0x008001c6        0x2 ./MCAL/UART/Uart.o
 .bss.Timer1_OVF_Fptr
                0x008001c8        0x2 ./MCAL/Timer1/Timer1_prog.o
 .bss.Timer1_OCA_Fptr
                0x008001ca        0x2 ./MCAL/Timer1/Timer1_prog.o
 .bss.Timer1_OCB_Fptr
                0x008001cc        0x2 ./MCAL/Timer1/Timer1_prog.o
 .bss.Timer1_ICU_Fptr
                0x008001ce        0x2 ./MCAL/Timer1/Timer1_prog.o
 .bss.ptr2fun_ext_int_0
                0x008001d0        0x2 ./MCAL/EXT/External_interrupt.o
 .bss.ptr2fun_ext_int_1
                0x008001d2        0x2 ./MCAL/EXT/External_interrupt.o
 .bss.ptr2fun_ext_int_2
                0x008001d4        0x2 ./MCAL/EXT/External_interrupt.o
 .bss.ptr2fun_Data_register_empty
                0x008001d6        0x2 ./HAL/Password/Password.o
 .bss.ptr2fun_transmit_complete
                0x008001d8        0x2 ./HAL/Password/Password.o
 .bss.ptr2fun_receive_data
                0x008001da        0x2 ./HAL/Password/Password.o
 *(COMMON)
 COMMON         0x008001dc       0x14 ./HAL/RTC/RTC.o
                0x008001dc                buffer
 COMMON         0x008001f0        0xa ./HAL/Password/Password.o
                0x008001f0                temp_password
                0x008001f1                fourth
                0x008001f2                temp
                0x008001f3                second
                0x008001f4                Get_character
                0x008001f5                login_flag
                0x008001f6                temp2_password
                0x008001f7                third
                0x008001f8                first
                0x008001f9                Set_flag
                0x008001fa                PROVIDE (__bss_end, .)
                0x00006c44                __data_load_start = LOADADDR (.data)
                0x00006da6                __data_load_end = (__data_load_start + SIZEOF (.data))

.noinit         0x008001fa        0x0
                0x008001fa                PROVIDE (__noinit_start, .)
 *(.noinit*)
                0x008001fa                PROVIDE (__noinit_end, .)
                0x008001fa                _end = .
                0x008001fa                PROVIDE (__heap_start, .)

.eeprom         0x00810000        0x0
 *(.eeprom*)
                0x00810000                __eeprom_end = .

.fuse
 *(.fuse)
 *(.lfuse)
 *(.hfuse)
 *(.efuse)

.lock
 *(.lock*)

.signature
 *(.signature*)

.stab           0x00000000     0x7c14
 *(.stab)
 .stab          0x00000000      0x81c ./MCAL/UART/Uart.o
 .stab          0x0000081c      0xab0 ./MCAL/Timer1/Timer1_prog.o
                                0xabc (size before relaxing)
 .stab          0x000012cc      0x720 ./MCAL/Timer0/Timer0.o
                                0x72c (size before relaxing)
 .stab          0x000019ec      0x5ac ./MCAL/I2C/I2C.o
                                0x768 (size before relaxing)
 .stab          0x00001f98      0x330 ./MCAL/I2C/twi.o
                                0x4ec (size before relaxing)
 .stab          0x000022c8      0x510 ./MCAL/EXT/External_interrupt.o
                                0x51c (size before relaxing)
 .stab          0x000027d8      0x33c ./MCAL/EEPROM/external_eeprom.o
                                0x4f8 (size before relaxing)
 .stab          0x00002b14      0xc18 ./MCAL/DIO/DIO.o
                                0xc24 (size before relaxing)
 .stab          0x0000372c      0x384 ./MCAL/ADC/ADC_prog.o
                                0x390 (size before relaxing)
 .stab          0x00003ab0      0x60c ./HAL/RTC/RTC.o
                                0x8dc (size before relaxing)
 .stab          0x000040bc      0xd8c ./HAL/Password/Password.o
                               0x1038 (size before relaxing)
 .stab          0x00004e48      0x570 ./HAL/LED/LED.o
                                0x7bc (size before relaxing)
 .stab          0x000053b8     0x1824 ./HAL/LCD/lcd_Prog.o
                               0x1a70 (size before relaxing)
 .stab          0x00006bdc      0x5a0 ./HAL/KeyPad/keypad.o
                                0x7f8 (size before relaxing)
 .stab          0x0000717c      0x180 ./HAL/IR/IR_Prog.o
                                0x240 (size before relaxing)
 .stab          0x000072fc      0x30c ./HAL/Buzzrer/Buzzer.o
                                0x3d8 (size before relaxing)
 .stab          0x00007608      0x2d0 ./HAL/Button/Button.o
                                0x39c (size before relaxing)
 .stab          0x000078d8      0x33c ./main.o
                                0x63c (size before relaxing)

.stabstr        0x00000000     0x3845
 *(.stabstr)
 .stabstr       0x00000000     0x3845 ./MCAL/UART/Uart.o

.stab.excl
 *(.stab.excl)

.stab.exclstr
 *(.stab.exclstr)

.stab.index
 *(.stab.index)

.stab.indexstr
 *(.stab.indexstr)

.comment
 *(.comment)

.debug
 *(.debug)

.line
 *(.line)

.debug_srcinfo
 *(.debug_srcinfo)

.debug_sfnames
 *(.debug_sfnames)

.debug_aranges  0x00000000      0x1a0
 *(.debug_aranges)
 .debug_aranges
                0x00000000       0x20 e:/mohamed/nti/nti/sdk_win_64/sdk_win_64/winavr/bin/../lib/gcc/avr/4.3.3/avr5\libgcc.a(_fixunssfsi.o)
 .debug_aranges
                0x00000020       0x20 e:/mohamed/nti/nti/sdk_win_64/sdk_win_64/winavr/bin/../lib/gcc/avr/4.3.3/avr5\libgcc.a(_addsub_sf.o)
 .debug_aranges
                0x00000040       0x20 e:/mohamed/nti/nti/sdk_win_64/sdk_win_64/winavr/bin/../lib/gcc/avr/4.3.3/avr5\libgcc.a(_mul_sf.o)
 .debug_aranges
                0x00000060       0x20 e:/mohamed/nti/nti/sdk_win_64/sdk_win_64/winavr/bin/../lib/gcc/avr/4.3.3/avr5\libgcc.a(_div_sf.o)
 .debug_aranges
                0x00000080       0x20 e:/mohamed/nti/nti/sdk_win_64/sdk_win_64/winavr/bin/../lib/gcc/avr/4.3.3/avr5\libgcc.a(_gt_sf.o)
 .debug_aranges
                0x000000a0       0x20 e:/mohamed/nti/nti/sdk_win_64/sdk_win_64/winavr/bin/../lib/gcc/avr/4.3.3/avr5\libgcc.a(_ge_sf.o)
 .debug_aranges
                0x000000c0       0x20 e:/mohamed/nti/nti/sdk_win_64/sdk_win_64/winavr/bin/../lib/gcc/avr/4.3.3/avr5\libgcc.a(_lt_sf.o)
 .debug_aranges
                0x000000e0       0x20 e:/mohamed/nti/nti/sdk_win_64/sdk_win_64/winavr/bin/../lib/gcc/avr/4.3.3/avr5\libgcc.a(_si_to_sf.o)
 .debug_aranges
                0x00000100       0x20 e:/mohamed/nti/nti/sdk_win_64/sdk_win_64/winavr/bin/../lib/gcc/avr/4.3.3/avr5\libgcc.a(_sf_to_si.o)
 .debug_aranges
                0x00000120       0x20 e:/mohamed/nti/nti/sdk_win_64/sdk_win_64/winavr/bin/../lib/gcc/avr/4.3.3/avr5\libgcc.a(_clzsi2.o)
 .debug_aranges
                0x00000140       0x20 e:/mohamed/nti/nti/sdk_win_64/sdk_win_64/winavr/bin/../lib/gcc/avr/4.3.3/avr5\libgcc.a(_pack_sf.o)
 .debug_aranges
                0x00000160       0x20 e:/mohamed/nti/nti/sdk_win_64/sdk_win_64/winavr/bin/../lib/gcc/avr/4.3.3/avr5\libgcc.a(_unpack_sf.o)
 .debug_aranges
                0x00000180       0x20 e:/mohamed/nti/nti/sdk_win_64/sdk_win_64/winavr/bin/../lib/gcc/avr/4.3.3/avr5\libgcc.a(_fpcmp_parts_sf.o)

.debug_pubnames
                0x00000000      0x1f0
 *(.debug_pubnames)
 .debug_pubnames
                0x00000000       0x23 e:/mohamed/nti/nti/sdk_win_64/sdk_win_64/winavr/bin/../lib/gcc/avr/4.3.3/avr5\libgcc.a(_fixunssfsi.o)
 .debug_pubnames
                0x00000023       0x2c e:/mohamed/nti/nti/sdk_win_64/sdk_win_64/winavr/bin/../lib/gcc/avr/4.3.3/avr5\libgcc.a(_addsub_sf.o)
 .debug_pubnames
                0x0000004f       0x1f e:/mohamed/nti/nti/sdk_win_64/sdk_win_64/winavr/bin/../lib/gcc/avr/4.3.3/avr5\libgcc.a(_mul_sf.o)
 .debug_pubnames
                0x0000006e       0x1f e:/mohamed/nti/nti/sdk_win_64/sdk_win_64/winavr/bin/../lib/gcc/avr/4.3.3/avr5\libgcc.a(_div_sf.o)
 .debug_pubnames
                0x0000008d       0x1e e:/mohamed/nti/nti/sdk_win_64/sdk_win_64/winavr/bin/../lib/gcc/avr/4.3.3/avr5\libgcc.a(_gt_sf.o)
 .debug_pubnames
                0x000000ab       0x1e e:/mohamed/nti/nti/sdk_win_64/sdk_win_64/winavr/bin/../lib/gcc/avr/4.3.3/avr5\libgcc.a(_ge_sf.o)
 .debug_pubnames
                0x000000c9       0x1e e:/mohamed/nti/nti/sdk_win_64/sdk_win_64/winavr/bin/../lib/gcc/avr/4.3.3/avr5\libgcc.a(_lt_sf.o)
 .debug_pubnames
                0x000000e7       0x22 e:/mohamed/nti/nti/sdk_win_64/sdk_win_64/winavr/bin/../lib/gcc/avr/4.3.3/avr5\libgcc.a(_si_to_sf.o)
 .debug_pubnames
                0x00000109       0x20 e:/mohamed/nti/nti/sdk_win_64/sdk_win_64/winavr/bin/../lib/gcc/avr/4.3.3/avr5\libgcc.a(_sf_to_si.o)
 .debug_pubnames
                0x00000129       0x22 e:/mohamed/nti/nti/sdk_win_64/sdk_win_64/winavr/bin/../lib/gcc/avr/4.3.3/avr5\libgcc.a(_thenan_sf.o)
 .debug_pubnames
                0x0000014b       0x1f e:/mohamed/nti/nti/sdk_win_64/sdk_win_64/winavr/bin/../lib/gcc/avr/4.3.3/avr5\libgcc.a(_clzsi2.o)
 .debug_pubnames
                0x0000016a       0x1f e:/mohamed/nti/nti/sdk_win_64/sdk_win_64/winavr/bin/../lib/gcc/avr/4.3.3/avr5\libgcc.a(_pack_sf.o)
 .debug_pubnames
                0x00000189       0x21 e:/mohamed/nti/nti/sdk_win_64/sdk_win_64/winavr/bin/../lib/gcc/avr/4.3.3/avr5\libgcc.a(_unpack_sf.o)
 .debug_pubnames
                0x000001aa       0x26 e:/mohamed/nti/nti/sdk_win_64/sdk_win_64/winavr/bin/../lib/gcc/avr/4.3.3/avr5\libgcc.a(_fpcmp_parts_sf.o)
 .debug_pubnames
                0x000001d0       0x20 e:/mohamed/nti/nti/sdk_win_64/sdk_win_64/winavr/bin/../lib/gcc/avr/4.3.3/avr5\libgcc.a(_clz.o)

.debug_info     0x00000000     0x240c
 *(.debug_info)
 .debug_info    0x00000000       0xb1 e:/mohamed/nti/nti/sdk_win_64/sdk_win_64/winavr/bin/../lib/gcc/avr/4.3.3/avr5\libgcc.a(_fixunssfsi.o)
 .debug_info    0x000000b1      0x47a e:/mohamed/nti/nti/sdk_win_64/sdk_win_64/winavr/bin/../lib/gcc/avr/4.3.3/avr5\libgcc.a(_addsub_sf.o)
 .debug_info    0x0000052b      0x485 e:/mohamed/nti/nti/sdk_win_64/sdk_win_64/winavr/bin/../lib/gcc/avr/4.3.3/avr5\libgcc.a(_mul_sf.o)
 .debug_info    0x000009b0      0x3fc e:/mohamed/nti/nti/sdk_win_64/sdk_win_64/winavr/bin/../lib/gcc/avr/4.3.3/avr5\libgcc.a(_div_sf.o)
 .debug_info    0x00000dac      0x27f e:/mohamed/nti/nti/sdk_win_64/sdk_win_64/winavr/bin/../lib/gcc/avr/4.3.3/avr5\libgcc.a(_gt_sf.o)
 .debug_info    0x0000102b      0x27f e:/mohamed/nti/nti/sdk_win_64/sdk_win_64/winavr/bin/../lib/gcc/avr/4.3.3/avr5\libgcc.a(_ge_sf.o)
 .debug_info    0x000012aa      0x27f e:/mohamed/nti/nti/sdk_win_64/sdk_win_64/winavr/bin/../lib/gcc/avr/4.3.3/avr5\libgcc.a(_lt_sf.o)
 .debug_info    0x00001529      0x207 e:/mohamed/nti/nti/sdk_win_64/sdk_win_64/winavr/bin/../lib/gcc/avr/4.3.3/avr5\libgcc.a(_si_to_sf.o)
 .debug_info    0x00001730      0x2b0 e:/mohamed/nti/nti/sdk_win_64/sdk_win_64/winavr/bin/../lib/gcc/avr/4.3.3/avr5\libgcc.a(_sf_to_si.o)
 .debug_info    0x000019e0      0x12c e:/mohamed/nti/nti/sdk_win_64/sdk_win_64/winavr/bin/../lib/gcc/avr/4.3.3/avr5\libgcc.a(_thenan_sf.o)
 .debug_info    0x00001b0c      0x117 e:/mohamed/nti/nti/sdk_win_64/sdk_win_64/winavr/bin/../lib/gcc/avr/4.3.3/avr5\libgcc.a(_clzsi2.o)
 .debug_info    0x00001c23      0x2df e:/mohamed/nti/nti/sdk_win_64/sdk_win_64/winavr/bin/../lib/gcc/avr/4.3.3/avr5\libgcc.a(_pack_sf.o)
 .debug_info    0x00001f02      0x251 e:/mohamed/nti/nti/sdk_win_64/sdk_win_64/winavr/bin/../lib/gcc/avr/4.3.3/avr5\libgcc.a(_unpack_sf.o)
 .debug_info    0x00002153      0x210 e:/mohamed/nti/nti/sdk_win_64/sdk_win_64/winavr/bin/../lib/gcc/avr/4.3.3/avr5\libgcc.a(_fpcmp_parts_sf.o)
 .debug_info    0x00002363       0xa9 e:/mohamed/nti/nti/sdk_win_64/sdk_win_64/winavr/bin/../lib/gcc/avr/4.3.3/avr5\libgcc.a(_clz.o)
 *(.gnu.linkonce.wi.*)

.debug_abbrev   0x00000000     0x1377
 *(.debug_abbrev)
 .debug_abbrev  0x00000000       0x5d e:/mohamed/nti/nti/sdk_win_64/sdk_win_64/winavr/bin/../lib/gcc/avr/4.3.3/avr5\libgcc.a(_fixunssfsi.o)
 .debug_abbrev  0x0000005d      0x1ea e:/mohamed/nti/nti/sdk_win_64/sdk_win_64/winavr/bin/../lib/gcc/avr/4.3.3/avr5\libgcc.a(_addsub_sf.o)
 .debug_abbrev  0x00000247      0x21b e:/mohamed/nti/nti/sdk_win_64/sdk_win_64/winavr/bin/../lib/gcc/avr/4.3.3/avr5\libgcc.a(_mul_sf.o)
 .debug_abbrev  0x00000462      0x216 e:/mohamed/nti/nti/sdk_win_64/sdk_win_64/winavr/bin/../lib/gcc/avr/4.3.3/avr5\libgcc.a(_div_sf.o)
 .debug_abbrev  0x00000678      0x15a e:/mohamed/nti/nti/sdk_win_64/sdk_win_64/winavr/bin/../lib/gcc/avr/4.3.3/avr5\libgcc.a(_gt_sf.o)
 .debug_abbrev  0x000007d2      0x15a e:/mohamed/nti/nti/sdk_win_64/sdk_win_64/winavr/bin/../lib/gcc/avr/4.3.3/avr5\libgcc.a(_ge_sf.o)
 .debug_abbrev  0x0000092c      0x15a e:/mohamed/nti/nti/sdk_win_64/sdk_win_64/winavr/bin/../lib/gcc/avr/4.3.3/avr5\libgcc.a(_lt_sf.o)
 .debug_abbrev  0x00000a86      0x148 e:/mohamed/nti/nti/sdk_win_64/sdk_win_64/winavr/bin/../lib/gcc/avr/4.3.3/avr5\libgcc.a(_si_to_sf.o)
 .debug_abbrev  0x00000bce      0x17f e:/mohamed/nti/nti/sdk_win_64/sdk_win_64/winavr/bin/../lib/gcc/avr/4.3.3/avr5\libgcc.a(_sf_to_si.o)
 .debug_abbrev  0x00000d4d       0xad e:/mohamed/nti/nti/sdk_win_64/sdk_win_64/winavr/bin/../lib/gcc/avr/4.3.3/avr5\libgcc.a(_thenan_sf.o)
 .debug_abbrev  0x00000dfa       0xc4 e:/mohamed/nti/nti/sdk_win_64/sdk_win_64/winavr/bin/../lib/gcc/avr/4.3.3/avr5\libgcc.a(_clzsi2.o)
 .debug_abbrev  0x00000ebe      0x1c0 e:/mohamed/nti/nti/sdk_win_64/sdk_win_64/winavr/bin/../lib/gcc/avr/4.3.3/avr5\libgcc.a(_pack_sf.o)
 .debug_abbrev  0x0000107e      0x154 e:/mohamed/nti/nti/sdk_win_64/sdk_win_64/winavr/bin/../lib/gcc/avr/4.3.3/avr5\libgcc.a(_unpack_sf.o)
 .debug_abbrev  0x000011d2      0x13b e:/mohamed/nti/nti/sdk_win_64/sdk_win_64/winavr/bin/../lib/gcc/avr/4.3.3/avr5\libgcc.a(_fpcmp_parts_sf.o)
 .debug_abbrev  0x0000130d       0x6a e:/mohamed/nti/nti/sdk_win_64/sdk_win_64/winavr/bin/../lib/gcc/avr/4.3.3/avr5\libgcc.a(_clz.o)

.debug_line     0x00000000     0x11d8
 *(.debug_line)
 .debug_line    0x00000000       0xa7 e:/mohamed/nti/nti/sdk_win_64/sdk_win_64/winavr/bin/../lib/gcc/avr/4.3.3/avr5\libgcc.a(_fixunssfsi.o)
 .debug_line    0x000000a7      0x2af e:/mohamed/nti/nti/sdk_win_64/sdk_win_64/winavr/bin/../lib/gcc/avr/4.3.3/avr5\libgcc.a(_addsub_sf.o)
 .debug_line    0x00000356      0x239 e:/mohamed/nti/nti/sdk_win_64/sdk_win_64/winavr/bin/../lib/gcc/avr/4.3.3/avr5\libgcc.a(_mul_sf.o)
 .debug_line    0x0000058f      0x1d5 e:/mohamed/nti/nti/sdk_win_64/sdk_win_64/winavr/bin/../lib/gcc/avr/4.3.3/avr5\libgcc.a(_div_sf.o)
 .debug_line    0x00000764       0xd3 e:/mohamed/nti/nti/sdk_win_64/sdk_win_64/winavr/bin/../lib/gcc/avr/4.3.3/avr5\libgcc.a(_gt_sf.o)
 .debug_line    0x00000837       0xd3 e:/mohamed/nti/nti/sdk_win_64/sdk_win_64/winavr/bin/../lib/gcc/avr/4.3.3/avr5\libgcc.a(_ge_sf.o)
 .debug_line    0x0000090a       0xd3 e:/mohamed/nti/nti/sdk_win_64/sdk_win_64/winavr/bin/../lib/gcc/avr/4.3.3/avr5\libgcc.a(_lt_sf.o)
 .debug_line    0x000009dd      0x135 e:/mohamed/nti/nti/sdk_win_64/sdk_win_64/winavr/bin/../lib/gcc/avr/4.3.3/avr5\libgcc.a(_si_to_sf.o)
 .debug_line    0x00000b12      0x109 e:/mohamed/nti/nti/sdk_win_64/sdk_win_64/winavr/bin/../lib/gcc/avr/4.3.3/avr5\libgcc.a(_sf_to_si.o)
 .debug_line    0x00000c1b       0x90 e:/mohamed/nti/nti/sdk_win_64/sdk_win_64/winavr/bin/../lib/gcc/avr/4.3.3/avr5\libgcc.a(_thenan_sf.o)
 .debug_line    0x00000cab       0xa5 e:/mohamed/nti/nti/sdk_win_64/sdk_win_64/winavr/bin/../lib/gcc/avr/4.3.3/avr5\libgcc.a(_clzsi2.o)
 .debug_line    0x00000d50      0x18a e:/mohamed/nti/nti/sdk_win_64/sdk_win_64/winavr/bin/../lib/gcc/avr/4.3.3/avr5\libgcc.a(_pack_sf.o)
 .debug_line    0x00000eda      0x14b e:/mohamed/nti/nti/sdk_win_64/sdk_win_64/winavr/bin/../lib/gcc/avr/4.3.3/avr5\libgcc.a(_unpack_sf.o)
 .debug_line    0x00001025      0x137 e:/mohamed/nti/nti/sdk_win_64/sdk_win_64/winavr/bin/../lib/gcc/avr/4.3.3/avr5\libgcc.a(_fpcmp_parts_sf.o)
 .debug_line    0x0000115c       0x7c e:/mohamed/nti/nti/sdk_win_64/sdk_win_64/winavr/bin/../lib/gcc/avr/4.3.3/avr5\libgcc.a(_clz.o)

.debug_frame    0x00000000      0x1c0
 *(.debug_frame)
 .debug_frame   0x00000000       0x20 e:/mohamed/nti/nti/sdk_win_64/sdk_win_64/winavr/bin/../lib/gcc/avr/4.3.3/avr5\libgcc.a(_fixunssfsi.o)
 .debug_frame   0x00000020       0x40 e:/mohamed/nti/nti/sdk_win_64/sdk_win_64/winavr/bin/../lib/gcc/avr/4.3.3/avr5\libgcc.a(_addsub_sf.o)
 .debug_frame   0x00000060       0x20 e:/mohamed/nti/nti/sdk_win_64/sdk_win_64/winavr/bin/../lib/gcc/avr/4.3.3/avr5\libgcc.a(_mul_sf.o)
 .debug_frame   0x00000080       0x20 e:/mohamed/nti/nti/sdk_win_64/sdk_win_64/winavr/bin/../lib/gcc/avr/4.3.3/avr5\libgcc.a(_div_sf.o)
 .debug_frame   0x000000a0       0x20 e:/mohamed/nti/nti/sdk_win_64/sdk_win_64/winavr/bin/../lib/gcc/avr/4.3.3/avr5\libgcc.a(_gt_sf.o)
 .debug_frame   0x000000c0       0x20 e:/mohamed/nti/nti/sdk_win_64/sdk_win_64/winavr/bin/../lib/gcc/avr/4.3.3/avr5\libgcc.a(_ge_sf.o)
 .debug_frame   0x000000e0       0x20 e:/mohamed/nti/nti/sdk_win_64/sdk_win_64/winavr/bin/../lib/gcc/avr/4.3.3/avr5\libgcc.a(_lt_sf.o)
 .debug_frame   0x00000100       0x20 e:/mohamed/nti/nti/sdk_win_64/sdk_win_64/winavr/bin/../lib/gcc/avr/4.3.3/avr5\libgcc.a(_si_to_sf.o)
 .debug_frame   0x00000120       0x20 e:/mohamed/nti/nti/sdk_win_64/sdk_win_64/winavr/bin/../lib/gcc/avr/4.3.3/avr5\libgcc.a(_sf_to_si.o)
 .debug_frame   0x00000140       0x20 e:/mohamed/nti/nti/sdk_win_64/sdk_win_64/winavr/bin/../lib/gcc/avr/4.3.3/avr5\libgcc.a(_clzsi2.o)
 .debug_frame   0x00000160       0x20 e:/mohamed/nti/nti/sdk_win_64/sdk_win_64/winavr/bin/../lib/gcc/avr/4.3.3/avr5\libgcc.a(_pack_sf.o)
 .debug_frame   0x00000180       0x20 e:/mohamed/nti/nti/sdk_win_64/sdk_win_64/winavr/bin/../lib/gcc/avr/4.3.3/avr5\libgcc.a(_unpack_sf.o)
 .debug_frame   0x000001a0       0x20 e:/mohamed/nti/nti/sdk_win_64/sdk_win_64/winavr/bin/../lib/gcc/avr/4.3.3/avr5\libgcc.a(_fpcmp_parts_sf.o)

.debug_str      0x00000000      0x2f3
 *(.debug_str)
 .debug_str     0x00000000       0xbf e:/mohamed/nti/nti/sdk_win_64/sdk_win_64/winavr/bin/../lib/gcc/avr/4.3.3/avr5\libgcc.a(_fixunssfsi.o)
                                 0xfe (size before relaxing)
 .debug_str     0x000000bf      0x14d e:/mohamed/nti/nti/sdk_win_64/sdk_win_64/winavr/bin/../lib/gcc/avr/4.3.3/avr5\libgcc.a(_addsub_sf.o)
                                0x206 (size before relaxing)
 .debug_str     0x0000020c       0x27 e:/mohamed/nti/nti/sdk_win_64/sdk_win_64/winavr/bin/../lib/gcc/avr/4.3.3/avr5\libgcc.a(_mul_sf.o)
                                0x1bf (size before relaxing)
 .debug_str     0x00000233       0x35 e:/mohamed/nti/nti/sdk_win_64/sdk_win_64/winavr/bin/../lib/gcc/avr/4.3.3/avr5\libgcc.a(_div_sf.o)
                                0x1c8 (size before relaxing)
 .debug_str     0x00000268        0x8 e:/mohamed/nti/nti/sdk_win_64/sdk_win_64/winavr/bin/../lib/gcc/avr/4.3.3/avr5\libgcc.a(_gt_sf.o)
                                0x195 (size before relaxing)
 .debug_str     0x00000270        0x8 e:/mohamed/nti/nti/sdk_win_64/sdk_win_64/winavr/bin/../lib/gcc/avr/4.3.3/avr5\libgcc.a(_ge_sf.o)
                                0x195 (size before relaxing)
 .debug_str     0x00000278        0x8 e:/mohamed/nti/nti/sdk_win_64/sdk_win_64/winavr/bin/../lib/gcc/avr/4.3.3/avr5\libgcc.a(_lt_sf.o)
                                0x195 (size before relaxing)
 .debug_str     0x00000280       0x1e e:/mohamed/nti/nti/sdk_win_64/sdk_win_64/winavr/bin/../lib/gcc/avr/4.3.3/avr5\libgcc.a(_si_to_sf.o)
                                0x17b (size before relaxing)
 .debug_str     0x0000029e        0xa e:/mohamed/nti/nti/sdk_win_64/sdk_win_64/winavr/bin/../lib/gcc/avr/4.3.3/avr5\libgcc.a(_sf_to_si.o)
                                0x19e (size before relaxing)
 .debug_str     0x00000000      0x103 e:/mohamed/nti/nti/sdk_win_64/sdk_win_64/winavr/bin/../lib/gcc/avr/4.3.3/avr5\libgcc.a(_thenan_sf.o)
 .debug_str     0x000002a8       0x20 e:/mohamed/nti/nti/sdk_win_64/sdk_win_64/winavr/bin/../lib/gcc/avr/4.3.3/avr5\libgcc.a(_clzsi2.o)
                                0x111 (size before relaxing)
 .debug_str     0x000002c8       0x10 e:/mohamed/nti/nti/sdk_win_64/sdk_win_64/winavr/bin/../lib/gcc/avr/4.3.3/avr5\libgcc.a(_pack_sf.o)
                                0x19d (size before relaxing)
 .debug_str     0x000002d8        0xb e:/mohamed/nti/nti/sdk_win_64/sdk_win_64/winavr/bin/../lib/gcc/avr/4.3.3/avr5\libgcc.a(_unpack_sf.o)
                                0x17f (size before relaxing)
 .debug_str     0x000002e3       0x10 e:/mohamed/nti/nti/sdk_win_64/sdk_win_64/winavr/bin/../lib/gcc/avr/4.3.3/avr5\libgcc.a(_fpcmp_parts_sf.o)
                                0x163 (size before relaxing)
 .debug_str     0x00000000       0xf4 e:/mohamed/nti/nti/sdk_win_64/sdk_win_64/winavr/bin/../lib/gcc/avr/4.3.3/avr5\libgcc.a(_clz.o)

.debug_loc      0x00000000      0x9ce
 *(.debug_loc)
 .debug_loc     0x00000000       0x34 e:/mohamed/nti/nti/sdk_win_64/sdk_win_64/winavr/bin/../lib/gcc/avr/4.3.3/avr5\libgcc.a(_fixunssfsi.o)
 .debug_loc     0x00000034      0x32a e:/mohamed/nti/nti/sdk_win_64/sdk_win_64/winavr/bin/../lib/gcc/avr/4.3.3/avr5\libgcc.a(_addsub_sf.o)
 .debug_loc     0x0000035e      0x104 e:/mohamed/nti/nti/sdk_win_64/sdk_win_64/winavr/bin/../lib/gcc/avr/4.3.3/avr5\libgcc.a(_mul_sf.o)
 .debug_loc     0x00000462       0xc0 e:/mohamed/nti/nti/sdk_win_64/sdk_win_64/winavr/bin/../lib/gcc/avr/4.3.3/avr5\libgcc.a(_div_sf.o)
 .debug_loc     0x00000522       0x3c e:/mohamed/nti/nti/sdk_win_64/sdk_win_64/winavr/bin/../lib/gcc/avr/4.3.3/avr5\libgcc.a(_gt_sf.o)
 .debug_loc     0x0000055e       0x3c e:/mohamed/nti/nti/sdk_win_64/sdk_win_64/winavr/bin/../lib/gcc/avr/4.3.3/avr5\libgcc.a(_ge_sf.o)
 .debug_loc     0x0000059a       0x3c e:/mohamed/nti/nti/sdk_win_64/sdk_win_64/winavr/bin/../lib/gcc/avr/4.3.3/avr5\libgcc.a(_lt_sf.o)
 .debug_loc     0x000005d6       0xac e:/mohamed/nti/nti/sdk_win_64/sdk_win_64/winavr/bin/../lib/gcc/avr/4.3.3/avr5\libgcc.a(_si_to_sf.o)
 .debug_loc     0x00000682       0x7e e:/mohamed/nti/nti/sdk_win_64/sdk_win_64/winavr/bin/../lib/gcc/avr/4.3.3/avr5\libgcc.a(_sf_to_si.o)
 .debug_loc     0x00000700       0x94 e:/mohamed/nti/nti/sdk_win_64/sdk_win_64/winavr/bin/../lib/gcc/avr/4.3.3/avr5\libgcc.a(_clzsi2.o)
 .debug_loc     0x00000794      0x13e e:/mohamed/nti/nti/sdk_win_64/sdk_win_64/winavr/bin/../lib/gcc/avr/4.3.3/avr5\libgcc.a(_pack_sf.o)
 .debug_loc     0x000008d2       0xac e:/mohamed/nti/nti/sdk_win_64/sdk_win_64/winavr/bin/../lib/gcc/avr/4.3.3/avr5\libgcc.a(_unpack_sf.o)
 .debug_loc     0x0000097e       0x50 e:/mohamed/nti/nti/sdk_win_64/sdk_win_64/winavr/bin/../lib/gcc/avr/4.3.3/avr5\libgcc.a(_fpcmp_parts_sf.o)

.debug_macinfo
 *(.debug_macinfo)
OUTPUT(AVR_Project.elf elf32-avr)
LOAD linker stubs

.debug_ranges   0x00000000       0x50
 .debug_ranges  0x00000000       0x50 e:/mohamed/nti/nti/sdk_win_64/sdk_win_64/winavr/bin/../lib/gcc/avr/4.3.3/avr5\libgcc.a(_mul_sf.o)
