Archive member included because of file (symbol)

c:/ayaya/nti 4 month/flashdrive/nti/sdk_win_64/sdk_win_64/winavr/bin/../lib/gcc/avr/4.3.3/avr5\libgcc.a(_mulsi3.o)
                              ./HAL/LM35/LM35_Prog.o (__mulsi3)
c:/ayaya/nti 4 month/flashdrive/nti/sdk_win_64/sdk_win_64/winavr/bin/../lib/gcc/avr/4.3.3/avr5\libgcc.a(_udivmodqi4.o)
                              ./HAL/RTC/RTC.o (__udivmodqi4)
c:/ayaya/nti 4 month/flashdrive/nti/sdk_win_64/sdk_win_64/winavr/bin/../lib/gcc/avr/4.3.3/avr5\libgcc.a(_udivmodsi4.o)
                              ./MCAL/UART/Uart.o (__udivmodsi4)
c:/ayaya/nti 4 month/flashdrive/nti/sdk_win_64/sdk_win_64/winavr/bin/../lib/gcc/avr/4.3.3/avr5\libgcc.a(_divmodsi4.o)
                              ./HAL/LDR/LDR_prg.o (__divmodsi4)
c:/ayaya/nti 4 month/flashdrive/nti/sdk_win_64/sdk_win_64/winavr/bin/../lib/gcc/avr/4.3.3/avr5\libgcc.a(_exit.o)
                              c:/ayaya/nti 4 month/flashdrive/nti/sdk_win_64/sdk_win_64/winavr/bin/../lib/gcc/avr/4.3.3/../../../../avr/lib/avr5/crtm32.o (exit)
c:/ayaya/nti 4 month/flashdrive/nti/sdk_win_64/sdk_win_64/winavr/bin/../lib/gcc/avr/4.3.3/avr5\libgcc.a(_copy_data.o)
                              ./SERVICE/TempControl/TempControl.o (__do_copy_data)
c:/ayaya/nti 4 month/flashdrive/nti/sdk_win_64/sdk_win_64/winavr/bin/../lib/gcc/avr/4.3.3/avr5\libgcc.a(_clear_bss.o)
                              ./SERVICE/SET_ON_FLAG/setOnFlag.o (__do_clear_bss)
c:/ayaya/nti 4 month/flashdrive/nti/sdk_win_64/sdk_win_64/winavr/bin/../lib/gcc/avr/4.3.3/avr5\libgcc.a(_fixunssfsi.o)
                              ./SERVICE/CheckIR/Check_IR.o (__fixunssfsi)
c:/ayaya/nti 4 month/flashdrive/nti/sdk_win_64/sdk_win_64/winavr/bin/../lib/gcc/avr/4.3.3/avr5\libgcc.a(_addsub_sf.o)
                              c:/ayaya/nti 4 month/flashdrive/nti/sdk_win_64/sdk_win_64/winavr/bin/../lib/gcc/avr/4.3.3/avr5\libgcc.a(_fixunssfsi.o) (__subsf3)
c:/ayaya/nti 4 month/flashdrive/nti/sdk_win_64/sdk_win_64/winavr/bin/../lib/gcc/avr/4.3.3/avr5\libgcc.a(_mul_sf.o)
                              ./SERVICE/CheckIR/Check_IR.o (__mulsf3)
c:/ayaya/nti 4 month/flashdrive/nti/sdk_win_64/sdk_win_64/winavr/bin/../lib/gcc/avr/4.3.3/avr5\libgcc.a(_div_sf.o)
                              ./MCAL/I2C/I2C.o (__divsf3)
c:/ayaya/nti 4 month/flashdrive/nti/sdk_win_64/sdk_win_64/winavr/bin/../lib/gcc/avr/4.3.3/avr5\libgcc.a(_gt_sf.o)
                              ./SERVICE/CheckIR/Check_IR.o (__gtsf2)
c:/ayaya/nti 4 month/flashdrive/nti/sdk_win_64/sdk_win_64/winavr/bin/../lib/gcc/avr/4.3.3/avr5\libgcc.a(_ge_sf.o)
                              c:/ayaya/nti 4 month/flashdrive/nti/sdk_win_64/sdk_win_64/winavr/bin/../lib/gcc/avr/4.3.3/avr5\libgcc.a(_fixunssfsi.o) (__gesf2)
c:/ayaya/nti 4 month/flashdrive/nti/sdk_win_64/sdk_win_64/winavr/bin/../lib/gcc/avr/4.3.3/avr5\libgcc.a(_lt_sf.o)
                              ./SERVICE/CheckIR/Check_IR.o (__ltsf2)
c:/ayaya/nti 4 month/flashdrive/nti/sdk_win_64/sdk_win_64/winavr/bin/../lib/gcc/avr/4.3.3/avr5\libgcc.a(_si_to_sf.o)
                              ./HAL/LED/LED.o (__floatsisf)
c:/ayaya/nti 4 month/flashdrive/nti/sdk_win_64/sdk_win_64/winavr/bin/../lib/gcc/avr/4.3.3/avr5\libgcc.a(_sf_to_si.o)
                              c:/ayaya/nti 4 month/flashdrive/nti/sdk_win_64/sdk_win_64/winavr/bin/../lib/gcc/avr/4.3.3/avr5\libgcc.a(_fixunssfsi.o) (__fixsfsi)
c:/ayaya/nti 4 month/flashdrive/nti/sdk_win_64/sdk_win_64/winavr/bin/../lib/gcc/avr/4.3.3/avr5\libgcc.a(_thenan_sf.o)
                              c:/ayaya/nti 4 month/flashdrive/nti/sdk_win_64/sdk_win_64/winavr/bin/../lib/gcc/avr/4.3.3/avr5\libgcc.a(_addsub_sf.o) (__thenan_sf)
c:/ayaya/nti 4 month/flashdrive/nti/sdk_win_64/sdk_win_64/winavr/bin/../lib/gcc/avr/4.3.3/avr5\libgcc.a(_prologue.o)
                              c:/ayaya/nti 4 month/flashdrive/nti/sdk_win_64/sdk_win_64/winavr/bin/../lib/gcc/avr/4.3.3/avr5\libgcc.a(_addsub_sf.o) (__prologue_saves__)
c:/ayaya/nti 4 month/flashdrive/nti/sdk_win_64/sdk_win_64/winavr/bin/../lib/gcc/avr/4.3.3/avr5\libgcc.a(_epilogue.o)
                              c:/ayaya/nti 4 month/flashdrive/nti/sdk_win_64/sdk_win_64/winavr/bin/../lib/gcc/avr/4.3.3/avr5\libgcc.a(_addsub_sf.o) (__epilogue_restores__)
c:/ayaya/nti 4 month/flashdrive/nti/sdk_win_64/sdk_win_64/winavr/bin/../lib/gcc/avr/4.3.3/avr5\libgcc.a(_clzsi2.o)
                              c:/ayaya/nti 4 month/flashdrive/nti/sdk_win_64/sdk_win_64/winavr/bin/../lib/gcc/avr/4.3.3/avr5\libgcc.a(_si_to_sf.o) (__clzsi2)
c:/ayaya/nti 4 month/flashdrive/nti/sdk_win_64/sdk_win_64/winavr/bin/../lib/gcc/avr/4.3.3/avr5\libgcc.a(_pack_sf.o)
                              c:/ayaya/nti 4 month/flashdrive/nti/sdk_win_64/sdk_win_64/winavr/bin/../lib/gcc/avr/4.3.3/avr5\libgcc.a(_addsub_sf.o) (__pack_f)
c:/ayaya/nti 4 month/flashdrive/nti/sdk_win_64/sdk_win_64/winavr/bin/../lib/gcc/avr/4.3.3/avr5\libgcc.a(_unpack_sf.o)
                              c:/ayaya/nti 4 month/flashdrive/nti/sdk_win_64/sdk_win_64/winavr/bin/../lib/gcc/avr/4.3.3/avr5\libgcc.a(_addsub_sf.o) (__unpack_f)
c:/ayaya/nti 4 month/flashdrive/nti/sdk_win_64/sdk_win_64/winavr/bin/../lib/gcc/avr/4.3.3/avr5\libgcc.a(_fpcmp_parts_sf.o)
                              c:/ayaya/nti 4 month/flashdrive/nti/sdk_win_64/sdk_win_64/winavr/bin/../lib/gcc/avr/4.3.3/avr5\libgcc.a(_gt_sf.o) (__fpcmp_parts_f)
c:/ayaya/nti 4 month/flashdrive/nti/sdk_win_64/sdk_win_64/winavr/bin/../lib/gcc/avr/4.3.3/avr5\libgcc.a(_clz.o)
                              c:/ayaya/nti 4 month/flashdrive/nti/sdk_win_64/sdk_win_64/winavr/bin/../lib/gcc/avr/4.3.3/avr5\libgcc.a(_clzsi2.o) (__clz_tab)
c:/ayaya/nti 4 month/flashdrive/nti/sdk_win_64/sdk_win_64/winavr/bin/../lib/gcc/avr/4.3.3/../../../../avr/lib/avr5\libc.a(sprintf.o)
                              ./SERVICE/DisplayDateTime/DisplayDateTime.o (sprintf)
c:/ayaya/nti 4 month/flashdrive/nti/sdk_win_64/sdk_win_64/winavr/bin/../lib/gcc/avr/4.3.3/../../../../avr/lib/avr5\libc.a(vfprintf_std.o)
                              c:/ayaya/nti 4 month/flashdrive/nti/sdk_win_64/sdk_win_64/winavr/bin/../lib/gcc/avr/4.3.3/../../../../avr/lib/avr5\libc.a(sprintf.o) (vfprintf)
c:/ayaya/nti 4 month/flashdrive/nti/sdk_win_64/sdk_win_64/winavr/bin/../lib/gcc/avr/4.3.3/../../../../avr/lib/avr5\libc.a(strnlen_P.o)
                              c:/ayaya/nti 4 month/flashdrive/nti/sdk_win_64/sdk_win_64/winavr/bin/../lib/gcc/avr/4.3.3/../../../../avr/lib/avr5\libc.a(vfprintf_std.o) (strnlen_P)
c:/ayaya/nti 4 month/flashdrive/nti/sdk_win_64/sdk_win_64/winavr/bin/../lib/gcc/avr/4.3.3/../../../../avr/lib/avr5\libc.a(strnlen.o)
                              c:/ayaya/nti 4 month/flashdrive/nti/sdk_win_64/sdk_win_64/winavr/bin/../lib/gcc/avr/4.3.3/../../../../avr/lib/avr5\libc.a(vfprintf_std.o) (strnlen)
c:/ayaya/nti 4 month/flashdrive/nti/sdk_win_64/sdk_win_64/winavr/bin/../lib/gcc/avr/4.3.3/../../../../avr/lib/avr5\libc.a(fputc.o)
                              c:/ayaya/nti 4 month/flashdrive/nti/sdk_win_64/sdk_win_64/winavr/bin/../lib/gcc/avr/4.3.3/../../../../avr/lib/avr5\libc.a(vfprintf_std.o) (fputc)
c:/ayaya/nti 4 month/flashdrive/nti/sdk_win_64/sdk_win_64/winavr/bin/../lib/gcc/avr/4.3.3/../../../../avr/lib/avr5\libc.a(ultoa_invert.o)
                              c:/ayaya/nti 4 month/flashdrive/nti/sdk_win_64/sdk_win_64/winavr/bin/../lib/gcc/avr/4.3.3/../../../../avr/lib/avr5\libc.a(vfprintf_std.o) (__ultoa_invert)

Allocating common symbols
Common symbol       size              file

lockedFlag          0x1               ./SERVICE/SET_ON_FLAG/setOnFlag.o
temp_password       0x1               ./SERVICE/OpenDoor/OpenDoor.o
fourth              0x1               ./SERVICE/OpenDoor/OpenDoor.o
temp                0x1               ./SERVICE/OpenDoor/OpenDoor.o
second              0x1               ./SERVICE/OpenDoor/OpenDoor.o
Get_character       0x1               ./SERVICE/OpenDoor/OpenDoor.o
buffer              0x14              ./SERVICE/SET_ON_FLAG/setOnFlag.o
c                   0x1               ./SERVICE/OpenDoor/OpenDoor.o
login_flag          0x1               ./SERVICE/OpenDoor/OpenDoor.o
temp2_password      0x1               ./SERVICE/OpenDoor/OpenDoor.o
third               0x1               ./SERVICE/OpenDoor/OpenDoor.o
first               0x1               ./SERVICE/OpenDoor/OpenDoor.o
RTCData             0x7               ./SERVICE/SET_ON_FLAG/setOnFlag.o
Set_flag            0x1               ./SERVICE/OpenDoor/OpenDoor.o
onFlag              0x1               ./SERVICE/SET_ON_FLAG/setOnFlag.o

Memory Configuration

Name             Origin             Length             Attributes
text             0x00000000         0x00020000         xr
data             0x00800060         0x0000ffa0         rw !x
eeprom           0x00810000         0x00010000         rw !x
fuse             0x00820000         0x00000400         rw !x
lock             0x00830000         0x00000400         rw !x
signature        0x00840000         0x00000400         rw !x
*default*        0x00000000         0xffffffff

Linker script and memory map

LOAD c:/ayaya/nti 4 month/flashdrive/nti/sdk_win_64/sdk_win_64/winavr/bin/../lib/gcc/avr/4.3.3/../../../../avr/lib/avr5/crtm32.o
LOAD ./SERVICE/TempControl/TempControl.o
LOAD ./SERVICE/SET_ON_FLAG/setOnFlag.o
LOAD ./SERVICE/OpenDoor/OpenDoor.o
LOAD ./SERVICE/LockHouse/lockHouse.o
LOAD ./SERVICE/LEDs_Control/SERVICE_LEDS_Control.o
LOAD ./SERVICE/EnterPass/EnterPass.o
LOAD ./SERVICE/EVERYTHING_ON/EverythingOn.o
LOAD ./SERVICE/DisplayDateTime/DisplayDateTime.o
LOAD ./SERVICE/CurtainsSetFlag/prog.o
LOAD ./SERVICE/CheckIR/Check_IR.o
LOAD ./MCAL/UART/Uart.o
LOAD ./MCAL/Timer1/Timer1_prog.o
LOAD ./MCAL/Timer0/Timer0.o
LOAD ./MCAL/I2C/I2C.o
LOAD ./MCAL/I2C/twi.o
LOAD ./MCAL/EXT/External_interrupt.o
LOAD ./MCAL/EEPROM/external_eeprom.o
LOAD ./MCAL/DIO/DIO.o
LOAD ./MCAL/ADC/ADC_prog.o
LOAD ./HAL/Solenoid/Solenoid.o
LOAD ./HAL/SERVO/Servo.o
LOAD ./HAL/RTC/RTC.o
LOAD ./HAL/Password/Password.o
LOAD ./HAL/PIR/PIR.o
LOAD ./HAL/LM35/LM35_Prog.o
LOAD ./HAL/LED/LED.o
LOAD ./HAL/LDR/LDR_prg.o
LOAD ./HAL/LCD/lcd_Prog.o
LOAD ./HAL/KeyPad/keypad.o
LOAD ./HAL/IR/IR_Prog.o
LOAD ./HAL/Buzzrer/Buzzer.o
LOAD ./HAL/Button/Button.o
LOAD ./APP/App.o
LOAD ./main.o
LOAD c:/ayaya/nti 4 month/flashdrive/nti/sdk_win_64/sdk_win_64/winavr/bin/../lib/gcc/avr/4.3.3/avr5\libgcc.a
LOAD c:/ayaya/nti 4 month/flashdrive/nti/sdk_win_64/sdk_win_64/winavr/bin/../lib/gcc/avr/4.3.3/../../../../avr/lib/avr5\libc.a
LOAD c:/ayaya/nti 4 month/flashdrive/nti/sdk_win_64/sdk_win_64/winavr/bin/../lib/gcc/avr/4.3.3/avr5\libgcc.a

.hash
 *(.hash)

.dynsym
 *(.dynsym)

.dynstr
 *(.dynstr)

.gnu.version
 *(.gnu.version)

.gnu.version_d
 *(.gnu.version_d)

.gnu.version_r
 *(.gnu.version_r)

.rel.init
 *(.rel.init)

.rela.init
 *(.rela.init)

.rel.text
 *(.rel.text)
 *(.rel.text.*)
 *(.rel.gnu.linkonce.t*)

.rela.text
 *(.rela.text)
 *(.rela.text.*)
 *(.rela.gnu.linkonce.t*)

.rel.fini
 *(.rel.fini)

.rela.fini
 *(.rela.fini)

.rel.rodata
 *(.rel.rodata)
 *(.rel.rodata.*)
 *(.rel.gnu.linkonce.r*)

.rela.rodata
 *(.rela.rodata)
 *(.rela.rodata.*)
 *(.rela.gnu.linkonce.r*)

.rel.data
 *(.rel.data)
 *(.rel.data.*)
 *(.rel.gnu.linkonce.d*)

.rela.data
 *(.rela.data)
 *(.rela.data.*)
 *(.rela.gnu.linkonce.d*)

.rel.ctors
 *(.rel.ctors)

.rela.ctors
 *(.rela.ctors)

.rel.dtors
 *(.rel.dtors)

.rela.dtors
 *(.rela.dtors)

.rel.got
 *(.rel.got)

.rela.got
 *(.rela.got)

.rel.bss
 *(.rel.bss)

.rela.bss
 *(.rela.bss)

.rel.plt
 *(.rel.plt)

.rela.plt
 *(.rela.plt)

.text           0x00000000     0x7b3c
 *(.vectors)
 .vectors       0x00000000       0x54 c:/ayaya/nti 4 month/flashdrive/nti/sdk_win_64/sdk_win_64/winavr/bin/../lib/gcc/avr/4.3.3/../../../../avr/lib/avr5/crtm32.o
                0x00000000                __vectors
                0x00000000                __vector_default
 *(.vectors)
 *(.progmem.gcc*)
 *(.progmem*)
                0x00000054                . = ALIGN (0x2)
                0x00000054                __trampolines_start = .
 *(.trampolines)
 .trampolines   0x00000054        0x0 linker stubs
 *(.trampolines*)
                0x00000054                __trampolines_end = .
 *(.jumptables)
 *(.jumptables*)
 *(.lowtext)
 *(.lowtext*)
                0x00000054                __ctors_start = .
 *(.ctors)
                0x00000054                __ctors_end = .
                0x00000054                __dtors_start = .
 *(.dtors)
                0x00000054                __dtors_end = .
 SORT(*)(.ctors)
 SORT(*)(.dtors)
 *(.init0)
 .init0         0x00000054        0x0 c:/ayaya/nti 4 month/flashdrive/nti/sdk_win_64/sdk_win_64/winavr/bin/../lib/gcc/avr/4.3.3/../../../../avr/lib/avr5/crtm32.o
                0x00000054                __init
 *(.init0)
 *(.init1)
 *(.init1)
 *(.init2)
 .init2         0x00000054        0xc c:/ayaya/nti 4 month/flashdrive/nti/sdk_win_64/sdk_win_64/winavr/bin/../lib/gcc/avr/4.3.3/../../../../avr/lib/avr5/crtm32.o
 *(.init2)
 *(.init3)
 *(.init3)
 *(.init4)
 .init4         0x00000060       0x16 c:/ayaya/nti 4 month/flashdrive/nti/sdk_win_64/sdk_win_64/winavr/bin/../lib/gcc/avr/4.3.3/avr5\libgcc.a(_copy_data.o)
                0x00000060                __do_copy_data
 .init4         0x00000076       0x10 c:/ayaya/nti 4 month/flashdrive/nti/sdk_win_64/sdk_win_64/winavr/bin/../lib/gcc/avr/4.3.3/avr5\libgcc.a(_clear_bss.o)
                0x00000076                __do_clear_bss
 *(.init4)
 *(.init5)
 *(.init5)
 *(.init6)
 *(.init6)
 *(.init7)
 *(.init7)
 *(.init8)
 *(.init8)
 *(.init9)
 .init9         0x00000086        0x8 c:/ayaya/nti 4 month/flashdrive/nti/sdk_win_64/sdk_win_64/winavr/bin/../lib/gcc/avr/4.3.3/../../../../avr/lib/avr5/crtm32.o
 *(.init9)
 *(.text)
 .text          0x0000008e        0x4 c:/ayaya/nti 4 month/flashdrive/nti/sdk_win_64/sdk_win_64/winavr/bin/../lib/gcc/avr/4.3.3/../../../../avr/lib/avr5/crtm32.o
                0x0000008e                __vector_12
                0x0000008e                __bad_interrupt
                0x0000008e                __vector_11
                0x0000008e                __vector_17
                0x0000008e                __vector_19
                0x0000008e                __vector_5
                0x0000008e                __vector_4
                0x0000008e                __vector_10
                0x0000008e                __vector_16
                0x0000008e                __vector_18
                0x0000008e                __vector_20
 .text          0x00000092        0x0 ./SERVICE/TempControl/TempControl.o
 .text          0x00000092        0x0 ./SERVICE/SET_ON_FLAG/setOnFlag.o
 .text          0x00000092        0x0 ./SERVICE/OpenDoor/OpenDoor.o
 .text          0x00000092        0x0 ./SERVICE/LockHouse/lockHouse.o
 .text          0x00000092        0x0 ./SERVICE/LEDs_Control/SERVICE_LEDS_Control.o
 .text          0x00000092        0x0 ./SERVICE/EnterPass/EnterPass.o
 .text          0x00000092        0x0 ./SERVICE/EVERYTHING_ON/EverythingOn.o
 .text          0x00000092        0x0 ./SERVICE/DisplayDateTime/DisplayDateTime.o
 .text          0x00000092        0x0 ./SERVICE/CurtainsSetFlag/prog.o
 .text          0x00000092        0x0 ./SERVICE/CheckIR/Check_IR.o
 .text          0x00000092        0x0 ./MCAL/UART/Uart.o
 .text          0x00000092        0x0 ./MCAL/Timer1/Timer1_prog.o
 .text          0x00000092        0x0 ./MCAL/Timer0/Timer0.o
 .text          0x00000092        0x0 ./MCAL/I2C/I2C.o
 .text          0x00000092        0x0 ./MCAL/I2C/twi.o
 .text          0x00000092        0x0 ./MCAL/EXT/External_interrupt.o
 .text          0x00000092        0x0 ./MCAL/EEPROM/external_eeprom.o
 .text          0x00000092        0x0 ./MCAL/DIO/DIO.o
 .text          0x00000092        0x0 ./MCAL/ADC/ADC_prog.o
 .text          0x00000092        0x0 ./HAL/Solenoid/Solenoid.o
 .text          0x00000092        0x0 ./HAL/SERVO/Servo.o
 .text          0x00000092        0x0 ./HAL/RTC/RTC.o
 .text          0x00000092        0x0 ./HAL/Password/Password.o
 .text          0x00000092        0x0 ./HAL/PIR/PIR.o
 .text          0x00000092        0x0 ./HAL/LM35/LM35_Prog.o
 .text          0x00000092        0x0 ./HAL/LED/LED.o
 .text          0x00000092        0x0 ./HAL/LDR/LDR_prg.o
 .text          0x00000092        0x0 ./HAL/LCD/lcd_Prog.o
 .text          0x00000092        0x0 ./HAL/KeyPad/keypad.o
 .text          0x00000092        0x0 ./HAL/IR/IR_Prog.o
 .text          0x00000092        0x0 ./HAL/Buzzrer/Buzzer.o
 .text          0x00000092        0x0 ./HAL/Button/Button.o
 .text          0x00000092        0x0 ./APP/App.o
 .text          0x00000092        0x0 ./main.o
 .text          0x00000092        0x0 c:/ayaya/nti 4 month/flashdrive/nti/sdk_win_64/sdk_win_64/winavr/bin/../lib/gcc/avr/4.3.3/avr5\libgcc.a(_mulsi3.o)
 .text          0x00000092        0x0 c:/ayaya/nti 4 month/flashdrive/nti/sdk_win_64/sdk_win_64/winavr/bin/../lib/gcc/avr/4.3.3/avr5\libgcc.a(_udivmodqi4.o)
 .text          0x00000092        0x0 c:/ayaya/nti 4 month/flashdrive/nti/sdk_win_64/sdk_win_64/winavr/bin/../lib/gcc/avr/4.3.3/avr5\libgcc.a(_udivmodsi4.o)
 .text          0x00000092        0x0 c:/ayaya/nti 4 month/flashdrive/nti/sdk_win_64/sdk_win_64/winavr/bin/../lib/gcc/avr/4.3.3/avr5\libgcc.a(_divmodsi4.o)
 .text          0x00000092        0x0 c:/ayaya/nti 4 month/flashdrive/nti/sdk_win_64/sdk_win_64/winavr/bin/../lib/gcc/avr/4.3.3/avr5\libgcc.a(_exit.o)
 .text          0x00000092        0x0 c:/ayaya/nti 4 month/flashdrive/nti/sdk_win_64/sdk_win_64/winavr/bin/../lib/gcc/avr/4.3.3/avr5\libgcc.a(_copy_data.o)
 .text          0x00000092        0x0 c:/ayaya/nti 4 month/flashdrive/nti/sdk_win_64/sdk_win_64/winavr/bin/../lib/gcc/avr/4.3.3/avr5\libgcc.a(_clear_bss.o)
 .text          0x00000092       0x58 c:/ayaya/nti 4 month/flashdrive/nti/sdk_win_64/sdk_win_64/winavr/bin/../lib/gcc/avr/4.3.3/avr5\libgcc.a(_fixunssfsi.o)
                0x00000092                __fixunssfsi
 .text          0x000000ea      0x354 c:/ayaya/nti 4 month/flashdrive/nti/sdk_win_64/sdk_win_64/winavr/bin/../lib/gcc/avr/4.3.3/avr5\libgcc.a(_addsub_sf.o)
                0x00000382                __subsf3
                0x000003e4                __addsf3
 .text          0x0000043e      0x1f4 c:/ayaya/nti 4 month/flashdrive/nti/sdk_win_64/sdk_win_64/winavr/bin/../lib/gcc/avr/4.3.3/avr5\libgcc.a(_mul_sf.o)
                0x0000043e                __mulsf3
 .text          0x00000632      0x158 c:/ayaya/nti 4 month/flashdrive/nti/sdk_win_64/sdk_win_64/winavr/bin/../lib/gcc/avr/4.3.3/avr5\libgcc.a(_div_sf.o)
                0x00000632                __divsf3
 .text          0x0000078a       0x60 c:/ayaya/nti 4 month/flashdrive/nti/sdk_win_64/sdk_win_64/winavr/bin/../lib/gcc/avr/4.3.3/avr5\libgcc.a(_gt_sf.o)
                0x0000078a                __gtsf2
 .text          0x000007ea       0x60 c:/ayaya/nti 4 month/flashdrive/nti/sdk_win_64/sdk_win_64/winavr/bin/../lib/gcc/avr/4.3.3/avr5\libgcc.a(_ge_sf.o)
                0x000007ea                __gesf2
 .text          0x0000084a       0x60 c:/ayaya/nti 4 month/flashdrive/nti/sdk_win_64/sdk_win_64/winavr/bin/../lib/gcc/avr/4.3.3/avr5\libgcc.a(_lt_sf.o)
                0x0000084a                __ltsf2
 .text          0x000008aa       0xbc c:/ayaya/nti 4 month/flashdrive/nti/sdk_win_64/sdk_win_64/winavr/bin/../lib/gcc/avr/4.3.3/avr5\libgcc.a(_si_to_sf.o)
                0x000008aa                __floatsisf
 .text          0x00000966       0xa8 c:/ayaya/nti 4 month/flashdrive/nti/sdk_win_64/sdk_win_64/winavr/bin/../lib/gcc/avr/4.3.3/avr5\libgcc.a(_sf_to_si.o)
                0x00000966                __fixsfsi
 .text          0x00000a0e        0x0 c:/ayaya/nti 4 month/flashdrive/nti/sdk_win_64/sdk_win_64/winavr/bin/../lib/gcc/avr/4.3.3/avr5\libgcc.a(_thenan_sf.o)
 .text          0x00000a0e        0x0 c:/ayaya/nti 4 month/flashdrive/nti/sdk_win_64/sdk_win_64/winavr/bin/../lib/gcc/avr/4.3.3/avr5\libgcc.a(_prologue.o)
 .text          0x00000a0e        0x0 c:/ayaya/nti 4 month/flashdrive/nti/sdk_win_64/sdk_win_64/winavr/bin/../lib/gcc/avr/4.3.3/avr5\libgcc.a(_epilogue.o)
 .text          0x00000a0e       0x9e c:/ayaya/nti 4 month/flashdrive/nti/sdk_win_64/sdk_win_64/winavr/bin/../lib/gcc/avr/4.3.3/avr5\libgcc.a(_clzsi2.o)
                0x00000a0e                __clzsi2
 .text          0x00000aac      0x1aa c:/ayaya/nti 4 month/flashdrive/nti/sdk_win_64/sdk_win_64/winavr/bin/../lib/gcc/avr/4.3.3/avr5\libgcc.a(_pack_sf.o)
                0x00000aac                __pack_f
 .text          0x00000c56       0xf0 c:/ayaya/nti 4 month/flashdrive/nti/sdk_win_64/sdk_win_64/winavr/bin/../lib/gcc/avr/4.3.3/avr5\libgcc.a(_unpack_sf.o)
                0x00000c56                __unpack_f
 .text          0x00000d46       0xb2 c:/ayaya/nti 4 month/flashdrive/nti/sdk_win_64/sdk_win_64/winavr/bin/../lib/gcc/avr/4.3.3/avr5\libgcc.a(_fpcmp_parts_sf.o)
                0x00000d46                __fpcmp_parts_f
 .text          0x00000df8        0x0 c:/ayaya/nti 4 month/flashdrive/nti/sdk_win_64/sdk_win_64/winavr/bin/../lib/gcc/avr/4.3.3/avr5\libgcc.a(_clz.o)
 .text          0x00000df8        0x0 c:/ayaya/nti 4 month/flashdrive/nti/sdk_win_64/sdk_win_64/winavr/bin/../lib/gcc/avr/4.3.3/../../../../avr/lib/avr5\libc.a(sprintf.o)
 .text          0x00000df8        0x0 c:/ayaya/nti 4 month/flashdrive/nti/sdk_win_64/sdk_win_64/winavr/bin/../lib/gcc/avr/4.3.3/../../../../avr/lib/avr5\libc.a(vfprintf_std.o)
 .text          0x00000df8        0x0 c:/ayaya/nti 4 month/flashdrive/nti/sdk_win_64/sdk_win_64/winavr/bin/../lib/gcc/avr/4.3.3/../../../../avr/lib/avr5\libc.a(strnlen_P.o)
 .text          0x00000df8        0x0 c:/ayaya/nti 4 month/flashdrive/nti/sdk_win_64/sdk_win_64/winavr/bin/../lib/gcc/avr/4.3.3/../../../../avr/lib/avr5\libc.a(strnlen.o)
 .text          0x00000df8        0x0 c:/ayaya/nti 4 month/flashdrive/nti/sdk_win_64/sdk_win_64/winavr/bin/../lib/gcc/avr/4.3.3/../../../../avr/lib/avr5\libc.a(fputc.o)
 .text          0x00000df8        0x0 c:/ayaya/nti 4 month/flashdrive/nti/sdk_win_64/sdk_win_64/winavr/bin/../lib/gcc/avr/4.3.3/../../../../avr/lib/avr5\libc.a(ultoa_invert.o)
                0x00000df8                . = ALIGN (0x2)
 *(.text.*)
 .text.SERVICE_TempControl
                0x00000df8       0x82 ./SERVICE/TempControl/TempControl.o
                0x00000df8                SERVICE_TempControl
 .text.SERVICE_SET_ON_FLAG
                0x00000e7a       0x1c ./SERVICE/SET_ON_FLAG/setOnFlag.o
                0x00000e7a                SERVICE_SET_ON_FLAG
 .text.SERVICE_OPEN_DOOR
                0x00000e96       0x1e ./SERVICE/OpenDoor/OpenDoor.o
                0x00000e96                SERVICE_OPEN_DOOR
 .text.lockHouse
                0x00000eb4       0x18 ./SERVICE/LockHouse/lockHouse.o
                0x00000eb4                lockHouse
 .text.SERVICE_LEDS_Control
                0x00000ecc       0x64 ./SERVICE/LEDs_Control/SERVICE_LEDS_Control.o
                0x00000ecc                SERVICE_LEDS_Control
 .text.func_ext_int_0.1361
                0x00000f30       0x2a ./SERVICE/LEDs_Control/SERVICE_LEDS_Control.o
 .text.SERVICE_EVERYTHING_ON
                0x00000f5a       0x2c ./SERVICE/EVERYTHING_ON/EverythingOn.o
                0x00000f5a                SERVICE_EVERYTHING_ON
 .text.SERVICE_DisplayDateTime
                0x00000f86      0x110 ./SERVICE/DisplayDateTime/DisplayDateTime.o
                0x00000f86                SERVICE_DisplayDateTime
 .text.Check_LDR
                0x00001096       0x2e ./SERVICE/CurtainsSetFlag/prog.o
                0x00001096                Check_LDR
 .text.SERVICE_Set_Flag
                0x000010c4       0x22 ./SERVICE/CurtainsSetFlag/prog.o
                0x000010c4                SERVICE_Set_Flag
 .text.SERVICE_Curtain_Control
                0x000010e6       0x28 ./SERVICE/CurtainsSetFlag/prog.o
                0x000010e6                SERVICE_Curtain_Control
 .text.SERVICE_Check_IR
                0x0000110e      0x126 ./SERVICE/CheckIR/Check_IR.o
                0x0000110e                SERVICE_Check_IR
 .text.MCAL_UART_init
                0x00001234       0xbc ./MCAL/UART/Uart.o
                0x00001234                MCAL_UART_init
 .text.MCAL_UART_send_sysch
                0x000012f0       0x34 ./MCAL/UART/Uart.o
                0x000012f0                MCAL_UART_send_sysch
 .text.MCAL_UART_TXC_Enable
                0x00001324       0x26 ./MCAL/UART/Uart.o
                0x00001324                MCAL_UART_TXC_Enable
 .text.MCAL_UART_UDRE_Enable
                0x0000134a       0x26 ./MCAL/UART/Uart.o
                0x0000134a                MCAL_UART_UDRE_Enable
 .text.MCAL_UART_send_str_sysch
                0x00001370       0x5e ./MCAL/UART/Uart.o
                0x00001370                MCAL_UART_send_str_sysch
 .text.MCAL_UART_receive_sysch
                0x000013ce       0x1e ./MCAL/UART/Uart.o
                0x000013ce                MCAL_UART_receive_sysch
 .text.MCAL_UART_RXC_Enable
                0x000013ec       0x26 ./MCAL/UART/Uart.o
                0x000013ec                MCAL_UART_RXC_Enable
 .text.MCAL_UART_setCAllBACK
                0x00001412       0x90 ./MCAL/UART/Uart.o
                0x00001412                MCAL_UART_setCAllBACK
 .text.__vector_13
                0x000014a2       0x66 ./MCAL/UART/Uart.o
                0x000014a2                __vector_13
 .text.__vector_15
                0x00001508       0x66 ./MCAL/UART/Uart.o
                0x00001508                __vector_15
 .text.__vector_14
                0x0000156e       0x66 ./MCAL/UART/Uart.o
                0x0000156e                __vector_14
 .text.Timer1_Init
                0x000015d4      0x1f8 ./MCAL/Timer1/Timer1_prog.o
                0x000015d4                Timer1_Init
 .text.Timer1_OCRA1Mode
                0x000017cc       0xd4 ./MCAL/Timer1/Timer1_prog.o
                0x000017cc                Timer1_OCRA1Mode
 .text.Timer1_OCRB1Mode
                0x000018a0       0xd4 ./MCAL/Timer1/Timer1_prog.o
                0x000018a0                Timer1_OCRB1Mode
 .text.Timer1_InputCaptureEdge
                0x00001974       0x44 ./MCAL/Timer1/Timer1_prog.o
                0x00001974                Timer1_InputCaptureEdge
 .text.Timer1_ICU_InterruptEnable
                0x000019b8       0x1c ./MCAL/Timer1/Timer1_prog.o
                0x000019b8                Timer1_ICU_InterruptEnable
 .text.Timer1_ICU_InterruptDisable
                0x000019d4       0x1c ./MCAL/Timer1/Timer1_prog.o
                0x000019d4                Timer1_ICU_InterruptDisable
 .text.Timer1_OVF_InterruptEnable
                0x000019f0       0x1c ./MCAL/Timer1/Timer1_prog.o
                0x000019f0                Timer1_OVF_InterruptEnable
 .text.Timer1_OVF_InterruptDisable
                0x00001a0c       0x1c ./MCAL/Timer1/Timer1_prog.o
                0x00001a0c                Timer1_OVF_InterruptDisable
 .text.Timer1_OCA_InterruptEnable
                0x00001a28       0x1c ./MCAL/Timer1/Timer1_prog.o
                0x00001a28                Timer1_OCA_InterruptEnable
 .text.Timer1_OCA_InterruptDisable
                0x00001a44       0x1c ./MCAL/Timer1/Timer1_prog.o
                0x00001a44                Timer1_OCA_InterruptDisable
 .text.Timer1_OCB_InterruptEnable
                0x00001a60       0x1c ./MCAL/Timer1/Timer1_prog.o
                0x00001a60                Timer1_OCB_InterruptEnable
 .text.Timer1_OCB_InterruptDisable
                0x00001a7c       0x1c ./MCAL/Timer1/Timer1_prog.o
                0x00001a7c                Timer1_OCB_InterruptDisable
 .text.Timer1_OVF_SetCallBack
                0x00001a98       0x3e ./MCAL/Timer1/Timer1_prog.o
                0x00001a98                Timer1_OVF_SetCallBack
 .text.Timer1_OCA_SetCallBack
                0x00001ad6       0x3e ./MCAL/Timer1/Timer1_prog.o
                0x00001ad6                Timer1_OCA_SetCallBack
 .text.Timer1_OCB_SetCallBack
                0x00001b14       0x3e ./MCAL/Timer1/Timer1_prog.o
                0x00001b14                Timer1_OCB_SetCallBack
 .text.Timer1_ICU_SetCallBack
                0x00001b52       0x3e ./MCAL/Timer1/Timer1_prog.o
                0x00001b52                Timer1_ICU_SetCallBack
 .text.__vector_9
                0x00001b90       0x66 ./MCAL/Timer1/Timer1_prog.o
                0x00001b90                __vector_9
 .text.__vector_7
                0x00001bf6       0x66 ./MCAL/Timer1/Timer1_prog.o
                0x00001bf6                __vector_7
 .text.__vector_8
                0x00001c5c       0x66 ./MCAL/Timer1/Timer1_prog.o
                0x00001c5c                __vector_8
 .text.__vector_6
                0x00001cc2       0x66 ./MCAL/Timer1/Timer1_prog.o
                0x00001cc2                __vector_6
 .text.MCAL_Timer0_OVF_Init
                0x00001d28       0xd8 ./MCAL/Timer0/Timer0.o
                0x00001d28                MCAL_Timer0_OVF_Init
 .text.MCAL_Timer0_CTC_Init
                0x00001e00       0xf4 ./MCAL/Timer0/Timer0.o
                0x00001e00                MCAL_Timer0_CTC_Init
 .text.MCAL_Timer0_FastPWM_Init
                0x00001ef4      0x102 ./MCAL/Timer0/Timer0.o
                0x00001ef4                MCAL_Timer0_FastPWM_Init
 .text.MCAL_Timer0_PCPWM_Init
                0x00001ff6       0xf4 ./MCAL/Timer0/Timer0.o
                0x00001ff6                MCAL_Timer0_PCPWM_Init
 .text.I2C_Init
                0x000020ea       0x48 ./MCAL/I2C/I2C.o
                0x000020ea                I2C_Init
 .text.I2C_Start
                0x00002132       0x82 ./MCAL/I2C/I2C.o
                0x00002132                I2C_Start
 .text.I2C_Repeated_Start
                0x000021b4       0x82 ./MCAL/I2C/I2C.o
                0x000021b4                I2C_Repeated_Start
 .text.I2C_Stop
                0x00002236       0x28 ./MCAL/I2C/I2C.o
                0x00002236                I2C_Stop
 .text.I2C_Start_Wait
                0x0000225e       0x68 ./MCAL/I2C/I2C.o
                0x0000225e                I2C_Start_Wait
 .text.I2C_Write
                0x000022c6       0x5a ./MCAL/I2C/I2C.o
                0x000022c6                I2C_Write
 .text.I2C_Read_Ack
                0x00002320       0x2a ./MCAL/I2C/I2C.o
                0x00002320                I2C_Read_Ack
 .text.I2C_Read_Nack
                0x0000234a       0x2a ./MCAL/I2C/I2C.o
                0x0000234a                I2C_Read_Nack
 .text.TWI_init
                0x00002374       0x2c ./MCAL/I2C/twi.o
                0x00002374                TWI_init
 .text.TWI_start
                0x000023a0       0x20 ./MCAL/I2C/twi.o
                0x000023a0                TWI_start
 .text.TWI_stop
                0x000023c0       0x16 ./MCAL/I2C/twi.o
                0x000023c0                TWI_stop
 .text.TWI_writeByte
                0x000023d6       0x2e ./MCAL/I2C/twi.o
                0x000023d6                TWI_writeByte
 .text.TWI_readByteWithACK
                0x00002404       0x26 ./MCAL/I2C/twi.o
                0x00002404                TWI_readByteWithACK
 .text.TWI_readByteWithNACK
                0x0000242a       0x26 ./MCAL/I2C/twi.o
                0x0000242a                TWI_readByteWithNACK
 .text.TWI_getStatus
                0x00002450       0x1e ./MCAL/I2C/twi.o
                0x00002450                TWI_getStatus
 .text.MCAL_EXT_INT_0_init
                0x0000246e       0xca ./MCAL/EXT/External_interrupt.o
                0x0000246e                MCAL_EXT_INT_0_init
 .text.MCAL_EXT_INT_1_init
                0x00002538       0xca ./MCAL/EXT/External_interrupt.o
                0x00002538                MCAL_EXT_INT_1_init
 .text.MCAL_EXT_INT_2_init
                0x00002602       0x80 ./MCAL/EXT/External_interrupt.o
                0x00002602                MCAL_EXT_INT_2_init
 .text.MCAL_Ext_INT_setCallBack
                0x00002682       0x90 ./MCAL/EXT/External_interrupt.o
                0x00002682                MCAL_Ext_INT_setCallBack
 .text.__vector_1
                0x00002712       0x66 ./MCAL/EXT/External_interrupt.o
                0x00002712                __vector_1
 .text.__vector_2
                0x00002778       0x66 ./MCAL/EXT/External_interrupt.o
                0x00002778                __vector_2
 .text.__vector_3
                0x000027de       0x66 ./MCAL/EXT/External_interrupt.o
                0x000027de                __vector_3
 .text.EEPROM_writeByte
                0x00002844       0x82 ./MCAL/EEPROM/external_eeprom.o
                0x00002844                EEPROM_writeByte
 .text.EEPROM_readByte
                0x000028c6       0xc0 ./MCAL/EEPROM/external_eeprom.o
                0x000028c6                EEPROM_readByte
 .text.MCAL_Dio_Init
                0x00002986      0x116 ./MCAL/DIO/DIO.o
                0x00002986                MCAL_Dio_Init
 .text.MCAL_Dio_SetPortDirection
                0x00002a9c       0xbe ./MCAL/DIO/DIO.o
                0x00002a9c                MCAL_Dio_SetPortDirection
 .text.MCAL_Dio_SetPinDirection
                0x00002b5a      0x116 ./MCAL/DIO/DIO.o
                0x00002b5a                MCAL_Dio_SetPinDirection
 .text.MCAL_Dio_ReadPort
                0x00002c70       0xba ./MCAL/DIO/DIO.o
                0x00002c70                MCAL_Dio_ReadPort
 .text.MCAL_Dio_ReadPin
                0x00002d2a      0x136 ./MCAL/DIO/DIO.o
                0x00002d2a                MCAL_Dio_ReadPin
 .text.MCAL_Dio_WritePort
                0x00002e60       0xa2 ./MCAL/DIO/DIO.o
                0x00002e60                MCAL_Dio_WritePort
 .text.MCAL_Dio_WritePin
                0x00002f02      0x114 ./MCAL/DIO/DIO.o
                0x00002f02                MCAL_Dio_WritePin
 .text.MCAL_Dio_WriteSinglePin
                0x00003016      0x222 ./MCAL/DIO/DIO.o
                0x00003016                MCAL_Dio_WriteSinglePin
 .text.MCAL_Dio_ReadSinglePin
                0x00003238      0x162 ./MCAL/DIO/DIO.o
                0x00003238                MCAL_Dio_ReadSinglePin
 .text.MCAL_Dio_TogglePin
                0x0000339a      0x15a ./MCAL/DIO/DIO.o
                0x0000339a                MCAL_Dio_TogglePin
 .text.MCAL_ADC_INIT
                0x000034f4       0xea ./MCAL/ADC/ADC_prog.o
                0x000034f4                MCAL_ADC_INIT
 .text.MCAL_ADC_READ
                0x000035de       0x62 ./MCAL/ADC/ADC_prog.o
                0x000035de                MCAL_ADC_READ
 .text.HAL_Solenoid_init
                0x00003640       0x34 ./HAL/Solenoid/Solenoid.o
                0x00003640                HAL_Solenoid_init
 .text.HAL_Solenoid_Open
                0x00003674       0x36 ./HAL/Solenoid/Solenoid.o
                0x00003674                HAL_Solenoid_Open
 .text.HAL_Solenoid_Close
                0x000036aa       0x36 ./HAL/Solenoid/Solenoid.o
                0x000036aa                HAL_Solenoid_Close
 .text.HAL_SERVO_INIT
                0x000036e0       0x44 ./HAL/SERVO/Servo.o
                0x000036e0                HAL_SERVO_INIT
 .text.HAL_SERVO_Write
                0x00003724       0x76 ./HAL/SERVO/Servo.o
                0x00003724                HAL_SERVO_Write
 .text.HAL_SERVO_Increment
                0x0000379a       0x3a ./HAL/SERVO/Servo.o
                0x0000379a                HAL_SERVO_Increment
 .text.HAL_SERVO_Write_CW
                0x000037d4       0x20 ./HAL/SERVO/Servo.o
                0x000037d4                HAL_SERVO_Write_CW
 .text.HAL_SERVO_Write_CCW
                0x000037f4       0x20 ./HAL/SERVO/Servo.o
                0x000037f4                HAL_SERVO_Write_CCW
 .text.HAL_RTC_Init
                0x00003814      0x1e4 ./HAL/RTC/RTC.o
                0x00003814                HAL_RTC_Init
 .text.HAL_RTC_ReadTime
                0x000039f8       0x54 ./HAL/RTC/RTC.o
                0x000039f8                HAL_RTC_ReadTime
 .text.HAL_RTC_ReadDate
                0x00003a4c       0x78 ./HAL/RTC/RTC.o
                0x00003a4c                HAL_RTC_ReadDate
 .text.Enter_Password
                0x00003ac4      0xb06 ./HAL/Password/Password.o
                0x00003ac4                Enter_Password
 .text.Login    0x000045ca      0x392 ./HAL/Password/Password.o
                0x000045ca                Login
 .text.HAL_PIR_Init
                0x0000495c       0x3e ./HAL/PIR/PIR.o
                0x0000495c                HAL_PIR_Init
 .text.HAL_PIR_Read
                0x0000499a       0x46 ./HAL/PIR/PIR.o
                0x0000499a                HAL_PIR_Read
 .text.HAL_LM35_readTemp
                0x000049e0       0x5c ./HAL/LM35/LM35_Prog.o
                0x000049e0                HAL_LM35_readTemp
 .text.HAL_LED_INIT
                0x00004a3c       0x40 ./HAL/LED/LED.o
                0x00004a3c                HAL_LED_INIT
 .text.HAL_LED_ON
                0x00004a7c       0x40 ./HAL/LED/LED.o
                0x00004a7c                HAL_LED_ON
 .text.HAL_LED_OFF
                0x00004abc       0x40 ./HAL/LED/LED.o
                0x00004abc                HAL_LED_OFF
 .text.HAL_LED_TOGGLE
                0x00004afc      0x242 ./HAL/LED/LED.o
                0x00004afc                HAL_LED_TOGGLE
 .text.HAL_LDR_Init
                0x00004d3e       0x22 ./HAL/LDR/LDR_prg.o
                0x00004d3e                HAL_LDR_Init
 .text.HAL_LDR_Read
                0x00004d60       0x84 ./HAL/LDR/LDR_prg.o
                0x00004d60                HAL_LDR_Read
 .text.HAL_LCD_init
                0x00004de4      0x550 ./HAL/LCD/lcd_Prog.o
                0x00004de4                HAL_LCD_init
 .text.HAL_LCD_sendCommand
                0x00005334      0xc50 ./HAL/LCD/lcd_Prog.o
                0x00005334                HAL_LCD_sendCommand
 .text.HAL_LCD_sendCharacter
                0x00005f84      0xa68 ./HAL/LCD/lcd_Prog.o
                0x00005f84                HAL_LCD_sendCharacter
 .text.HAL_LCD_sendString
                0x000069ec       0x5c ./HAL/LCD/lcd_Prog.o
                0x000069ec                HAL_LCD_sendString
 .text.HAL_LCD_clearScreen
                0x00006a48      0x120 ./HAL/LCD/lcd_Prog.o
                0x00006a48                HAL_LCD_clearScreen
 .text.HAL_LCD_displaystringRowColumn
                0x00006b68       0x40 ./HAL/LCD/lcd_Prog.o
                0x00006b68                HAL_LCD_displaystringRowColumn
 .text.HAL_LCD_goToRowColumn
                0x00006ba8       0x9e ./HAL/LCD/lcd_Prog.o
                0x00006ba8                HAL_LCD_goToRowColumn
 .text.HAL_LCD_integerToString
                0x00006c46      0x140 ./HAL/LCD/lcd_Prog.o
                0x00006c46                HAL_LCD_integerToString
 .text.HAL_LCD_displayIntegerRowColumn
                0x00006d86       0x54 ./HAL/LCD/lcd_Prog.o
                0x00006d86                HAL_LCD_displayIntegerRowColumn
 .text.HAL_KPD_init
                0x00006dda       0x6e ./HAL/KeyPad/keypad.o
                0x00006dda                HAL_KPD_init
 .text.HAL_KPD_getKey
                0x00006e48      0x29a ./HAL/KeyPad/keypad.o
                0x00006e48                HAL_KPD_getKey
 .text.HAL_IR_Init
                0x000070e2       0x2a ./HAL/IR/IR_Prog.o
                0x000070e2                HAL_IR_Init
 .text.HAL_IR_Read
                0x0000710c       0x2c ./HAL/IR/IR_Prog.o
                0x0000710c                HAL_IR_Read
 .text.HAL_BUZZER_INIT
                0x00007138       0x40 ./HAL/Buzzrer/Buzzer.o
                0x00007138                HAL_BUZZER_INIT
 .text.HAL_BUZZER_ON
                0x00007178       0x40 ./HAL/Buzzrer/Buzzer.o
                0x00007178                HAL_BUZZER_ON
 .text.HAL_BUZZER_OFF
                0x000071b8       0x40 ./HAL/Buzzrer/Buzzer.o
                0x000071b8                HAL_BUZZER_OFF
 .text.HAL_BUTTON_init
                0x000071f8       0x34 ./HAL/Button/Button.o
                0x000071f8                HAL_BUTTON_init
 .text.HAL_BUTTON_read
                0x0000722c       0x42 ./HAL/Button/Button.o
                0x0000722c                HAL_BUTTON_read
 .text.HAL_BUTTON_set_pullup
                0x0000726e       0x34 ./HAL/Button/Button.o
                0x0000726e                HAL_BUTTON_set_pullup
 .text.App_init
                0x000072a2      0x192 ./APP/App.o
                0x000072a2                App_init
 .text.App_start
                0x00007434       0x72 ./APP/App.o
                0x00007434                App_start
 .text.main     0x000074a6       0x12 ./main.o
                0x000074a6                main
 .text.libgcc   0x000074b8       0x3e c:/ayaya/nti 4 month/flashdrive/nti/sdk_win_64/sdk_win_64/winavr/bin/../lib/gcc/avr/4.3.3/avr5\libgcc.a(_mulsi3.o)
                0x000074b8                __mulsi3
 .text.libgcc   0x000074f6       0x18 c:/ayaya/nti 4 month/flashdrive/nti/sdk_win_64/sdk_win_64/winavr/bin/../lib/gcc/avr/4.3.3/avr5\libgcc.a(_udivmodqi4.o)
                0x000074f6                __udivmodqi4
 .text.libgcc   0x0000750e       0x44 c:/ayaya/nti 4 month/flashdrive/nti/sdk_win_64/sdk_win_64/winavr/bin/../lib/gcc/avr/4.3.3/avr5\libgcc.a(_udivmodsi4.o)
                0x0000750e                __udivmodsi4
 .text.libgcc   0x00007552       0x36 c:/ayaya/nti 4 month/flashdrive/nti/sdk_win_64/sdk_win_64/winavr/bin/../lib/gcc/avr/4.3.3/avr5\libgcc.a(_divmodsi4.o)
                0x00007552                __divmodsi4
 .text.libgcc   0x00007588        0x0 c:/ayaya/nti 4 month/flashdrive/nti/sdk_win_64/sdk_win_64/winavr/bin/../lib/gcc/avr/4.3.3/avr5\libgcc.a(_exit.o)
 .text.libgcc   0x00007588        0x0 c:/ayaya/nti 4 month/flashdrive/nti/sdk_win_64/sdk_win_64/winavr/bin/../lib/gcc/avr/4.3.3/avr5\libgcc.a(_copy_data.o)
 .text.libgcc   0x00007588        0x0 c:/ayaya/nti 4 month/flashdrive/nti/sdk_win_64/sdk_win_64/winavr/bin/../lib/gcc/avr/4.3.3/avr5\libgcc.a(_clear_bss.o)
 .text.libgcc   0x00007588       0x38 c:/ayaya/nti 4 month/flashdrive/nti/sdk_win_64/sdk_win_64/winavr/bin/../lib/gcc/avr/4.3.3/avr5\libgcc.a(_prologue.o)
                0x00007588                __prologue_saves__
 .text.libgcc   0x000075c0       0x36 c:/ayaya/nti 4 month/flashdrive/nti/sdk_win_64/sdk_win_64/winavr/bin/../lib/gcc/avr/4.3.3/avr5\libgcc.a(_epilogue.o)
                0x000075c0                __epilogue_restores__
 .text.avr-libc
                0x000075f6       0x48 c:/ayaya/nti 4 month/flashdrive/nti/sdk_win_64/sdk_win_64/winavr/bin/../lib/gcc/avr/4.3.3/../../../../avr/lib/avr5\libc.a(sprintf.o)
                0x000075f6                sprintf
 .text.avr-libc
                0x0000763e      0x3ba c:/ayaya/nti 4 month/flashdrive/nti/sdk_win_64/sdk_win_64/winavr/bin/../lib/gcc/avr/4.3.3/../../../../avr/lib/avr5\libc.a(vfprintf_std.o)
                0x0000763e                vfprintf
 .text.avr-libc
                0x000079f8       0x16 c:/ayaya/nti 4 month/flashdrive/nti/sdk_win_64/sdk_win_64/winavr/bin/../lib/gcc/avr/4.3.3/../../../../avr/lib/avr5\libc.a(strnlen_P.o)
                0x000079f8                strnlen_P
 .text.avr-libc
                0x00007a0e       0x16 c:/ayaya/nti 4 month/flashdrive/nti/sdk_win_64/sdk_win_64/winavr/bin/../lib/gcc/avr/4.3.3/../../../../avr/lib/avr5\libc.a(strnlen.o)
                0x00007a0e                strnlen
 .text.avr-libc
                0x00007a24       0x58 c:/ayaya/nti 4 month/flashdrive/nti/sdk_win_64/sdk_win_64/winavr/bin/../lib/gcc/avr/4.3.3/../../../../avr/lib/avr5\libc.a(fputc.o)
                0x00007a24                fputc
 .text.avr-libc
                0x00007a7c       0xbc c:/ayaya/nti 4 month/flashdrive/nti/sdk_win_64/sdk_win_64/winavr/bin/../lib/gcc/avr/4.3.3/../../../../avr/lib/avr5\libc.a(ultoa_invert.o)
                0x00007a7c                __ultoa_invert
                0x00007b38                . = ALIGN (0x2)
 *(.fini9)
 .fini9         0x00007b38        0x0 c:/ayaya/nti 4 month/flashdrive/nti/sdk_win_64/sdk_win_64/winavr/bin/../lib/gcc/avr/4.3.3/avr5\libgcc.a(_exit.o)
                0x00007b38                exit
                0x00007b38                _exit
 *(.fini9)
 *(.fini8)
 *(.fini8)
 *(.fini7)
 *(.fini7)
 *(.fini6)
 *(.fini6)
 *(.fini5)
 *(.fini5)
 *(.fini4)
 *(.fini4)
 *(.fini3)
 *(.fini3)
 *(.fini2)
 *(.fini2)
 *(.fini1)
 *(.fini1)
 *(.fini0)
 .fini0         0x00007b38        0x4 c:/ayaya/nti 4 month/flashdrive/nti/sdk_win_64/sdk_win_64/winavr/bin/../lib/gcc/avr/4.3.3/avr5\libgcc.a(_exit.o)
 *(.fini0)
                0x00007b3c                _etext = .

.data           0x00800060      0x1b6 load address 0x00007b3c
                0x00800060                PROVIDE (__data_start, .)
 *(.data)
 .data          0x00800060        0x0 c:/ayaya/nti 4 month/flashdrive/nti/sdk_win_64/sdk_win_64/winavr/bin/../lib/gcc/avr/4.3.3/../../../../avr/lib/avr5/crtm32.o
 .data          0x00800060        0x0 ./SERVICE/TempControl/TempControl.o
 .data          0x00800060        0x0 ./SERVICE/SET_ON_FLAG/setOnFlag.o
 .data          0x00800060        0x0 ./SERVICE/OpenDoor/OpenDoor.o
 .data          0x00800060        0x0 ./SERVICE/LockHouse/lockHouse.o
 .data          0x00800060        0x0 ./SERVICE/LEDs_Control/SERVICE_LEDS_Control.o
 .data          0x00800060        0x0 ./SERVICE/EnterPass/EnterPass.o
 .data          0x00800060        0x0 ./SERVICE/EVERYTHING_ON/EverythingOn.o
 .data          0x00800060       0x24 ./SERVICE/DisplayDateTime/DisplayDateTime.o
 .data          0x00800084        0x0 ./SERVICE/CurtainsSetFlag/prog.o
 .data          0x00800084        0x0 ./SERVICE/CheckIR/Check_IR.o
 .data          0x00800084        0x0 ./MCAL/UART/Uart.o
 .data          0x00800084        0x0 ./MCAL/Timer1/Timer1_prog.o
 .data          0x00800084        0x0 ./MCAL/Timer0/Timer0.o
 .data          0x00800084        0x0 ./MCAL/I2C/I2C.o
 .data          0x00800084        0x0 ./MCAL/I2C/twi.o
 .data          0x00800084        0x0 ./MCAL/EXT/External_interrupt.o
 .data          0x00800084        0x0 ./MCAL/EEPROM/external_eeprom.o
 .data          0x00800084        0x0 ./MCAL/DIO/DIO.o
 .data          0x00800084        0x0 ./MCAL/ADC/ADC_prog.o
 .data          0x00800084        0x0 ./HAL/Solenoid/Solenoid.o
 .data          0x00800084        0x0 ./HAL/SERVO/Servo.o
 .data          0x00800084        0x0 ./HAL/RTC/RTC.o
 .data          0x00800084       0x26 ./HAL/Password/Password.o
 .data          0x008000aa        0x0 ./HAL/PIR/PIR.o
 .data          0x008000aa        0x0 ./HAL/LM35/LM35_Prog.o
 .data          0x008000aa        0x0 ./HAL/LED/LED.o
 .data          0x008000aa        0x0 ./HAL/LDR/LDR_prg.o
 .data          0x008000aa        0x0 ./HAL/LCD/lcd_Prog.o
 .data          0x008000aa        0x0 ./HAL/KeyPad/keypad.o
 .data          0x008000aa        0x0 ./HAL/IR/IR_Prog.o
 .data          0x008000aa        0x0 ./HAL/Buzzrer/Buzzer.o
 .data          0x008000aa        0x0 ./HAL/Button/Button.o
 .data          0x008000aa        0x4 ./APP/App.o
 .data          0x008000ae        0x0 ./main.o
 .data          0x008000ae        0x0 c:/ayaya/nti 4 month/flashdrive/nti/sdk_win_64/sdk_win_64/winavr/bin/../lib/gcc/avr/4.3.3/avr5\libgcc.a(_mulsi3.o)
 .data          0x008000ae        0x0 c:/ayaya/nti 4 month/flashdrive/nti/sdk_win_64/sdk_win_64/winavr/bin/../lib/gcc/avr/4.3.3/avr5\libgcc.a(_udivmodqi4.o)
 .data          0x008000ae        0x0 c:/ayaya/nti 4 month/flashdrive/nti/sdk_win_64/sdk_win_64/winavr/bin/../lib/gcc/avr/4.3.3/avr5\libgcc.a(_udivmodsi4.o)
 .data          0x008000ae        0x0 c:/ayaya/nti 4 month/flashdrive/nti/sdk_win_64/sdk_win_64/winavr/bin/../lib/gcc/avr/4.3.3/avr5\libgcc.a(_divmodsi4.o)
 .data          0x008000ae        0x0 c:/ayaya/nti 4 month/flashdrive/nti/sdk_win_64/sdk_win_64/winavr/bin/../lib/gcc/avr/4.3.3/avr5\libgcc.a(_exit.o)
 .data          0x008000ae        0x0 c:/ayaya/nti 4 month/flashdrive/nti/sdk_win_64/sdk_win_64/winavr/bin/../lib/gcc/avr/4.3.3/avr5\libgcc.a(_copy_data.o)
 .data          0x008000ae        0x0 c:/ayaya/nti 4 month/flashdrive/nti/sdk_win_64/sdk_win_64/winavr/bin/../lib/gcc/avr/4.3.3/avr5\libgcc.a(_clear_bss.o)
 .data          0x008000ae        0x0 c:/ayaya/nti 4 month/flashdrive/nti/sdk_win_64/sdk_win_64/winavr/bin/../lib/gcc/avr/4.3.3/avr5\libgcc.a(_fixunssfsi.o)
 .data          0x008000ae        0x0 c:/ayaya/nti 4 month/flashdrive/nti/sdk_win_64/sdk_win_64/winavr/bin/../lib/gcc/avr/4.3.3/avr5\libgcc.a(_addsub_sf.o)
 .data          0x008000ae        0x0 c:/ayaya/nti 4 month/flashdrive/nti/sdk_win_64/sdk_win_64/winavr/bin/../lib/gcc/avr/4.3.3/avr5\libgcc.a(_mul_sf.o)
 .data          0x008000ae        0x0 c:/ayaya/nti 4 month/flashdrive/nti/sdk_win_64/sdk_win_64/winavr/bin/../lib/gcc/avr/4.3.3/avr5\libgcc.a(_div_sf.o)
 .data          0x008000ae        0x0 c:/ayaya/nti 4 month/flashdrive/nti/sdk_win_64/sdk_win_64/winavr/bin/../lib/gcc/avr/4.3.3/avr5\libgcc.a(_gt_sf.o)
 .data          0x008000ae        0x0 c:/ayaya/nti 4 month/flashdrive/nti/sdk_win_64/sdk_win_64/winavr/bin/../lib/gcc/avr/4.3.3/avr5\libgcc.a(_ge_sf.o)
 .data          0x008000ae        0x0 c:/ayaya/nti 4 month/flashdrive/nti/sdk_win_64/sdk_win_64/winavr/bin/../lib/gcc/avr/4.3.3/avr5\libgcc.a(_lt_sf.o)
 .data          0x008000ae        0x0 c:/ayaya/nti 4 month/flashdrive/nti/sdk_win_64/sdk_win_64/winavr/bin/../lib/gcc/avr/4.3.3/avr5\libgcc.a(_si_to_sf.o)
 .data          0x008000ae        0x0 c:/ayaya/nti 4 month/flashdrive/nti/sdk_win_64/sdk_win_64/winavr/bin/../lib/gcc/avr/4.3.3/avr5\libgcc.a(_sf_to_si.o)
 .data          0x008000ae        0x8 c:/ayaya/nti 4 month/flashdrive/nti/sdk_win_64/sdk_win_64/winavr/bin/../lib/gcc/avr/4.3.3/avr5\libgcc.a(_thenan_sf.o)
                0x008000ae                __thenan_sf
 .data          0x008000b6        0x0 c:/ayaya/nti 4 month/flashdrive/nti/sdk_win_64/sdk_win_64/winavr/bin/../lib/gcc/avr/4.3.3/avr5\libgcc.a(_prologue.o)
 .data          0x008000b6        0x0 c:/ayaya/nti 4 month/flashdrive/nti/sdk_win_64/sdk_win_64/winavr/bin/../lib/gcc/avr/4.3.3/avr5\libgcc.a(_epilogue.o)
 .data          0x008000b6        0x0 c:/ayaya/nti 4 month/flashdrive/nti/sdk_win_64/sdk_win_64/winavr/bin/../lib/gcc/avr/4.3.3/avr5\libgcc.a(_clzsi2.o)
 .data          0x008000b6        0x0 c:/ayaya/nti 4 month/flashdrive/nti/sdk_win_64/sdk_win_64/winavr/bin/../lib/gcc/avr/4.3.3/avr5\libgcc.a(_pack_sf.o)
 .data          0x008000b6        0x0 c:/ayaya/nti 4 month/flashdrive/nti/sdk_win_64/sdk_win_64/winavr/bin/../lib/gcc/avr/4.3.3/avr5\libgcc.a(_unpack_sf.o)
 .data          0x008000b6        0x0 c:/ayaya/nti 4 month/flashdrive/nti/sdk_win_64/sdk_win_64/winavr/bin/../lib/gcc/avr/4.3.3/avr5\libgcc.a(_fpcmp_parts_sf.o)
 .data          0x008000b6      0x100 c:/ayaya/nti 4 month/flashdrive/nti/sdk_win_64/sdk_win_64/winavr/bin/../lib/gcc/avr/4.3.3/avr5\libgcc.a(_clz.o)
                0x008000b6                __clz_tab
 .data          0x008001b6        0x0 c:/ayaya/nti 4 month/flashdrive/nti/sdk_win_64/sdk_win_64/winavr/bin/../lib/gcc/avr/4.3.3/../../../../avr/lib/avr5\libc.a(sprintf.o)
 .data          0x008001b6        0x0 c:/ayaya/nti 4 month/flashdrive/nti/sdk_win_64/sdk_win_64/winavr/bin/../lib/gcc/avr/4.3.3/../../../../avr/lib/avr5\libc.a(vfprintf_std.o)
 .data          0x008001b6        0x0 c:/ayaya/nti 4 month/flashdrive/nti/sdk_win_64/sdk_win_64/winavr/bin/../lib/gcc/avr/4.3.3/../../../../avr/lib/avr5\libc.a(strnlen_P.o)
 .data          0x008001b6        0x0 c:/ayaya/nti 4 month/flashdrive/nti/sdk_win_64/sdk_win_64/winavr/bin/../lib/gcc/avr/4.3.3/../../../../avr/lib/avr5\libc.a(strnlen.o)
 .data          0x008001b6        0x0 c:/ayaya/nti 4 month/flashdrive/nti/sdk_win_64/sdk_win_64/winavr/bin/../lib/gcc/avr/4.3.3/../../../../avr/lib/avr5\libc.a(fputc.o)
 .data          0x008001b6        0x0 c:/ayaya/nti 4 month/flashdrive/nti/sdk_win_64/sdk_win_64/winavr/bin/../lib/gcc/avr/4.3.3/../../../../avr/lib/avr5\libc.a(ultoa_invert.o)
 *(.data*)
 .data.vref     0x008001b6        0x1 ./SERVICE/TempControl/TempControl.o
 .data.scaler   0x008001b7        0x1 ./SERVICE/TempControl/TempControl.o
 .data.vref     0x008001b8        0x1 ./SERVICE/SET_ON_FLAG/setOnFlag.o
 .data.scaler   0x008001b9        0x1 ./SERVICE/SET_ON_FLAG/setOnFlag.o
 .data.mode     0x008001ba        0x1 ./SERVICE/SET_ON_FLAG/setOnFlag.o
 .data.pscaler  0x008001bb        0x1 ./SERVICE/SET_ON_FLAG/setOnFlag.o
 .data.vref     0x008001bc        0x1 ./SERVICE/OpenDoor/OpenDoor.o
 .data.scaler   0x008001bd        0x1 ./SERVICE/OpenDoor/OpenDoor.o
 .data.mode     0x008001be        0x1 ./SERVICE/OpenDoor/OpenDoor.o
 .data.pscaler  0x008001bf        0x1 ./SERVICE/OpenDoor/OpenDoor.o
 .data.vref     0x008001c0        0x1 ./SERVICE/LockHouse/lockHouse.o
 .data.scaler   0x008001c1        0x1 ./SERVICE/LockHouse/lockHouse.o
 .data.mode     0x008001c2        0x1 ./SERVICE/LockHouse/lockHouse.o
 .data.pscaler  0x008001c3        0x1 ./SERVICE/LockHouse/lockHouse.o
 .data.vref     0x008001c4        0x1 ./SERVICE/EVERYTHING_ON/EverythingOn.o
 .data.scaler   0x008001c5        0x1 ./SERVICE/EVERYTHING_ON/EverythingOn.o
 .data.mode     0x008001c6        0x1 ./SERVICE/EVERYTHING_ON/EverythingOn.o
 .data.pscaler  0x008001c7        0x1 ./SERVICE/EVERYTHING_ON/EverythingOn.o
 .data.vref     0x008001c8        0x1 ./SERVICE/CurtainsSetFlag/prog.o
 .data.scaler   0x008001c9        0x1 ./SERVICE/CurtainsSetFlag/prog.o
 .data.mode     0x008001ca        0x1 ./SERVICE/CurtainsSetFlag/prog.o
 .data.pscaler  0x008001cb        0x1 ./SERVICE/CurtainsSetFlag/prog.o
 .data.LockedFlag
                0x008001cc        0x1 ./SERVICE/CurtainsSetFlag/prog.o
                0x008001cc                LockedFlag
 .data.vref     0x008001cd        0x1 ./SERVICE/CheckIR/Check_IR.o
 .data.scaler   0x008001ce        0x1 ./SERVICE/CheckIR/Check_IR.o
 .data.mode     0x008001cf        0x1 ./SERVICE/CheckIR/Check_IR.o
 .data.pscaler  0x008001d0        0x1 ./SERVICE/CheckIR/Check_IR.o
 .data.vref     0x008001d1        0x1 ./MCAL/ADC/ADC_prog.o
 .data.scaler   0x008001d2        0x1 ./MCAL/ADC/ADC_prog.o
 .data.mode     0x008001d3        0x1 ./HAL/SERVO/Servo.o
 .data.pscaler  0x008001d4        0x1 ./HAL/SERVO/Servo.o
 .data.time     0x008001d5        0x2 ./HAL/LED/LED.o
 .data.vref     0x008001d7        0x1 ./HAL/LDR/LDR_prg.o
 .data.scaler   0x008001d8        0x1 ./HAL/LDR/LDR_prg.o
 .data.S_LDR    0x008001d9        0x3 ./HAL/LDR/LDR_prg.o
                0x008001d9                S_LDR
 .data.keypad_keys
                0x008001dc       0x10 ./HAL/KeyPad/keypad.o
                0x008001dc                keypad_keys
 .data.vref     0x008001ec        0x1 ./APP/App.o
 .data.scaler   0x008001ed        0x1 ./APP/App.o
 .data.mode     0x008001ee        0x1 ./APP/App.o
 .data.pscaler  0x008001ef        0x1 ./APP/App.o
 .data.vref     0x008001f0        0x1 ./main.o
 .data.scaler   0x008001f1        0x1 ./main.o
 .data.mode     0x008001f2        0x1 ./main.o
 .data.pscaler  0x008001f3        0x1 ./main.o
 *(.rodata)
 *(.rodata*)
 .rodata.C.4.1349
                0x008001f4        0x3 ./HAL/LCD/lcd_Prog.o
 .rodata.C.2.1347
                0x008001f7        0x3 ./HAL/LCD/lcd_Prog.o
 .rodata.C.0.1345
                0x008001fa        0x3 ./HAL/LCD/lcd_Prog.o
 .rodata.C.9.1400
                0x008001fd        0x3 ./HAL/LCD/lcd_Prog.o
 .rodata.C.8.1399
                0x00800200        0x3 ./HAL/LCD/lcd_Prog.o
 .rodata.C.6.1397
                0x00800203        0x3 ./HAL/LCD/lcd_Prog.o
 .rodata.C.19.1503
                0x00800206        0x3 ./HAL/LCD/lcd_Prog.o
 .rodata.C.18.1502
                0x00800209        0x3 ./HAL/LCD/lcd_Prog.o
 .rodata.C.16.1500
                0x0080020c        0x3 ./HAL/LCD/lcd_Prog.o
 .rodata.C.0.2077
                0x0080020f        0x7 ./APP/App.o
 *(.gnu.linkonce.d*)
                0x00800216                . = ALIGN (0x2)
                0x00800216                _edata = .
                0x00800216                PROVIDE (__data_end, .)

.bss            0x00800216       0x7f
                0x00800216                PROVIDE (__bss_start, .)
 *(.bss)
 .bss           0x00800216        0x0 c:/ayaya/nti 4 month/flashdrive/nti/sdk_win_64/sdk_win_64/winavr/bin/../lib/gcc/avr/4.3.3/../../../../avr/lib/avr5/crtm32.o
 .bss           0x00800216        0x0 ./SERVICE/TempControl/TempControl.o
 .bss           0x00800216        0x0 ./SERVICE/SET_ON_FLAG/setOnFlag.o
 .bss           0x00800216        0x0 ./SERVICE/OpenDoor/OpenDoor.o
 .bss           0x00800216        0x0 ./SERVICE/LockHouse/lockHouse.o
 .bss           0x00800216        0x0 ./SERVICE/LEDs_Control/SERVICE_LEDS_Control.o
 .bss           0x00800216        0x0 ./SERVICE/EnterPass/EnterPass.o
 .bss           0x00800216        0x0 ./SERVICE/EVERYTHING_ON/EverythingOn.o
 .bss           0x00800216        0x0 ./SERVICE/DisplayDateTime/DisplayDateTime.o
 .bss           0x00800216        0x0 ./SERVICE/CurtainsSetFlag/prog.o
 .bss           0x00800216        0x0 ./SERVICE/CheckIR/Check_IR.o
 .bss           0x00800216        0x0 ./MCAL/UART/Uart.o
 .bss           0x00800216        0x0 ./MCAL/Timer1/Timer1_prog.o
 .bss           0x00800216        0x0 ./MCAL/Timer0/Timer0.o
 .bss           0x00800216        0x0 ./MCAL/I2C/I2C.o
 .bss           0x00800216        0x0 ./MCAL/I2C/twi.o
 .bss           0x00800216        0x0 ./MCAL/EXT/External_interrupt.o
 .bss           0x00800216        0x0 ./MCAL/EEPROM/external_eeprom.o
 .bss           0x00800216        0x0 ./MCAL/DIO/DIO.o
 .bss           0x00800216        0x0 ./MCAL/ADC/ADC_prog.o
 .bss           0x00800216        0x0 ./HAL/Solenoid/Solenoid.o
 .bss           0x00800216        0x0 ./HAL/SERVO/Servo.o
 .bss           0x00800216        0x0 ./HAL/RTC/RTC.o
 .bss           0x00800216        0x0 ./HAL/Password/Password.o
 .bss           0x00800216        0x0 ./HAL/PIR/PIR.o
 .bss           0x00800216        0x0 ./HAL/LM35/LM35_Prog.o
 .bss           0x00800216        0x0 ./HAL/LED/LED.o
 .bss           0x00800216        0x0 ./HAL/LDR/LDR_prg.o
 .bss           0x00800216        0x0 ./HAL/LCD/lcd_Prog.o
 .bss           0x00800216        0x0 ./HAL/KeyPad/keypad.o
 .bss           0x00800216        0x0 ./HAL/IR/IR_Prog.o
 .bss           0x00800216        0x0 ./HAL/Buzzrer/Buzzer.o
 .bss           0x00800216        0x0 ./HAL/Button/Button.o
 .bss           0x00800216        0x0 ./APP/App.o
 .bss           0x00800216        0x0 ./main.o
 .bss           0x00800216        0x0 c:/ayaya/nti 4 month/flashdrive/nti/sdk_win_64/sdk_win_64/winavr/bin/../lib/gcc/avr/4.3.3/avr5\libgcc.a(_mulsi3.o)
 .bss           0x00800216        0x0 c:/ayaya/nti 4 month/flashdrive/nti/sdk_win_64/sdk_win_64/winavr/bin/../lib/gcc/avr/4.3.3/avr5\libgcc.a(_udivmodqi4.o)
 .bss           0x00800216        0x0 c:/ayaya/nti 4 month/flashdrive/nti/sdk_win_64/sdk_win_64/winavr/bin/../lib/gcc/avr/4.3.3/avr5\libgcc.a(_udivmodsi4.o)
 .bss           0x00800216        0x0 c:/ayaya/nti 4 month/flashdrive/nti/sdk_win_64/sdk_win_64/winavr/bin/../lib/gcc/avr/4.3.3/avr5\libgcc.a(_divmodsi4.o)
 .bss           0x00800216        0x0 c:/ayaya/nti 4 month/flashdrive/nti/sdk_win_64/sdk_win_64/winavr/bin/../lib/gcc/avr/4.3.3/avr5\libgcc.a(_exit.o)
 .bss           0x00800216        0x0 c:/ayaya/nti 4 month/flashdrive/nti/sdk_win_64/sdk_win_64/winavr/bin/../lib/gcc/avr/4.3.3/avr5\libgcc.a(_copy_data.o)
 .bss           0x00800216        0x0 c:/ayaya/nti 4 month/flashdrive/nti/sdk_win_64/sdk_win_64/winavr/bin/../lib/gcc/avr/4.3.3/avr5\libgcc.a(_clear_bss.o)
 .bss           0x00800216        0x0 c:/ayaya/nti 4 month/flashdrive/nti/sdk_win_64/sdk_win_64/winavr/bin/../lib/gcc/avr/4.3.3/avr5\libgcc.a(_fixunssfsi.o)
 .bss           0x00800216        0x0 c:/ayaya/nti 4 month/flashdrive/nti/sdk_win_64/sdk_win_64/winavr/bin/../lib/gcc/avr/4.3.3/avr5\libgcc.a(_addsub_sf.o)
 .bss           0x00800216        0x0 c:/ayaya/nti 4 month/flashdrive/nti/sdk_win_64/sdk_win_64/winavr/bin/../lib/gcc/avr/4.3.3/avr5\libgcc.a(_mul_sf.o)
 .bss           0x00800216        0x0 c:/ayaya/nti 4 month/flashdrive/nti/sdk_win_64/sdk_win_64/winavr/bin/../lib/gcc/avr/4.3.3/avr5\libgcc.a(_div_sf.o)
 .bss           0x00800216        0x0 c:/ayaya/nti 4 month/flashdrive/nti/sdk_win_64/sdk_win_64/winavr/bin/../lib/gcc/avr/4.3.3/avr5\libgcc.a(_gt_sf.o)
 .bss           0x00800216        0x0 c:/ayaya/nti 4 month/flashdrive/nti/sdk_win_64/sdk_win_64/winavr/bin/../lib/gcc/avr/4.3.3/avr5\libgcc.a(_ge_sf.o)
 .bss           0x00800216        0x0 c:/ayaya/nti 4 month/flashdrive/nti/sdk_win_64/sdk_win_64/winavr/bin/../lib/gcc/avr/4.3.3/avr5\libgcc.a(_lt_sf.o)
 .bss           0x00800216        0x0 c:/ayaya/nti 4 month/flashdrive/nti/sdk_win_64/sdk_win_64/winavr/bin/../lib/gcc/avr/4.3.3/avr5\libgcc.a(_si_to_sf.o)
 .bss           0x00800216        0x0 c:/ayaya/nti 4 month/flashdrive/nti/sdk_win_64/sdk_win_64/winavr/bin/../lib/gcc/avr/4.3.3/avr5\libgcc.a(_sf_to_si.o)
 .bss           0x00800216        0x0 c:/ayaya/nti 4 month/flashdrive/nti/sdk_win_64/sdk_win_64/winavr/bin/../lib/gcc/avr/4.3.3/avr5\libgcc.a(_thenan_sf.o)
 .bss           0x00800216        0x0 c:/ayaya/nti 4 month/flashdrive/nti/sdk_win_64/sdk_win_64/winavr/bin/../lib/gcc/avr/4.3.3/avr5\libgcc.a(_prologue.o)
 .bss           0x00800216        0x0 c:/ayaya/nti 4 month/flashdrive/nti/sdk_win_64/sdk_win_64/winavr/bin/../lib/gcc/avr/4.3.3/avr5\libgcc.a(_epilogue.o)
 .bss           0x00800216        0x0 c:/ayaya/nti 4 month/flashdrive/nti/sdk_win_64/sdk_win_64/winavr/bin/../lib/gcc/avr/4.3.3/avr5\libgcc.a(_clzsi2.o)
 .bss           0x00800216        0x0 c:/ayaya/nti 4 month/flashdrive/nti/sdk_win_64/sdk_win_64/winavr/bin/../lib/gcc/avr/4.3.3/avr5\libgcc.a(_pack_sf.o)
 .bss           0x00800216        0x0 c:/ayaya/nti 4 month/flashdrive/nti/sdk_win_64/sdk_win_64/winavr/bin/../lib/gcc/avr/4.3.3/avr5\libgcc.a(_unpack_sf.o)
 .bss           0x00800216        0x0 c:/ayaya/nti 4 month/flashdrive/nti/sdk_win_64/sdk_win_64/winavr/bin/../lib/gcc/avr/4.3.3/avr5\libgcc.a(_fpcmp_parts_sf.o)
 .bss           0x00800216        0x0 c:/ayaya/nti 4 month/flashdrive/nti/sdk_win_64/sdk_win_64/winavr/bin/../lib/gcc/avr/4.3.3/avr5\libgcc.a(_clz.o)
 .bss           0x00800216        0x0 c:/ayaya/nti 4 month/flashdrive/nti/sdk_win_64/sdk_win_64/winavr/bin/../lib/gcc/avr/4.3.3/../../../../avr/lib/avr5\libc.a(sprintf.o)
 .bss           0x00800216        0x0 c:/ayaya/nti 4 month/flashdrive/nti/sdk_win_64/sdk_win_64/winavr/bin/../lib/gcc/avr/4.3.3/../../../../avr/lib/avr5\libc.a(vfprintf_std.o)
 .bss           0x00800216        0x0 c:/ayaya/nti 4 month/flashdrive/nti/sdk_win_64/sdk_win_64/winavr/bin/../lib/gcc/avr/4.3.3/../../../../avr/lib/avr5\libc.a(strnlen_P.o)
 .bss           0x00800216        0x0 c:/ayaya/nti 4 month/flashdrive/nti/sdk_win_64/sdk_win_64/winavr/bin/../lib/gcc/avr/4.3.3/../../../../avr/lib/avr5\libc.a(strnlen.o)
 .bss           0x00800216        0x0 c:/ayaya/nti 4 month/flashdrive/nti/sdk_win_64/sdk_win_64/winavr/bin/../lib/gcc/avr/4.3.3/../../../../avr/lib/avr5\libc.a(fputc.o)
 .bss           0x00800216        0x0 c:/ayaya/nti 4 month/flashdrive/nti/sdk_win_64/sdk_win_64/winavr/bin/../lib/gcc/avr/4.3.3/../../../../avr/lib/avr5\libc.a(ultoa_invert.o)
 *(.bss*)
 .bss.ptr2fun_ext_int_0
                0x00800216        0x2 ./SERVICE/SET_ON_FLAG/setOnFlag.o
 .bss.ptr2fun_ext_int_1
                0x00800218        0x2 ./SERVICE/SET_ON_FLAG/setOnFlag.o
 .bss.ptr2fun_ext_int_2
                0x0080021a        0x2 ./SERVICE/SET_ON_FLAG/setOnFlag.o
 .bss.ptr2fun_ext_int_0
                0x0080021c        0x2 ./SERVICE/OpenDoor/OpenDoor.o
 .bss.ptr2fun_ext_int_1
                0x0080021e        0x2 ./SERVICE/OpenDoor/OpenDoor.o
 .bss.ptr2fun_ext_int_2
                0x00800220        0x2 ./SERVICE/OpenDoor/OpenDoor.o
 .bss.ptr2fun_ext_int_0
                0x00800222        0x2 ./SERVICE/LockHouse/lockHouse.o
 .bss.ptr2fun_ext_int_1
                0x00800224        0x2 ./SERVICE/LockHouse/lockHouse.o
 .bss.ptr2fun_ext_int_2
                0x00800226        0x2 ./SERVICE/LockHouse/lockHouse.o
 .bss.ptr2fun_ext_int_0
                0x00800228        0x2 ./SERVICE/LEDs_Control/SERVICE_LEDS_Control.o
 .bss.ptr2fun_ext_int_1
                0x0080022a        0x2 ./SERVICE/LEDs_Control/SERVICE_LEDS_Control.o
 .bss.ptr2fun_ext_int_2
                0x0080022c        0x2 ./SERVICE/LEDs_Control/SERVICE_LEDS_Control.o
 .bss.ptr2fun_ext_int_0
                0x0080022e        0x2 ./SERVICE/EVERYTHING_ON/EverythingOn.o
 .bss.ptr2fun_ext_int_1
                0x00800230        0x2 ./SERVICE/EVERYTHING_ON/EverythingOn.o
 .bss.ptr2fun_ext_int_2
                0x00800232        0x2 ./SERVICE/EVERYTHING_ON/EverythingOn.o
 .bss.GlobalFlag
                0x00800234        0x1 ./SERVICE/CurtainsSetFlag/prog.o
                0x00800234                GlobalFlag
 .bss.ptr2fun_ext_int_0
                0x00800235        0x2 ./SERVICE/CheckIR/Check_IR.o
 .bss.ptr2fun_ext_int_1
                0x00800237        0x2 ./SERVICE/CheckIR/Check_IR.o
 .bss.ptr2fun_ext_int_2
                0x00800239        0x2 ./SERVICE/CheckIR/Check_IR.o
 .bss.ptr2fun_Data_register_empty
                0x0080023b        0x2 ./MCAL/UART/Uart.o
 .bss.ptr2fun_transmit_complete
                0x0080023d        0x2 ./MCAL/UART/Uart.o
 .bss.ptr2fun_receive_data
                0x0080023f        0x2 ./MCAL/UART/Uart.o
 .bss.Timer1_OVF_Fptr
                0x00800241        0x2 ./MCAL/Timer1/Timer1_prog.o
 .bss.Timer1_OCA_Fptr
                0x00800243        0x2 ./MCAL/Timer1/Timer1_prog.o
 .bss.Timer1_OCB_Fptr
                0x00800245        0x2 ./MCAL/Timer1/Timer1_prog.o
 .bss.Timer1_ICU_Fptr
                0x00800247        0x2 ./MCAL/Timer1/Timer1_prog.o
 .bss.ptr2fun_ext_int_0
                0x00800249        0x2 ./MCAL/EXT/External_interrupt.o
 .bss.ptr2fun_ext_int_1
                0x0080024b        0x2 ./MCAL/EXT/External_interrupt.o
 .bss.ptr2fun_ext_int_2
                0x0080024d        0x2 ./MCAL/EXT/External_interrupt.o
 .bss.ptr2fun_Data_register_empty
                0x0080024f        0x2 ./HAL/Password/Password.o
 .bss.ptr2fun_transmit_complete
                0x00800251        0x2 ./HAL/Password/Password.o
 .bss.ptr2fun_receive_data
                0x00800253        0x2 ./HAL/Password/Password.o
 .bss.ptr2fun_ext_int_0
                0x00800255        0x2 ./APP/App.o
 .bss.ptr2fun_ext_int_1
                0x00800257        0x2 ./APP/App.o
 .bss.ptr2fun_ext_int_2
                0x00800259        0x2 ./APP/App.o
 .bss.ptr2fun_Data_register_empty
                0x0080025b        0x2 ./APP/App.o
 .bss.ptr2fun_transmit_complete
                0x0080025d        0x2 ./APP/App.o
 .bss.ptr2fun_receive_data
                0x0080025f        0x2 ./APP/App.o
 .bss.ptr2fun_ext_int_0
                0x00800261        0x2 ./main.o
 .bss.ptr2fun_ext_int_1
                0x00800263        0x2 ./main.o
 .bss.ptr2fun_ext_int_2
                0x00800265        0x2 ./main.o
 .bss.ptr2fun_Data_register_empty
                0x00800267        0x2 ./main.o
 .bss.ptr2fun_transmit_complete
                0x00800269        0x2 ./main.o
 .bss.ptr2fun_receive_data
                0x0080026b        0x2 ./main.o
 *(COMMON)
 COMMON         0x0080026d       0x1d ./SERVICE/SET_ON_FLAG/setOnFlag.o
                0x0080026d                lockedFlag
                0x0080026e                buffer
                0x00800282                RTCData
                0x00800289                onFlag
 COMMON         0x0080028a        0xb ./SERVICE/OpenDoor/OpenDoor.o
                0x0080028a                temp_password
                0x0080028b                fourth
                0x0080028c                temp
                0x0080028d                second
                0x0080028e                Get_character
                0x0080028f                c
                0x00800290                login_flag
                0x00800291                temp2_password
                0x00800292                third
                0x00800293                first
                0x00800294                Set_flag
                0x00800295                PROVIDE (__bss_end, .)
                0x00007b3c                __data_load_start = LOADADDR (.data)
                0x00007cf2                __data_load_end = (__data_load_start + SIZEOF (.data))

.noinit         0x00800295        0x0
                0x00800295                PROVIDE (__noinit_start, .)
 *(.noinit*)
                0x00800295                PROVIDE (__noinit_end, .)
                0x00800295                _end = .
                0x00800295                PROVIDE (__heap_start, .)

.eeprom         0x00810000        0x0
 *(.eeprom*)
                0x00810000                __eeprom_end = .

.fuse
 *(.fuse)
 *(.lfuse)
 *(.hfuse)
 *(.efuse)

.lock
 *(.lock*)

.signature
 *(.signature*)

.stab           0x00000000     0xe2f8
 *(.stab)
 .stab          0x00000000      0x63c ./SERVICE/TempControl/TempControl.o
 .stab          0x0000063c      0x93c ./SERVICE/SET_ON_FLAG/setOnFlag.o
                                0xad4 (size before relaxing)
 .stab          0x00000f78      0x9cc ./SERVICE/OpenDoor/OpenDoor.o
                                0xbdc (size before relaxing)
 .stab          0x00001944      0x8d0 ./SERVICE/LockHouse/lockHouse.o
                                0xae0 (size before relaxing)
 .stab          0x00002214      0x414 ./SERVICE/LEDs_Control/SERVICE_LEDS_Control.o
                                0x5ac (size before relaxing)
 .stab          0x00002628       0xd8 ./SERVICE/EnterPass/EnterPass.o
                                 0xe4 (size before relaxing)
 .stab          0x00002700      0x8c4 ./SERVICE/EVERYTHING_ON/EverythingOn.o
                                0xad4 (size before relaxing)
 .stab          0x00002fc4      0x414 ./SERVICE/DisplayDateTime/DisplayDateTime.o
                                0x5f4 (size before relaxing)
 .stab          0x000033d8      0x69c ./SERVICE/CurtainsSetFlag/prog.o
                                0x84c (size before relaxing)
 .stab          0x00003a74      0x9a8 ./SERVICE/CheckIR/Check_IR.o
                                0xbb8 (size before relaxing)
 .stab          0x0000441c      0x690 ./MCAL/UART/Uart.o
                                0x69c (size before relaxing)
 .stab          0x00004aac      0xab0 ./MCAL/Timer1/Timer1_prog.o
                                0xabc (size before relaxing)
 .stab          0x0000555c      0x570 ./MCAL/Timer0/Timer0.o
                                0x72c (size before relaxing)
 .stab          0x00005acc      0x5ac ./MCAL/I2C/I2C.o
                                0x768 (size before relaxing)
 .stab          0x00006078      0x330 ./MCAL/I2C/twi.o
                                0x4ec (size before relaxing)
 .stab          0x000063a8      0x510 ./MCAL/EXT/External_interrupt.o
                                0x51c (size before relaxing)
 .stab          0x000068b8      0x33c ./MCAL/EEPROM/external_eeprom.o
                                0x4f8 (size before relaxing)
 .stab          0x00006bf4      0xc18 ./MCAL/DIO/DIO.o
                                0xc24 (size before relaxing)
 .stab          0x0000780c      0x384 ./MCAL/ADC/ADC_prog.o
                                0x390 (size before relaxing)
 .stab          0x00007b90      0x3e4 ./HAL/Solenoid/Solenoid.o
                                0x3f0 (size before relaxing)
 .stab          0x00007f74      0x63c ./HAL/SERVO/Servo.o
                                0x7f8 (size before relaxing)
 .stab          0x000085b0      0x57c ./HAL/RTC/RTC.o
                                0x780 (size before relaxing)
 .stab          0x00008b2c      0xeac ./HAL/Password/Password.o
                               0x1044 (size before relaxing)
 .stab          0x000099d8      0x30c ./HAL/PIR/PIR.o
                                0x318 (size before relaxing)
 .stab          0x00009ce4      0x1b0 ./HAL/LM35/LM35_Prog.o
                                0x1bc (size before relaxing)
 .stab          0x00009e94      0x624 ./HAL/LED/LED.o
                                0x7bc (size before relaxing)
 .stab          0x0000a4b8      0x42c ./HAL/LDR/LDR_prg.o
                                0x438 (size before relaxing)
 .stab          0x0000a8e4     0x1908 ./HAL/LCD/lcd_Prog.o
                               0x1aa0 (size before relaxing)
 .stab          0x0000c1ec      0x660 ./HAL/KeyPad/keypad.o
                                0x7f8 (size before relaxing)
 .stab          0x0000c84c      0x234 ./HAL/IR/IR_Prog.o
                                0x240 (size before relaxing)
 .stab          0x0000ca80      0x3cc ./HAL/Buzzrer/Buzzer.o
                                0x3d8 (size before relaxing)
 .stab          0x0000ce4c      0x390 ./HAL/Button/Button.o
                                0x39c (size before relaxing)
 .stab          0x0000d1dc      0xca8 ./APP/App.o
                                0xeb8 (size before relaxing)
 .stab          0x0000de84      0x474 ./main.o
                                0xc9c (size before relaxing)

.stabstr        0x00000000     0xeb23
 *(.stabstr)
 .stabstr       0x00000000     0xeb23 ./SERVICE/TempControl/TempControl.o

.stab.excl
 *(.stab.excl)

.stab.exclstr
 *(.stab.exclstr)

.stab.index
 *(.stab.index)

.stab.indexstr
 *(.stab.indexstr)

.comment
 *(.comment)

.debug
 *(.debug)

.line
 *(.line)

.debug_srcinfo
 *(.debug_srcinfo)

.debug_sfnames
 *(.debug_sfnames)

.debug_aranges  0x00000000      0x1a0
 *(.debug_aranges)
 .debug_aranges
                0x00000000       0x20 c:/ayaya/nti 4 month/flashdrive/nti/sdk_win_64/sdk_win_64/winavr/bin/../lib/gcc/avr/4.3.3/avr5\libgcc.a(_fixunssfsi.o)
 .debug_aranges
                0x00000020       0x20 c:/ayaya/nti 4 month/flashdrive/nti/sdk_win_64/sdk_win_64/winavr/bin/../lib/gcc/avr/4.3.3/avr5\libgcc.a(_addsub_sf.o)
 .debug_aranges
                0x00000040       0x20 c:/ayaya/nti 4 month/flashdrive/nti/sdk_win_64/sdk_win_64/winavr/bin/../lib/gcc/avr/4.3.3/avr5\libgcc.a(_mul_sf.o)
 .debug_aranges
                0x00000060       0x20 c:/ayaya/nti 4 month/flashdrive/nti/sdk_win_64/sdk_win_64/winavr/bin/../lib/gcc/avr/4.3.3/avr5\libgcc.a(_div_sf.o)
 .debug_aranges
                0x00000080       0x20 c:/ayaya/nti 4 month/flashdrive/nti/sdk_win_64/sdk_win_64/winavr/bin/../lib/gcc/avr/4.3.3/avr5\libgcc.a(_gt_sf.o)
 .debug_aranges
                0x000000a0       0x20 c:/ayaya/nti 4 month/flashdrive/nti/sdk_win_64/sdk_win_64/winavr/bin/../lib/gcc/avr/4.3.3/avr5\libgcc.a(_ge_sf.o)
 .debug_aranges
                0x000000c0       0x20 c:/ayaya/nti 4 month/flashdrive/nti/sdk_win_64/sdk_win_64/winavr/bin/../lib/gcc/avr/4.3.3/avr5\libgcc.a(_lt_sf.o)
 .debug_aranges
                0x000000e0       0x20 c:/ayaya/nti 4 month/flashdrive/nti/sdk_win_64/sdk_win_64/winavr/bin/../lib/gcc/avr/4.3.3/avr5\libgcc.a(_si_to_sf.o)
 .debug_aranges
                0x00000100       0x20 c:/ayaya/nti 4 month/flashdrive/nti/sdk_win_64/sdk_win_64/winavr/bin/../lib/gcc/avr/4.3.3/avr5\libgcc.a(_sf_to_si.o)
 .debug_aranges
                0x00000120       0x20 c:/ayaya/nti 4 month/flashdrive/nti/sdk_win_64/sdk_win_64/winavr/bin/../lib/gcc/avr/4.3.3/avr5\libgcc.a(_clzsi2.o)
 .debug_aranges
                0x00000140       0x20 c:/ayaya/nti 4 month/flashdrive/nti/sdk_win_64/sdk_win_64/winavr/bin/../lib/gcc/avr/4.3.3/avr5\libgcc.a(_pack_sf.o)
 .debug_aranges
                0x00000160       0x20 c:/ayaya/nti 4 month/flashdrive/nti/sdk_win_64/sdk_win_64/winavr/bin/../lib/gcc/avr/4.3.3/avr5\libgcc.a(_unpack_sf.o)
 .debug_aranges
                0x00000180       0x20 c:/ayaya/nti 4 month/flashdrive/nti/sdk_win_64/sdk_win_64/winavr/bin/../lib/gcc/avr/4.3.3/avr5\libgcc.a(_fpcmp_parts_sf.o)

.debug_pubnames
                0x00000000      0x1f0
 *(.debug_pubnames)
 .debug_pubnames
                0x00000000       0x23 c:/ayaya/nti 4 month/flashdrive/nti/sdk_win_64/sdk_win_64/winavr/bin/../lib/gcc/avr/4.3.3/avr5\libgcc.a(_fixunssfsi.o)
 .debug_pubnames
                0x00000023       0x2c c:/ayaya/nti 4 month/flashdrive/nti/sdk_win_64/sdk_win_64/winavr/bin/../lib/gcc/avr/4.3.3/avr5\libgcc.a(_addsub_sf.o)
 .debug_pubnames
                0x0000004f       0x1f c:/ayaya/nti 4 month/flashdrive/nti/sdk_win_64/sdk_win_64/winavr/bin/../lib/gcc/avr/4.3.3/avr5\libgcc.a(_mul_sf.o)
 .debug_pubnames
                0x0000006e       0x1f c:/ayaya/nti 4 month/flashdrive/nti/sdk_win_64/sdk_win_64/winavr/bin/../lib/gcc/avr/4.3.3/avr5\libgcc.a(_div_sf.o)
 .debug_pubnames
                0x0000008d       0x1e c:/ayaya/nti 4 month/flashdrive/nti/sdk_win_64/sdk_win_64/winavr/bin/../lib/gcc/avr/4.3.3/avr5\libgcc.a(_gt_sf.o)
 .debug_pubnames
                0x000000ab       0x1e c:/ayaya/nti 4 month/flashdrive/nti/sdk_win_64/sdk_win_64/winavr/bin/../lib/gcc/avr/4.3.3/avr5\libgcc.a(_ge_sf.o)
 .debug_pubnames
                0x000000c9       0x1e c:/ayaya/nti 4 month/flashdrive/nti/sdk_win_64/sdk_win_64/winavr/bin/../lib/gcc/avr/4.3.3/avr5\libgcc.a(_lt_sf.o)
 .debug_pubnames
                0x000000e7       0x22 c:/ayaya/nti 4 month/flashdrive/nti/sdk_win_64/sdk_win_64/winavr/bin/../lib/gcc/avr/4.3.3/avr5\libgcc.a(_si_to_sf.o)
 .debug_pubnames
                0x00000109       0x20 c:/ayaya/nti 4 month/flashdrive/nti/sdk_win_64/sdk_win_64/winavr/bin/../lib/gcc/avr/4.3.3/avr5\libgcc.a(_sf_to_si.o)
 .debug_pubnames
                0x00000129       0x22 c:/ayaya/nti 4 month/flashdrive/nti/sdk_win_64/sdk_win_64/winavr/bin/../lib/gcc/avr/4.3.3/avr5\libgcc.a(_thenan_sf.o)
 .debug_pubnames
                0x0000014b       0x1f c:/ayaya/nti 4 month/flashdrive/nti/sdk_win_64/sdk_win_64/winavr/bin/../lib/gcc/avr/4.3.3/avr5\libgcc.a(_clzsi2.o)
 .debug_pubnames
                0x0000016a       0x1f c:/ayaya/nti 4 month/flashdrive/nti/sdk_win_64/sdk_win_64/winavr/bin/../lib/gcc/avr/4.3.3/avr5\libgcc.a(_pack_sf.o)
 .debug_pubnames
                0x00000189       0x21 c:/ayaya/nti 4 month/flashdrive/nti/sdk_win_64/sdk_win_64/winavr/bin/../lib/gcc/avr/4.3.3/avr5\libgcc.a(_unpack_sf.o)
 .debug_pubnames
                0x000001aa       0x26 c:/ayaya/nti 4 month/flashdrive/nti/sdk_win_64/sdk_win_64/winavr/bin/../lib/gcc/avr/4.3.3/avr5\libgcc.a(_fpcmp_parts_sf.o)
 .debug_pubnames
                0x000001d0       0x20 c:/ayaya/nti 4 month/flashdrive/nti/sdk_win_64/sdk_win_64/winavr/bin/../lib/gcc/avr/4.3.3/avr5\libgcc.a(_clz.o)

.debug_info     0x00000000     0x240c
 *(.debug_info)
 .debug_info    0x00000000       0xb1 c:/ayaya/nti 4 month/flashdrive/nti/sdk_win_64/sdk_win_64/winavr/bin/../lib/gcc/avr/4.3.3/avr5\libgcc.a(_fixunssfsi.o)
 .debug_info    0x000000b1      0x47a c:/ayaya/nti 4 month/flashdrive/nti/sdk_win_64/sdk_win_64/winavr/bin/../lib/gcc/avr/4.3.3/avr5\libgcc.a(_addsub_sf.o)
 .debug_info    0x0000052b      0x485 c:/ayaya/nti 4 month/flashdrive/nti/sdk_win_64/sdk_win_64/winavr/bin/../lib/gcc/avr/4.3.3/avr5\libgcc.a(_mul_sf.o)
 .debug_info    0x000009b0      0x3fc c:/ayaya/nti 4 month/flashdrive/nti/sdk_win_64/sdk_win_64/winavr/bin/../lib/gcc/avr/4.3.3/avr5\libgcc.a(_div_sf.o)
 .debug_info    0x00000dac      0x27f c:/ayaya/nti 4 month/flashdrive/nti/sdk_win_64/sdk_win_64/winavr/bin/../lib/gcc/avr/4.3.3/avr5\libgcc.a(_gt_sf.o)
 .debug_info    0x0000102b      0x27f c:/ayaya/nti 4 month/flashdrive/nti/sdk_win_64/sdk_win_64/winavr/bin/../lib/gcc/avr/4.3.3/avr5\libgcc.a(_ge_sf.o)
 .debug_info    0x000012aa      0x27f c:/ayaya/nti 4 month/flashdrive/nti/sdk_win_64/sdk_win_64/winavr/bin/../lib/gcc/avr/4.3.3/avr5\libgcc.a(_lt_sf.o)
 .debug_info    0x00001529      0x207 c:/ayaya/nti 4 month/flashdrive/nti/sdk_win_64/sdk_win_64/winavr/bin/../lib/gcc/avr/4.3.3/avr5\libgcc.a(_si_to_sf.o)
 .debug_info    0x00001730      0x2b0 c:/ayaya/nti 4 month/flashdrive/nti/sdk_win_64/sdk_win_64/winavr/bin/../lib/gcc/avr/4.3.3/avr5\libgcc.a(_sf_to_si.o)
 .debug_info    0x000019e0      0x12c c:/ayaya/nti 4 month/flashdrive/nti/sdk_win_64/sdk_win_64/winavr/bin/../lib/gcc/avr/4.3.3/avr5\libgcc.a(_thenan_sf.o)
 .debug_info    0x00001b0c      0x117 c:/ayaya/nti 4 month/flashdrive/nti/sdk_win_64/sdk_win_64/winavr/bin/../lib/gcc/avr/4.3.3/avr5\libgcc.a(_clzsi2.o)
 .debug_info    0x00001c23      0x2df c:/ayaya/nti 4 month/flashdrive/nti/sdk_win_64/sdk_win_64/winavr/bin/../lib/gcc/avr/4.3.3/avr5\libgcc.a(_pack_sf.o)
 .debug_info    0x00001f02      0x251 c:/ayaya/nti 4 month/flashdrive/nti/sdk_win_64/sdk_win_64/winavr/bin/../lib/gcc/avr/4.3.3/avr5\libgcc.a(_unpack_sf.o)
 .debug_info    0x00002153      0x210 c:/ayaya/nti 4 month/flashdrive/nti/sdk_win_64/sdk_win_64/winavr/bin/../lib/gcc/avr/4.3.3/avr5\libgcc.a(_fpcmp_parts_sf.o)
 .debug_info    0x00002363       0xa9 c:/ayaya/nti 4 month/flashdrive/nti/sdk_win_64/sdk_win_64/winavr/bin/../lib/gcc/avr/4.3.3/avr5\libgcc.a(_clz.o)
 *(.gnu.linkonce.wi.*)

.debug_abbrev   0x00000000     0x1377
 *(.debug_abbrev)
 .debug_abbrev  0x00000000       0x5d c:/ayaya/nti 4 month/flashdrive/nti/sdk_win_64/sdk_win_64/winavr/bin/../lib/gcc/avr/4.3.3/avr5\libgcc.a(_fixunssfsi.o)
 .debug_abbrev  0x0000005d      0x1ea c:/ayaya/nti 4 month/flashdrive/nti/sdk_win_64/sdk_win_64/winavr/bin/../lib/gcc/avr/4.3.3/avr5\libgcc.a(_addsub_sf.o)
 .debug_abbrev  0x00000247      0x21b c:/ayaya/nti 4 month/flashdrive/nti/sdk_win_64/sdk_win_64/winavr/bin/../lib/gcc/avr/4.3.3/avr5\libgcc.a(_mul_sf.o)
 .debug_abbrev  0x00000462      0x216 c:/ayaya/nti 4 month/flashdrive/nti/sdk_win_64/sdk_win_64/winavr/bin/../lib/gcc/avr/4.3.3/avr5\libgcc.a(_div_sf.o)
 .debug_abbrev  0x00000678      0x15a c:/ayaya/nti 4 month/flashdrive/nti/sdk_win_64/sdk_win_64/winavr/bin/../lib/gcc/avr/4.3.3/avr5\libgcc.a(_gt_sf.o)
 .debug_abbrev  0x000007d2      0x15a c:/ayaya/nti 4 month/flashdrive/nti/sdk_win_64/sdk_win_64/winavr/bin/../lib/gcc/avr/4.3.3/avr5\libgcc.a(_ge_sf.o)
 .debug_abbrev  0x0000092c      0x15a c:/ayaya/nti 4 month/flashdrive/nti/sdk_win_64/sdk_win_64/winavr/bin/../lib/gcc/avr/4.3.3/avr5\libgcc.a(_lt_sf.o)
 .debug_abbrev  0x00000a86      0x148 c:/ayaya/nti 4 month/flashdrive/nti/sdk_win_64/sdk_win_64/winavr/bin/../lib/gcc/avr/4.3.3/avr5\libgcc.a(_si_to_sf.o)
 .debug_abbrev  0x00000bce      0x17f c:/ayaya/nti 4 month/flashdrive/nti/sdk_win_64/sdk_win_64/winavr/bin/../lib/gcc/avr/4.3.3/avr5\libgcc.a(_sf_to_si.o)
 .debug_abbrev  0x00000d4d       0xad c:/ayaya/nti 4 month/flashdrive/nti/sdk_win_64/sdk_win_64/winavr/bin/../lib/gcc/avr/4.3.3/avr5\libgcc.a(_thenan_sf.o)
 .debug_abbrev  0x00000dfa       0xc4 c:/ayaya/nti 4 month/flashdrive/nti/sdk_win_64/sdk_win_64/winavr/bin/../lib/gcc/avr/4.3.3/avr5\libgcc.a(_clzsi2.o)
 .debug_abbrev  0x00000ebe      0x1c0 c:/ayaya/nti 4 month/flashdrive/nti/sdk_win_64/sdk_win_64/winavr/bin/../lib/gcc/avr/4.3.3/avr5\libgcc.a(_pack_sf.o)
 .debug_abbrev  0x0000107e      0x154 c:/ayaya/nti 4 month/flashdrive/nti/sdk_win_64/sdk_win_64/winavr/bin/../lib/gcc/avr/4.3.3/avr5\libgcc.a(_unpack_sf.o)
 .debug_abbrev  0x000011d2      0x13b c:/ayaya/nti 4 month/flashdrive/nti/sdk_win_64/sdk_win_64/winavr/bin/../lib/gcc/avr/4.3.3/avr5\libgcc.a(_fpcmp_parts_sf.o)
 .debug_abbrev  0x0000130d       0x6a c:/ayaya/nti 4 month/flashdrive/nti/sdk_win_64/sdk_win_64/winavr/bin/../lib/gcc/avr/4.3.3/avr5\libgcc.a(_clz.o)

.debug_line     0x00000000     0x11d8
 *(.debug_line)
 .debug_line    0x00000000       0xa7 c:/ayaya/nti 4 month/flashdrive/nti/sdk_win_64/sdk_win_64/winavr/bin/../lib/gcc/avr/4.3.3/avr5\libgcc.a(_fixunssfsi.o)
 .debug_line    0x000000a7      0x2af c:/ayaya/nti 4 month/flashdrive/nti/sdk_win_64/sdk_win_64/winavr/bin/../lib/gcc/avr/4.3.3/avr5\libgcc.a(_addsub_sf.o)
 .debug_line    0x00000356      0x239 c:/ayaya/nti 4 month/flashdrive/nti/sdk_win_64/sdk_win_64/winavr/bin/../lib/gcc/avr/4.3.3/avr5\libgcc.a(_mul_sf.o)
 .debug_line    0x0000058f      0x1d5 c:/ayaya/nti 4 month/flashdrive/nti/sdk_win_64/sdk_win_64/winavr/bin/../lib/gcc/avr/4.3.3/avr5\libgcc.a(_div_sf.o)
 .debug_line    0x00000764       0xd3 c:/ayaya/nti 4 month/flashdrive/nti/sdk_win_64/sdk_win_64/winavr/bin/../lib/gcc/avr/4.3.3/avr5\libgcc.a(_gt_sf.o)
 .debug_line    0x00000837       0xd3 c:/ayaya/nti 4 month/flashdrive/nti/sdk_win_64/sdk_win_64/winavr/bin/../lib/gcc/avr/4.3.3/avr5\libgcc.a(_ge_sf.o)
 .debug_line    0x0000090a       0xd3 c:/ayaya/nti 4 month/flashdrive/nti/sdk_win_64/sdk_win_64/winavr/bin/../lib/gcc/avr/4.3.3/avr5\libgcc.a(_lt_sf.o)
 .debug_line    0x000009dd      0x135 c:/ayaya/nti 4 month/flashdrive/nti/sdk_win_64/sdk_win_64/winavr/bin/../lib/gcc/avr/4.3.3/avr5\libgcc.a(_si_to_sf.o)
 .debug_line    0x00000b12      0x109 c:/ayaya/nti 4 month/flashdrive/nti/sdk_win_64/sdk_win_64/winavr/bin/../lib/gcc/avr/4.3.3/avr5\libgcc.a(_sf_to_si.o)
 .debug_line    0x00000c1b       0x90 c:/ayaya/nti 4 month/flashdrive/nti/sdk_win_64/sdk_win_64/winavr/bin/../lib/gcc/avr/4.3.3/avr5\libgcc.a(_thenan_sf.o)
 .debug_line    0x00000cab       0xa5 c:/ayaya/nti 4 month/flashdrive/nti/sdk_win_64/sdk_win_64/winavr/bin/../lib/gcc/avr/4.3.3/avr5\libgcc.a(_clzsi2.o)
 .debug_line    0x00000d50      0x18a c:/ayaya/nti 4 month/flashdrive/nti/sdk_win_64/sdk_win_64/winavr/bin/../lib/gcc/avr/4.3.3/avr5\libgcc.a(_pack_sf.o)
 .debug_line    0x00000eda      0x14b c:/ayaya/nti 4 month/flashdrive/nti/sdk_win_64/sdk_win_64/winavr/bin/../lib/gcc/avr/4.3.3/avr5\libgcc.a(_unpack_sf.o)
 .debug_line    0x00001025      0x137 c:/ayaya/nti 4 month/flashdrive/nti/sdk_win_64/sdk_win_64/winavr/bin/../lib/gcc/avr/4.3.3/avr5\libgcc.a(_fpcmp_parts_sf.o)
 .debug_line    0x0000115c       0x7c c:/ayaya/nti 4 month/flashdrive/nti/sdk_win_64/sdk_win_64/winavr/bin/../lib/gcc/avr/4.3.3/avr5\libgcc.a(_clz.o)

.debug_frame    0x00000000      0x1c0
 *(.debug_frame)
 .debug_frame   0x00000000       0x20 c:/ayaya/nti 4 month/flashdrive/nti/sdk_win_64/sdk_win_64/winavr/bin/../lib/gcc/avr/4.3.3/avr5\libgcc.a(_fixunssfsi.o)
 .debug_frame   0x00000020       0x40 c:/ayaya/nti 4 month/flashdrive/nti/sdk_win_64/sdk_win_64/winavr/bin/../lib/gcc/avr/4.3.3/avr5\libgcc.a(_addsub_sf.o)
 .debug_frame   0x00000060       0x20 c:/ayaya/nti 4 month/flashdrive/nti/sdk_win_64/sdk_win_64/winavr/bin/../lib/gcc/avr/4.3.3/avr5\libgcc.a(_mul_sf.o)
 .debug_frame   0x00000080       0x20 c:/ayaya/nti 4 month/flashdrive/nti/sdk_win_64/sdk_win_64/winavr/bin/../lib/gcc/avr/4.3.3/avr5\libgcc.a(_div_sf.o)
 .debug_frame   0x000000a0       0x20 c:/ayaya/nti 4 month/flashdrive/nti/sdk_win_64/sdk_win_64/winavr/bin/../lib/gcc/avr/4.3.3/avr5\libgcc.a(_gt_sf.o)
 .debug_frame   0x000000c0       0x20 c:/ayaya/nti 4 month/flashdrive/nti/sdk_win_64/sdk_win_64/winavr/bin/../lib/gcc/avr/4.3.3/avr5\libgcc.a(_ge_sf.o)
 .debug_frame   0x000000e0       0x20 c:/ayaya/nti 4 month/flashdrive/nti/sdk_win_64/sdk_win_64/winavr/bin/../lib/gcc/avr/4.3.3/avr5\libgcc.a(_lt_sf.o)
 .debug_frame   0x00000100       0x20 c:/ayaya/nti 4 month/flashdrive/nti/sdk_win_64/sdk_win_64/winavr/bin/../lib/gcc/avr/4.3.3/avr5\libgcc.a(_si_to_sf.o)
 .debug_frame   0x00000120       0x20 c:/ayaya/nti 4 month/flashdrive/nti/sdk_win_64/sdk_win_64/winavr/bin/../lib/gcc/avr/4.3.3/avr5\libgcc.a(_sf_to_si.o)
 .debug_frame   0x00000140       0x20 c:/ayaya/nti 4 month/flashdrive/nti/sdk_win_64/sdk_win_64/winavr/bin/../lib/gcc/avr/4.3.3/avr5\libgcc.a(_clzsi2.o)
 .debug_frame   0x00000160       0x20 c:/ayaya/nti 4 month/flashdrive/nti/sdk_win_64/sdk_win_64/winavr/bin/../lib/gcc/avr/4.3.3/avr5\libgcc.a(_pack_sf.o)
 .debug_frame   0x00000180       0x20 c:/ayaya/nti 4 month/flashdrive/nti/sdk_win_64/sdk_win_64/winavr/bin/../lib/gcc/avr/4.3.3/avr5\libgcc.a(_unpack_sf.o)
 .debug_frame   0x000001a0       0x20 c:/ayaya/nti 4 month/flashdrive/nti/sdk_win_64/sdk_win_64/winavr/bin/../lib/gcc/avr/4.3.3/avr5\libgcc.a(_fpcmp_parts_sf.o)

.debug_str      0x00000000      0x2f3
 *(.debug_str)
 .debug_str     0x00000000       0xbf c:/ayaya/nti 4 month/flashdrive/nti/sdk_win_64/sdk_win_64/winavr/bin/../lib/gcc/avr/4.3.3/avr5\libgcc.a(_fixunssfsi.o)
                                 0xfe (size before relaxing)
 .debug_str     0x000000bf      0x14d c:/ayaya/nti 4 month/flashdrive/nti/sdk_win_64/sdk_win_64/winavr/bin/../lib/gcc/avr/4.3.3/avr5\libgcc.a(_addsub_sf.o)
                                0x206 (size before relaxing)
 .debug_str     0x0000020c       0x27 c:/ayaya/nti 4 month/flashdrive/nti/sdk_win_64/sdk_win_64/winavr/bin/../lib/gcc/avr/4.3.3/avr5\libgcc.a(_mul_sf.o)
                                0x1bf (size before relaxing)
 .debug_str     0x00000233       0x35 c:/ayaya/nti 4 month/flashdrive/nti/sdk_win_64/sdk_win_64/winavr/bin/../lib/gcc/avr/4.3.3/avr5\libgcc.a(_div_sf.o)
                                0x1c8 (size before relaxing)
 .debug_str     0x00000268        0x8 c:/ayaya/nti 4 month/flashdrive/nti/sdk_win_64/sdk_win_64/winavr/bin/../lib/gcc/avr/4.3.3/avr5\libgcc.a(_gt_sf.o)
                                0x195 (size before relaxing)
 .debug_str     0x00000270        0x8 c:/ayaya/nti 4 month/flashdrive/nti/sdk_win_64/sdk_win_64/winavr/bin/../lib/gcc/avr/4.3.3/avr5\libgcc.a(_ge_sf.o)
                                0x195 (size before relaxing)
 .debug_str     0x00000278        0x8 c:/ayaya/nti 4 month/flashdrive/nti/sdk_win_64/sdk_win_64/winavr/bin/../lib/gcc/avr/4.3.3/avr5\libgcc.a(_lt_sf.o)
                                0x195 (size before relaxing)
 .debug_str     0x00000280       0x1e c:/ayaya/nti 4 month/flashdrive/nti/sdk_win_64/sdk_win_64/winavr/bin/../lib/gcc/avr/4.3.3/avr5\libgcc.a(_si_to_sf.o)
                                0x17b (size before relaxing)
 .debug_str     0x0000029e        0xa c:/ayaya/nti 4 month/flashdrive/nti/sdk_win_64/sdk_win_64/winavr/bin/../lib/gcc/avr/4.3.3/avr5\libgcc.a(_sf_to_si.o)
                                0x19e (size before relaxing)
 .debug_str     0x00000000      0x103 c:/ayaya/nti 4 month/flashdrive/nti/sdk_win_64/sdk_win_64/winavr/bin/../lib/gcc/avr/4.3.3/avr5\libgcc.a(_thenan_sf.o)
 .debug_str     0x000002a8       0x20 c:/ayaya/nti 4 month/flashdrive/nti/sdk_win_64/sdk_win_64/winavr/bin/../lib/gcc/avr/4.3.3/avr5\libgcc.a(_clzsi2.o)
                                0x111 (size before relaxing)
 .debug_str     0x000002c8       0x10 c:/ayaya/nti 4 month/flashdrive/nti/sdk_win_64/sdk_win_64/winavr/bin/../lib/gcc/avr/4.3.3/avr5\libgcc.a(_pack_sf.o)
                                0x19d (size before relaxing)
 .debug_str     0x000002d8        0xb c:/ayaya/nti 4 month/flashdrive/nti/sdk_win_64/sdk_win_64/winavr/bin/../lib/gcc/avr/4.3.3/avr5\libgcc.a(_unpack_sf.o)
                                0x17f (size before relaxing)
 .debug_str     0x000002e3       0x10 c:/ayaya/nti 4 month/flashdrive/nti/sdk_win_64/sdk_win_64/winavr/bin/../lib/gcc/avr/4.3.3/avr5\libgcc.a(_fpcmp_parts_sf.o)
                                0x163 (size before relaxing)
 .debug_str     0x00000000       0xf4 c:/ayaya/nti 4 month/flashdrive/nti/sdk_win_64/sdk_win_64/winavr/bin/../lib/gcc/avr/4.3.3/avr5\libgcc.a(_clz.o)

.debug_loc      0x00000000      0x9ce
 *(.debug_loc)
 .debug_loc     0x00000000       0x34 c:/ayaya/nti 4 month/flashdrive/nti/sdk_win_64/sdk_win_64/winavr/bin/../lib/gcc/avr/4.3.3/avr5\libgcc.a(_fixunssfsi.o)
 .debug_loc     0x00000034      0x32a c:/ayaya/nti 4 month/flashdrive/nti/sdk_win_64/sdk_win_64/winavr/bin/../lib/gcc/avr/4.3.3/avr5\libgcc.a(_addsub_sf.o)
 .debug_loc     0x0000035e      0x104 c:/ayaya/nti 4 month/flashdrive/nti/sdk_win_64/sdk_win_64/winavr/bin/../lib/gcc/avr/4.3.3/avr5\libgcc.a(_mul_sf.o)
 .debug_loc     0x00000462       0xc0 c:/ayaya/nti 4 month/flashdrive/nti/sdk_win_64/sdk_win_64/winavr/bin/../lib/gcc/avr/4.3.3/avr5\libgcc.a(_div_sf.o)
 .debug_loc     0x00000522       0x3c c:/ayaya/nti 4 month/flashdrive/nti/sdk_win_64/sdk_win_64/winavr/bin/../lib/gcc/avr/4.3.3/avr5\libgcc.a(_gt_sf.o)
 .debug_loc     0x0000055e       0x3c c:/ayaya/nti 4 month/flashdrive/nti/sdk_win_64/sdk_win_64/winavr/bin/../lib/gcc/avr/4.3.3/avr5\libgcc.a(_ge_sf.o)
 .debug_loc     0x0000059a       0x3c c:/ayaya/nti 4 month/flashdrive/nti/sdk_win_64/sdk_win_64/winavr/bin/../lib/gcc/avr/4.3.3/avr5\libgcc.a(_lt_sf.o)
 .debug_loc     0x000005d6       0xac c:/ayaya/nti 4 month/flashdrive/nti/sdk_win_64/sdk_win_64/winavr/bin/../lib/gcc/avr/4.3.3/avr5\libgcc.a(_si_to_sf.o)
 .debug_loc     0x00000682       0x7e c:/ayaya/nti 4 month/flashdrive/nti/sdk_win_64/sdk_win_64/winavr/bin/../lib/gcc/avr/4.3.3/avr5\libgcc.a(_sf_to_si.o)
 .debug_loc     0x00000700       0x94 c:/ayaya/nti 4 month/flashdrive/nti/sdk_win_64/sdk_win_64/winavr/bin/../lib/gcc/avr/4.3.3/avr5\libgcc.a(_clzsi2.o)
 .debug_loc     0x00000794      0x13e c:/ayaya/nti 4 month/flashdrive/nti/sdk_win_64/sdk_win_64/winavr/bin/../lib/gcc/avr/4.3.3/avr5\libgcc.a(_pack_sf.o)
 .debug_loc     0x000008d2       0xac c:/ayaya/nti 4 month/flashdrive/nti/sdk_win_64/sdk_win_64/winavr/bin/../lib/gcc/avr/4.3.3/avr5\libgcc.a(_unpack_sf.o)
 .debug_loc     0x0000097e       0x50 c:/ayaya/nti 4 month/flashdrive/nti/sdk_win_64/sdk_win_64/winavr/bin/../lib/gcc/avr/4.3.3/avr5\libgcc.a(_fpcmp_parts_sf.o)

.debug_macinfo
 *(.debug_macinfo)
OUTPUT(AVR_Project.elf elf32-avr)
LOAD linker stubs

.debug_ranges   0x00000000       0x50
 .debug_ranges  0x00000000       0x50 c:/ayaya/nti 4 month/flashdrive/nti/sdk_win_64/sdk_win_64/winavr/bin/../lib/gcc/avr/4.3.3/avr5\libgcc.a(_mul_sf.o)
