Archive member included because of file (symbol)

c:/ayaya/nti 4 month/flashdrive/nti/sdk_win_64/sdk_win_64/winavr/bin/../lib/gcc/avr/4.3.3/avr5\libgcc.a(_mulsi3.o)
                              ./HAL/LM35/LM35_Prog.o (__mulsi3)
c:/ayaya/nti 4 month/flashdrive/nti/sdk_win_64/sdk_win_64/winavr/bin/../lib/gcc/avr/4.3.3/avr5\libgcc.a(_udivmodqi4.o)
                              ./HAL/RTC/RTC.o (__udivmodqi4)
c:/ayaya/nti 4 month/flashdrive/nti/sdk_win_64/sdk_win_64/winavr/bin/../lib/gcc/avr/4.3.3/avr5\libgcc.a(_udivmodsi4.o)
                              ./MCAL/UART/Uart.o (__udivmodsi4)
c:/ayaya/nti 4 month/flashdrive/nti/sdk_win_64/sdk_win_64/winavr/bin/../lib/gcc/avr/4.3.3/avr5\libgcc.a(_divmodsi4.o)
                              ./HAL/LDR/LDR_prg.o (__divmodsi4)
c:/ayaya/nti 4 month/flashdrive/nti/sdk_win_64/sdk_win_64/winavr/bin/../lib/gcc/avr/4.3.3/avr5\libgcc.a(_exit.o)
                              c:/ayaya/nti 4 month/flashdrive/nti/sdk_win_64/sdk_win_64/winavr/bin/../lib/gcc/avr/4.3.3/../../../../avr/lib/avr5/crtm32.o (exit)
c:/ayaya/nti 4 month/flashdrive/nti/sdk_win_64/sdk_win_64/winavr/bin/../lib/gcc/avr/4.3.3/avr5\libgcc.a(_copy_data.o)
                              ./SERVICE/DisplayDateTime/DisplayDateTime.o (__do_copy_data)
c:/ayaya/nti 4 month/flashdrive/nti/sdk_win_64/sdk_win_64/winavr/bin/../lib/gcc/avr/4.3.3/avr5\libgcc.a(_clear_bss.o)
                              ./SERVICE/SET_ON_FLAG/setOnFlag.o (__do_clear_bss)
c:/ayaya/nti 4 month/flashdrive/nti/sdk_win_64/sdk_win_64/winavr/bin/../lib/gcc/avr/4.3.3/../../../../avr/lib/avr5\libc.a(sprintf.o)
                              ./SERVICE/DisplayDateTime/DisplayDateTime.o (sprintf)
c:/ayaya/nti 4 month/flashdrive/nti/sdk_win_64/sdk_win_64/winavr/bin/../lib/gcc/avr/4.3.3/../../../../avr/lib/avr5\libc.a(vfprintf_std.o)
                              c:/ayaya/nti 4 month/flashdrive/nti/sdk_win_64/sdk_win_64/winavr/bin/../lib/gcc/avr/4.3.3/../../../../avr/lib/avr5\libc.a(sprintf.o) (vfprintf)
c:/ayaya/nti 4 month/flashdrive/nti/sdk_win_64/sdk_win_64/winavr/bin/../lib/gcc/avr/4.3.3/../../../../avr/lib/avr5\libc.a(strnlen_P.o)
                              c:/ayaya/nti 4 month/flashdrive/nti/sdk_win_64/sdk_win_64/winavr/bin/../lib/gcc/avr/4.3.3/../../../../avr/lib/avr5\libc.a(vfprintf_std.o) (strnlen_P)
c:/ayaya/nti 4 month/flashdrive/nti/sdk_win_64/sdk_win_64/winavr/bin/../lib/gcc/avr/4.3.3/../../../../avr/lib/avr5\libc.a(strnlen.o)
                              c:/ayaya/nti 4 month/flashdrive/nti/sdk_win_64/sdk_win_64/winavr/bin/../lib/gcc/avr/4.3.3/../../../../avr/lib/avr5\libc.a(vfprintf_std.o) (strnlen)
c:/ayaya/nti 4 month/flashdrive/nti/sdk_win_64/sdk_win_64/winavr/bin/../lib/gcc/avr/4.3.3/../../../../avr/lib/avr5\libc.a(fputc.o)
                              c:/ayaya/nti 4 month/flashdrive/nti/sdk_win_64/sdk_win_64/winavr/bin/../lib/gcc/avr/4.3.3/../../../../avr/lib/avr5\libc.a(vfprintf_std.o) (fputc)
c:/ayaya/nti 4 month/flashdrive/nti/sdk_win_64/sdk_win_64/winavr/bin/../lib/gcc/avr/4.3.3/../../../../avr/lib/avr5\libc.a(ultoa_invert.o)
                              c:/ayaya/nti 4 month/flashdrive/nti/sdk_win_64/sdk_win_64/winavr/bin/../lib/gcc/avr/4.3.3/../../../../avr/lib/avr5\libc.a(vfprintf_std.o) (__ultoa_invert)
c:/ayaya/nti 4 month/flashdrive/nti/sdk_win_64/sdk_win_64/winavr/bin/../lib/gcc/avr/4.3.3/avr5\libgcc.a(_prologue.o)
                              c:/ayaya/nti 4 month/flashdrive/nti/sdk_win_64/sdk_win_64/winavr/bin/../lib/gcc/avr/4.3.3/../../../../avr/lib/avr5\libc.a(sprintf.o) (__prologue_saves__)
c:/ayaya/nti 4 month/flashdrive/nti/sdk_win_64/sdk_win_64/winavr/bin/../lib/gcc/avr/4.3.3/avr5\libgcc.a(_epilogue.o)
                              c:/ayaya/nti 4 month/flashdrive/nti/sdk_win_64/sdk_win_64/winavr/bin/../lib/gcc/avr/4.3.3/../../../../avr/lib/avr5\libc.a(sprintf.o) (__epilogue_restores__)

Allocating common symbols
Common symbol       size              file

lockedFlag          0x1               ./SERVICE/SET_ON_FLAG/setOnFlag.o
temp_password       0x1               ./SERVICE/OpenDoor/OpenDoor.o
fourth              0x1               ./SERVICE/OpenDoor/OpenDoor.o
temp                0x1               ./SERVICE/OpenDoor/OpenDoor.o
second              0x1               ./SERVICE/OpenDoor/OpenDoor.o
Get_character       0x1               ./SERVICE/OpenDoor/OpenDoor.o
buffer              0x14              ./SERVICE/SET_ON_FLAG/setOnFlag.o
c                   0x1               ./SERVICE/OpenDoor/OpenDoor.o
login_flag          0x1               ./SERVICE/OpenDoor/OpenDoor.o
temp2_password      0x1               ./SERVICE/OpenDoor/OpenDoor.o
third               0x1               ./SERVICE/OpenDoor/OpenDoor.o
first               0x1               ./SERVICE/OpenDoor/OpenDoor.o
RTCData             0x7               ./SERVICE/SET_ON_FLAG/setOnFlag.o
Set_flag            0x1               ./SERVICE/OpenDoor/OpenDoor.o
onFlag              0x1               ./SERVICE/SET_ON_FLAG/setOnFlag.o

Memory Configuration

Name             Origin             Length             Attributes
text             0x00000000         0x00020000         xr
data             0x00800060         0x0000ffa0         rw !x
eeprom           0x00810000         0x00010000         rw !x
fuse             0x00820000         0x00000400         rw !x
lock             0x00830000         0x00000400         rw !x
signature        0x00840000         0x00000400         rw !x
*default*        0x00000000         0xffffffff

Linker script and memory map

LOAD c:/ayaya/nti 4 month/flashdrive/nti/sdk_win_64/sdk_win_64/winavr/bin/../lib/gcc/avr/4.3.3/../../../../avr/lib/avr5/crtm32.o
LOAD ./SERVICE/TempControl/TempControl.o
LOAD ./SERVICE/SET_ON_FLAG/setOnFlag.o
LOAD ./SERVICE/OpenDoor/OpenDoor.o
LOAD ./SERVICE/LockHouse/lockHouse.o
LOAD ./SERVICE/LEDs_Control/SERVICE_LEDS_Control.o
LOAD ./SERVICE/EnterPass/EnterPass.o
LOAD ./SERVICE/EVERYTHING_ON/EverythingOn.o
LOAD ./SERVICE/DisplayDateTime/DisplayDateTime.o
LOAD ./SERVICE/CurtainsSetFlag/prog.o
LOAD ./SERVICE/CheckIR/Check_IR.o
LOAD ./MCAL/UART/Uart.o
LOAD ./MCAL/Timer1/Timer1_prog.o
LOAD ./MCAL/Timer0/Timer0.o
LOAD ./MCAL/I2C/I2C.o
LOAD ./MCAL/I2C/twi.o
LOAD ./MCAL/EXT/External_interrupt.o
LOAD ./MCAL/EEPROM/external_eeprom.o
LOAD ./MCAL/DIO/DIO.o
LOAD ./MCAL/ADC/ADC_prog.o
LOAD ./HAL/Solenoid/Solenoid.o
LOAD ./HAL/SERVO/Servo.o
LOAD ./HAL/RTC/RTC.o
LOAD ./HAL/Password/Password.o
LOAD ./HAL/PIR/PIR.o
LOAD ./HAL/LM35/LM35_Prog.o
LOAD ./HAL/LED/LED.o
LOAD ./HAL/LDR/LDR_prg.o
LOAD ./HAL/LCD/lcd_Prog.o
LOAD ./HAL/KeyPad/keypad.o
LOAD ./HAL/IR/IR_Prog.o
LOAD ./HAL/Buzzrer/Buzzer.o
LOAD ./HAL/Button/Button.o
LOAD ./APP/App.o
LOAD ./main.o
LOAD c:/ayaya/nti 4 month/flashdrive/nti/sdk_win_64/sdk_win_64/winavr/bin/../lib/gcc/avr/4.3.3/avr5\libgcc.a
LOAD c:/ayaya/nti 4 month/flashdrive/nti/sdk_win_64/sdk_win_64/winavr/bin/../lib/gcc/avr/4.3.3/../../../../avr/lib/avr5\libc.a
LOAD c:/ayaya/nti 4 month/flashdrive/nti/sdk_win_64/sdk_win_64/winavr/bin/../lib/gcc/avr/4.3.3/avr5\libgcc.a

.hash
 *(.hash)

.dynsym
 *(.dynsym)

.dynstr
 *(.dynstr)

.gnu.version
 *(.gnu.version)

.gnu.version_d
 *(.gnu.version_d)

.gnu.version_r
 *(.gnu.version_r)

.rel.init
 *(.rel.init)

.rela.init
 *(.rela.init)

.rel.text
 *(.rel.text)
 *(.rel.text.*)
 *(.rel.gnu.linkonce.t*)

.rela.text
 *(.rela.text)
 *(.rela.text.*)
 *(.rela.gnu.linkonce.t*)

.rel.fini
 *(.rel.fini)

.rela.fini
 *(.rela.fini)

.rel.rodata
 *(.rel.rodata)
 *(.rel.rodata.*)
 *(.rel.gnu.linkonce.r*)

.rela.rodata
 *(.rela.rodata)
 *(.rela.rodata.*)
 *(.rela.gnu.linkonce.r*)

.rel.data
 *(.rel.data)
 *(.rel.data.*)
 *(.rel.gnu.linkonce.d*)

.rela.data
 *(.rela.data)
 *(.rela.data.*)
 *(.rela.gnu.linkonce.d*)

.rel.ctors
 *(.rel.ctors)

.rela.ctors
 *(.rela.ctors)

.rel.dtors
 *(.rel.dtors)

.rela.dtors
 *(.rela.dtors)

.rel.got
 *(.rel.got)

.rela.got
 *(.rela.got)

.rel.bss
 *(.rel.bss)

.rela.bss
 *(.rela.bss)

.rel.plt
 *(.rel.plt)

.rela.plt
 *(.rela.plt)

.text           0x00000000     0x27d4
 *(.vectors)
 .vectors       0x00000000       0x54 c:/ayaya/nti 4 month/flashdrive/nti/sdk_win_64/sdk_win_64/winavr/bin/../lib/gcc/avr/4.3.3/../../../../avr/lib/avr5/crtm32.o
                0x00000000                __vectors
                0x00000000                __vector_default
 *(.vectors)
 *(.progmem.gcc*)
 *(.progmem*)
                0x00000054                . = ALIGN (0x2)
                0x00000054                __trampolines_start = .
 *(.trampolines)
 .trampolines   0x00000054        0x0 linker stubs
 *(.trampolines*)
                0x00000054                __trampolines_end = .
 *(.jumptables)
 *(.jumptables*)
 *(.lowtext)
 *(.lowtext*)
                0x00000054                __ctors_start = .
 *(.ctors)
                0x00000054                __ctors_end = .
                0x00000054                __dtors_start = .
 *(.dtors)
                0x00000054                __dtors_end = .
 SORT(*)(.ctors)
 SORT(*)(.dtors)
 *(.init0)
 .init0         0x00000054        0x0 c:/ayaya/nti 4 month/flashdrive/nti/sdk_win_64/sdk_win_64/winavr/bin/../lib/gcc/avr/4.3.3/../../../../avr/lib/avr5/crtm32.o
                0x00000054                __init
 *(.init0)
 *(.init1)
 *(.init1)
 *(.init2)
 .init2         0x00000054        0xc c:/ayaya/nti 4 month/flashdrive/nti/sdk_win_64/sdk_win_64/winavr/bin/../lib/gcc/avr/4.3.3/../../../../avr/lib/avr5/crtm32.o
 *(.init2)
 *(.init3)
 *(.init3)
 *(.init4)
 .init4         0x00000060       0x16 c:/ayaya/nti 4 month/flashdrive/nti/sdk_win_64/sdk_win_64/winavr/bin/../lib/gcc/avr/4.3.3/avr5\libgcc.a(_copy_data.o)
                0x00000060                __do_copy_data
 .init4         0x00000076       0x10 c:/ayaya/nti 4 month/flashdrive/nti/sdk_win_64/sdk_win_64/winavr/bin/../lib/gcc/avr/4.3.3/avr5\libgcc.a(_clear_bss.o)
                0x00000076                __do_clear_bss
 *(.init4)
 *(.init5)
 *(.init5)
 *(.init6)
 *(.init6)
 *(.init7)
 *(.init7)
 *(.init8)
 *(.init8)
 *(.init9)
 .init9         0x00000086        0x8 c:/ayaya/nti 4 month/flashdrive/nti/sdk_win_64/sdk_win_64/winavr/bin/../lib/gcc/avr/4.3.3/../../../../avr/lib/avr5/crtm32.o
 *(.init9)
 *(.text)
 .text          0x0000008e        0x4 c:/ayaya/nti 4 month/flashdrive/nti/sdk_win_64/sdk_win_64/winavr/bin/../lib/gcc/avr/4.3.3/../../../../avr/lib/avr5/crtm32.o
                0x0000008e                __vector_12
                0x0000008e                __bad_interrupt
                0x0000008e                __vector_11
                0x0000008e                __vector_17
                0x0000008e                __vector_19
                0x0000008e                __vector_5
                0x0000008e                __vector_4
                0x0000008e                __vector_10
                0x0000008e                __vector_16
                0x0000008e                __vector_18
                0x0000008e                __vector_20
 .text          0x00000092        0x0 ./SERVICE/TempControl/TempControl.o
 .text          0x00000092        0x0 ./SERVICE/SET_ON_FLAG/setOnFlag.o
 .text          0x00000092        0x0 ./SERVICE/OpenDoor/OpenDoor.o
 .text          0x00000092        0x0 ./SERVICE/LockHouse/lockHouse.o
 .text          0x00000092        0x0 ./SERVICE/LEDs_Control/SERVICE_LEDS_Control.o
 .text          0x00000092        0x0 ./SERVICE/EnterPass/EnterPass.o
 .text          0x00000092        0x0 ./SERVICE/EVERYTHING_ON/EverythingOn.o
 .text          0x00000092        0x0 ./SERVICE/DisplayDateTime/DisplayDateTime.o
 .text          0x00000092        0x0 ./SERVICE/CurtainsSetFlag/prog.o
 .text          0x00000092        0x0 ./SERVICE/CheckIR/Check_IR.o
 .text          0x00000092        0x0 ./MCAL/UART/Uart.o
 .text          0x00000092        0x0 ./MCAL/Timer1/Timer1_prog.o
 .text          0x00000092        0x0 ./MCAL/Timer0/Timer0.o
 .text          0x00000092        0x0 ./MCAL/I2C/I2C.o
 .text          0x00000092        0x0 ./MCAL/I2C/twi.o
 .text          0x00000092        0x0 ./MCAL/EXT/External_interrupt.o
 .text          0x00000092        0x0 ./MCAL/EEPROM/external_eeprom.o
 .text          0x00000092        0x0 ./MCAL/DIO/DIO.o
 .text          0x00000092        0x0 ./MCAL/ADC/ADC_prog.o
 .text          0x00000092        0x0 ./HAL/Solenoid/Solenoid.o
 .text          0x00000092        0x0 ./HAL/SERVO/Servo.o
 .text          0x00000092        0x0 ./HAL/RTC/RTC.o
 .text          0x00000092        0x0 ./HAL/Password/Password.o
 .text          0x00000092        0x0 ./HAL/PIR/PIR.o
 .text          0x00000092        0x0 ./HAL/LM35/LM35_Prog.o
 .text          0x00000092        0x0 ./HAL/LED/LED.o
 .text          0x00000092        0x0 ./HAL/LDR/LDR_prg.o
 .text          0x00000092        0x0 ./HAL/LCD/lcd_Prog.o
 .text          0x00000092        0x0 ./HAL/KeyPad/keypad.o
 .text          0x00000092        0x0 ./HAL/IR/IR_Prog.o
 .text          0x00000092        0x0 ./HAL/Buzzrer/Buzzer.o
 .text          0x00000092        0x0 ./HAL/Button/Button.o
 .text          0x00000092        0x0 ./APP/App.o
 .text          0x00000092        0x0 ./main.o
 .text          0x00000092        0x0 c:/ayaya/nti 4 month/flashdrive/nti/sdk_win_64/sdk_win_64/winavr/bin/../lib/gcc/avr/4.3.3/avr5\libgcc.a(_mulsi3.o)
 .text          0x00000092        0x0 c:/ayaya/nti 4 month/flashdrive/nti/sdk_win_64/sdk_win_64/winavr/bin/../lib/gcc/avr/4.3.3/avr5\libgcc.a(_udivmodqi4.o)
 .text          0x00000092        0x0 c:/ayaya/nti 4 month/flashdrive/nti/sdk_win_64/sdk_win_64/winavr/bin/../lib/gcc/avr/4.3.3/avr5\libgcc.a(_udivmodsi4.o)
 .text          0x00000092        0x0 c:/ayaya/nti 4 month/flashdrive/nti/sdk_win_64/sdk_win_64/winavr/bin/../lib/gcc/avr/4.3.3/avr5\libgcc.a(_divmodsi4.o)
 .text          0x00000092        0x0 c:/ayaya/nti 4 month/flashdrive/nti/sdk_win_64/sdk_win_64/winavr/bin/../lib/gcc/avr/4.3.3/avr5\libgcc.a(_exit.o)
 .text          0x00000092        0x0 c:/ayaya/nti 4 month/flashdrive/nti/sdk_win_64/sdk_win_64/winavr/bin/../lib/gcc/avr/4.3.3/avr5\libgcc.a(_copy_data.o)
 .text          0x00000092        0x0 c:/ayaya/nti 4 month/flashdrive/nti/sdk_win_64/sdk_win_64/winavr/bin/../lib/gcc/avr/4.3.3/avr5\libgcc.a(_clear_bss.o)
 .text          0x00000092        0x0 c:/ayaya/nti 4 month/flashdrive/nti/sdk_win_64/sdk_win_64/winavr/bin/../lib/gcc/avr/4.3.3/../../../../avr/lib/avr5\libc.a(sprintf.o)
 .text          0x00000092        0x0 c:/ayaya/nti 4 month/flashdrive/nti/sdk_win_64/sdk_win_64/winavr/bin/../lib/gcc/avr/4.3.3/../../../../avr/lib/avr5\libc.a(vfprintf_std.o)
 .text          0x00000092        0x0 c:/ayaya/nti 4 month/flashdrive/nti/sdk_win_64/sdk_win_64/winavr/bin/../lib/gcc/avr/4.3.3/../../../../avr/lib/avr5\libc.a(strnlen_P.o)
 .text          0x00000092        0x0 c:/ayaya/nti 4 month/flashdrive/nti/sdk_win_64/sdk_win_64/winavr/bin/../lib/gcc/avr/4.3.3/../../../../avr/lib/avr5\libc.a(strnlen.o)
 .text          0x00000092        0x0 c:/ayaya/nti 4 month/flashdrive/nti/sdk_win_64/sdk_win_64/winavr/bin/../lib/gcc/avr/4.3.3/../../../../avr/lib/avr5\libc.a(fputc.o)
 .text          0x00000092        0x0 c:/ayaya/nti 4 month/flashdrive/nti/sdk_win_64/sdk_win_64/winavr/bin/../lib/gcc/avr/4.3.3/../../../../avr/lib/avr5\libc.a(ultoa_invert.o)
 .text          0x00000092        0x0 c:/ayaya/nti 4 month/flashdrive/nti/sdk_win_64/sdk_win_64/winavr/bin/../lib/gcc/avr/4.3.3/avr5\libgcc.a(_prologue.o)
 .text          0x00000092        0x0 c:/ayaya/nti 4 month/flashdrive/nti/sdk_win_64/sdk_win_64/winavr/bin/../lib/gcc/avr/4.3.3/avr5\libgcc.a(_epilogue.o)
                0x00000092                . = ALIGN (0x2)
 *(.text.*)
 .text.SERVICE_TempControl
                0x00000092       0x1c ./SERVICE/TempControl/TempControl.o
                0x00000092                SERVICE_TempControl
 .text.SERVICE_SET_ON_FLAG
                0x000000ae       0x10 ./SERVICE/SET_ON_FLAG/setOnFlag.o
                0x000000ae                SERVICE_SET_ON_FLAG
 .text.SERVICE_OPEN_DOOR
                0x000000be       0x12 ./SERVICE/OpenDoor/OpenDoor.o
                0x000000be                SERVICE_OPEN_DOOR
 .text.lockHouse
                0x000000d0        0xc ./SERVICE/LockHouse/lockHouse.o
                0x000000d0                lockHouse
 .text.SERVICE_LEDS_Control
                0x000000dc       0x5a ./SERVICE/LEDs_Control/SERVICE_LEDS_Control.o
                0x000000dc                SERVICE_LEDS_Control
 .text.func_ext_int_0.1349
                0x00000136       0x12 ./SERVICE/LEDs_Control/SERVICE_LEDS_Control.o
 .text.SERVICE_EVERYTHING_ON
                0x00000148       0x20 ./SERVICE/EVERYTHING_ON/EverythingOn.o
                0x00000148                SERVICE_EVERYTHING_ON
 .text.SERVICE_DisplayDateTime
                0x00000168      0x114 ./SERVICE/DisplayDateTime/DisplayDateTime.o
                0x00000168                SERVICE_DisplayDateTime
 .text.SERVICE_Set_Flag
                0x0000027c       0x16 ./SERVICE/CurtainsSetFlag/prog.o
                0x0000027c                SERVICE_Set_Flag
 .text.Check_LDR
                0x00000292       0x26 ./SERVICE/CurtainsSetFlag/prog.o
                0x00000292                Check_LDR
 .text.SERVICE_Curtain_Control
                0x000002b8       0x14 ./SERVICE/CurtainsSetFlag/prog.o
                0x000002b8                SERVICE_Curtain_Control
 .text.SERVICE_Check_IR
                0x000002cc       0x2c ./SERVICE/CheckIR/Check_IR.o
                0x000002cc                SERVICE_Check_IR
 .text.MCAL_UART_init
                0x000002f8       0x44 ./MCAL/UART/Uart.o
                0x000002f8                MCAL_UART_init
 .text.MCAL_UART_send_sysch
                0x0000033c        0xa ./MCAL/UART/Uart.o
                0x0000033c                MCAL_UART_send_sysch
 .text.MCAL_UART_TXC_Enable
                0x00000346        0x8 ./MCAL/UART/Uart.o
                0x00000346                MCAL_UART_TXC_Enable
 .text.MCAL_UART_UDRE_Enable
                0x0000034e        0x8 ./MCAL/UART/Uart.o
                0x0000034e                MCAL_UART_UDRE_Enable
 .text.MCAL_UART_send_str_sysch
                0x00000356       0x1c ./MCAL/UART/Uart.o
                0x00000356                MCAL_UART_send_str_sysch
 .text.MCAL_UART_receive_sysch
                0x00000372        0x8 ./MCAL/UART/Uart.o
                0x00000372                MCAL_UART_receive_sysch
 .text.MCAL_UART_RXC_Enable
                0x0000037a        0x8 ./MCAL/UART/Uart.o
                0x0000037a                MCAL_UART_RXC_Enable
 .text.MCAL_UART_setCAllBACK
                0x00000382       0x3a ./MCAL/UART/Uart.o
                0x00000382                MCAL_UART_setCAllBACK
 .text.__vector_13
                0x000003bc       0x52 ./MCAL/UART/Uart.o
                0x000003bc                __vector_13
 .text.__vector_15
                0x0000040e       0x52 ./MCAL/UART/Uart.o
                0x0000040e                __vector_15
 .text.__vector_14
                0x00000460       0x52 ./MCAL/UART/Uart.o
                0x00000460                __vector_14
 .text.Timer1_Init
                0x000004b2       0x8a ./MCAL/Timer1/Timer1_prog.o
                0x000004b2                Timer1_Init
 .text.Timer1_OCRA1Mode
                0x0000053c       0x3a ./MCAL/Timer1/Timer1_prog.o
                0x0000053c                Timer1_OCRA1Mode
 .text.Timer1_OCRB1Mode
                0x00000576       0x3a ./MCAL/Timer1/Timer1_prog.o
                0x00000576                Timer1_OCRB1Mode
 .text.Timer1_InputCaptureEdge
                0x000005b0       0x18 ./MCAL/Timer1/Timer1_prog.o
                0x000005b0                Timer1_InputCaptureEdge
 .text.Timer1_ICU_InterruptEnable
                0x000005c8        0x8 ./MCAL/Timer1/Timer1_prog.o
                0x000005c8                Timer1_ICU_InterruptEnable
 .text.Timer1_ICU_InterruptDisable
                0x000005d0        0x8 ./MCAL/Timer1/Timer1_prog.o
                0x000005d0                Timer1_ICU_InterruptDisable
 .text.Timer1_OVF_InterruptEnable
                0x000005d8        0x8 ./MCAL/Timer1/Timer1_prog.o
                0x000005d8                Timer1_OVF_InterruptEnable
 .text.Timer1_OVF_InterruptDisable
                0x000005e0        0x8 ./MCAL/Timer1/Timer1_prog.o
                0x000005e0                Timer1_OVF_InterruptDisable
 .text.Timer1_OCA_InterruptEnable
                0x000005e8        0x8 ./MCAL/Timer1/Timer1_prog.o
                0x000005e8                Timer1_OCA_InterruptEnable
 .text.Timer1_OCA_InterruptDisable
                0x000005f0        0x8 ./MCAL/Timer1/Timer1_prog.o
                0x000005f0                Timer1_OCA_InterruptDisable
 .text.Timer1_OCB_InterruptEnable
                0x000005f8        0x8 ./MCAL/Timer1/Timer1_prog.o
                0x000005f8                Timer1_OCB_InterruptEnable
 .text.Timer1_OCB_InterruptDisable
                0x00000600        0x8 ./MCAL/Timer1/Timer1_prog.o
                0x00000600                Timer1_OCB_InterruptDisable
 .text.Timer1_OVF_SetCallBack
                0x00000608       0x14 ./MCAL/Timer1/Timer1_prog.o
                0x00000608                Timer1_OVF_SetCallBack
 .text.Timer1_OCA_SetCallBack
                0x0000061c       0x14 ./MCAL/Timer1/Timer1_prog.o
                0x0000061c                Timer1_OCA_SetCallBack
 .text.Timer1_OCB_SetCallBack
                0x00000630       0x14 ./MCAL/Timer1/Timer1_prog.o
                0x00000630                Timer1_OCB_SetCallBack
 .text.Timer1_ICU_SetCallBack
                0x00000644       0x14 ./MCAL/Timer1/Timer1_prog.o
                0x00000644                Timer1_ICU_SetCallBack
 .text.__vector_9
                0x00000658       0x52 ./MCAL/Timer1/Timer1_prog.o
                0x00000658                __vector_9
 .text.__vector_7
                0x000006aa       0x52 ./MCAL/Timer1/Timer1_prog.o
                0x000006aa                __vector_7
 .text.__vector_8
                0x000006fc       0x52 ./MCAL/Timer1/Timer1_prog.o
                0x000006fc                __vector_8
 .text.__vector_6
                0x0000074e       0x52 ./MCAL/Timer1/Timer1_prog.o
                0x0000074e                __vector_6
 .text.MCAL_Timer0_OVF_Init
                0x000007a0       0x44 ./MCAL/Timer0/Timer0.o
                0x000007a0                MCAL_Timer0_OVF_Init
 .text.MCAL_Timer0_CTC_Init
                0x000007e4       0x4c ./MCAL/Timer0/Timer0.o
                0x000007e4                MCAL_Timer0_CTC_Init
 .text.MCAL_Timer0_FastPWM_Init
                0x00000830       0x4e ./MCAL/Timer0/Timer0.o
                0x00000830                MCAL_Timer0_FastPWM_Init
 .text.MCAL_Timer0_PCPWM_Init
                0x0000087e       0x48 ./MCAL/Timer0/Timer0.o
                0x0000087e                MCAL_Timer0_PCPWM_Init
 .text.I2C_Init
                0x000008c6        0x8 ./MCAL/I2C/I2C.o
                0x000008c6                I2C_Init
 .text.I2C_Start
                0x000008ce       0x3c ./MCAL/I2C/I2C.o
                0x000008ce                I2C_Start
 .text.I2C_Repeated_Start
                0x0000090a       0x3c ./MCAL/I2C/I2C.o
                0x0000090a                I2C_Repeated_Start
 .text.I2C_Stop
                0x00000946        0xc ./MCAL/I2C/I2C.o
                0x00000946                I2C_Stop
 .text.I2C_Start_Wait
                0x00000952       0x36 ./MCAL/I2C/I2C.o
                0x00000952                I2C_Start_Wait
 .text.I2C_Write
                0x00000988       0x24 ./MCAL/I2C/I2C.o
                0x00000988                I2C_Write
 .text.I2C_Read_Ack
                0x000009ac       0x10 ./MCAL/I2C/I2C.o
                0x000009ac                I2C_Read_Ack
 .text.I2C_Read_Nack
                0x000009bc       0x10 ./MCAL/I2C/I2C.o
                0x000009bc                I2C_Read_Nack
 .text.TWI_init
                0x000009cc       0x10 ./MCAL/I2C/twi.o
                0x000009cc                TWI_init
 .text.TWI_start
                0x000009dc        0xc ./MCAL/I2C/twi.o
                0x000009dc                TWI_start
 .text.TWI_stop
                0x000009e8        0x6 ./MCAL/I2C/twi.o
                0x000009e8                TWI_stop
 .text.TWI_writeByte
                0x000009ee        0xe ./MCAL/I2C/twi.o
                0x000009ee                TWI_writeByte
 .text.TWI_readByteWithACK
                0x000009fc        0xe ./MCAL/I2C/twi.o
                0x000009fc                TWI_readByteWithACK
 .text.TWI_readByteWithNACK
                0x00000a0a        0xe ./MCAL/I2C/twi.o
                0x00000a0a                TWI_readByteWithNACK
 .text.TWI_getStatus
                0x00000a18        0x6 ./MCAL/I2C/twi.o
                0x00000a18                TWI_getStatus
 .text.MCAL_EXT_INT_0_init
                0x00000a1e       0x44 ./MCAL/EXT/External_interrupt.o
                0x00000a1e                MCAL_EXT_INT_0_init
 .text.MCAL_EXT_INT_1_init
                0x00000a62       0x44 ./MCAL/EXT/External_interrupt.o
                0x00000a62                MCAL_EXT_INT_1_init
 .text.MCAL_EXT_INT_2_init
                0x00000aa6       0x2c ./MCAL/EXT/External_interrupt.o
                0x00000aa6                MCAL_EXT_INT_2_init
 .text.MCAL_Ext_INT_setCallBack
                0x00000ad2       0x3a ./MCAL/EXT/External_interrupt.o
                0x00000ad2                MCAL_Ext_INT_setCallBack
 .text.__vector_1
                0x00000b0c       0x52 ./MCAL/EXT/External_interrupt.o
                0x00000b0c                __vector_1
 .text.__vector_2
                0x00000b5e       0x52 ./MCAL/EXT/External_interrupt.o
                0x00000b5e                __vector_2
 .text.__vector_3
                0x00000bb0       0x52 ./MCAL/EXT/External_interrupt.o
                0x00000bb0                __vector_3
 .text.EEPROM_readByte
                0x00000c02       0x8a ./MCAL/EEPROM/external_eeprom.o
                0x00000c02                EEPROM_readByte
 .text.EEPROM_writeByte
                0x00000c8c       0x62 ./MCAL/EEPROM/external_eeprom.o
                0x00000c8c                EEPROM_writeByte
 .text.MCAL_Dio_Init
                0x00000cee       0x58 ./MCAL/DIO/DIO.o
                0x00000cee                MCAL_Dio_Init
 .text.MCAL_Dio_SetPortDirection
                0x00000d46       0x3a ./MCAL/DIO/DIO.o
                0x00000d46                MCAL_Dio_SetPortDirection
 .text.MCAL_Dio_SetPinDirection
                0x00000d80       0x58 ./MCAL/DIO/DIO.o
                0x00000d80                MCAL_Dio_SetPinDirection
 .text.MCAL_Dio_ReadPort
                0x00000dd8       0x38 ./MCAL/DIO/DIO.o
                0x00000dd8                MCAL_Dio_ReadPort
 .text.MCAL_Dio_ReadPin
                0x00000e10       0x58 ./MCAL/DIO/DIO.o
                0x00000e10                MCAL_Dio_ReadPin
 .text.MCAL_Dio_WritePort
                0x00000e68       0x32 ./MCAL/DIO/DIO.o
                0x00000e68                MCAL_Dio_WritePort
 .text.MCAL_Dio_WritePin
                0x00000e9a       0x56 ./MCAL/DIO/DIO.o
                0x00000e9a                MCAL_Dio_WritePin
 .text.MCAL_Dio_WriteSinglePin
                0x00000ef0      0x112 ./MCAL/DIO/DIO.o
                0x00000ef0                MCAL_Dio_WriteSinglePin
 .text.MCAL_Dio_ReadSinglePin
                0x00001002       0x76 ./MCAL/DIO/DIO.o
                0x00001002                MCAL_Dio_ReadSinglePin
 .text.MCAL_Dio_TogglePin
                0x00001078       0x8e ./MCAL/DIO/DIO.o
                0x00001078                MCAL_Dio_TogglePin
 .text.MCAL_ADC_INIT
                0x00001106       0x24 ./MCAL/ADC/ADC_prog.o
                0x00001106                MCAL_ADC_INIT
 .text.MCAL_ADC_READ
                0x0000112a       0x1a ./MCAL/ADC/ADC_prog.o
                0x0000112a                MCAL_ADC_READ
 .text.HAL_Solenoid_Close
                0x00001144       0x30 ./HAL/Solenoid/Solenoid.o
                0x00001144                HAL_Solenoid_Close
 .text.HAL_Solenoid_Open
                0x00001174       0x30 ./HAL/Solenoid/Solenoid.o
                0x00001174                HAL_Solenoid_Open
 .text.HAL_Solenoid_init
                0x000011a4       0x2e ./HAL/Solenoid/Solenoid.o
                0x000011a4                HAL_Solenoid_init
 .text.HAL_SERVO_Increment
                0x000011d2       0x1a ./HAL/SERVO/Servo.o
                0x000011d2                HAL_SERVO_Increment
 .text.HAL_SERVO_Write
                0x000011ec       0x32 ./HAL/SERVO/Servo.o
                0x000011ec                HAL_SERVO_Write
 .text.HAL_SERVO_Write_CCW
                0x0000121e        0x8 ./HAL/SERVO/Servo.o
                0x0000121e                HAL_SERVO_Write_CCW
 .text.HAL_SERVO_Write_CW
                0x00001226        0x8 ./HAL/SERVO/Servo.o
                0x00001226                HAL_SERVO_Write_CW
 .text.HAL_SERVO_INIT
                0x0000122e       0x1a ./HAL/SERVO/Servo.o
                0x0000122e                HAL_SERVO_INIT
 .text.HAL_RTC_ReadDate
                0x00001248       0x4c ./HAL/RTC/RTC.o
                0x00001248                HAL_RTC_ReadDate
 .text.HAL_RTC_ReadTime
                0x00001294       0x3c ./HAL/RTC/RTC.o
                0x00001294                HAL_RTC_ReadTime
 .text.HAL_RTC_Init
                0x000012d0      0x126 ./HAL/RTC/RTC.o
                0x000012d0                HAL_RTC_Init
 .text.Login    0x000013f6       0xdc ./HAL/Password/Password.o
                0x000013f6                Login
 .text.Enter_Password
                0x000014d2      0x1b6 ./HAL/Password/Password.o
                0x000014d2                Enter_Password
 .text.HAL_PIR_Read
                0x00001688       0x2e ./HAL/PIR/PIR.o
                0x00001688                HAL_PIR_Read
 .text.HAL_PIR_Init
                0x000016b6       0x3e ./HAL/PIR/PIR.o
                0x000016b6                HAL_PIR_Init
 .text.HAL_LM35_readTemp
                0x000016f4       0x1c ./HAL/LM35/LM35_Prog.o
                0x000016f4                HAL_LM35_readTemp
 .text.HAL_LED_TOGGLE
                0x00001710       0x58 ./HAL/LED/LED.o
                0x00001710                HAL_LED_TOGGLE
 .text.HAL_LED_OFF
                0x00001768       0x28 ./HAL/LED/LED.o
                0x00001768                HAL_LED_OFF
 .text.HAL_LED_ON
                0x00001790       0x28 ./HAL/LED/LED.o
                0x00001790                HAL_LED_ON
 .text.HAL_LED_INIT
                0x000017b8       0x28 ./HAL/LED/LED.o
                0x000017b8                HAL_LED_INIT
 .text.HAL_LDR_Read
                0x000017e0       0x44 ./HAL/LDR/LDR_prg.o
                0x000017e0                HAL_LDR_Read
 .text.HAL_LDR_Init
                0x00001824        0xa ./HAL/LDR/LDR_prg.o
                0x00001824                HAL_LDR_Init
 .text.HAL_LCD_sendCharacter
                0x0000182e      0x172 ./HAL/LCD/lcd_Prog.o
                0x0000182e                HAL_LCD_sendCharacter
 .text.HAL_LCD_sendString
                0x000019a0       0x2c ./HAL/LCD/lcd_Prog.o
                0x000019a0                HAL_LCD_sendString
 .text.HAL_LCD_integerToString
                0x000019cc       0xee ./HAL/LCD/lcd_Prog.o
                0x000019cc                HAL_LCD_integerToString
 .text.HAL_LCD_sendCommand
                0x00001aba      0x17a ./HAL/LCD/lcd_Prog.o
                0x00001aba                HAL_LCD_sendCommand
 .text.HAL_LCD_goToRowColumn
                0x00001c34       0x28 ./HAL/LCD/lcd_Prog.o
                0x00001c34                HAL_LCD_goToRowColumn
 .text.HAL_LCD_displayIntegerRowColumn
                0x00001c5c       0x26 ./HAL/LCD/lcd_Prog.o
                0x00001c5c                HAL_LCD_displayIntegerRowColumn
 .text.HAL_LCD_displaystringRowColumn
                0x00001c82       0x1a ./HAL/LCD/lcd_Prog.o
                0x00001c82                HAL_LCD_displaystringRowColumn
 .text.HAL_LCD_clearScreen
                0x00001c9c       0x16 ./HAL/LCD/lcd_Prog.o
                0x00001c9c                HAL_LCD_clearScreen
 .text.HAL_LCD_init
                0x00001cb2       0xd8 ./HAL/LCD/lcd_Prog.o
                0x00001cb2                HAL_LCD_init
 .text.HAL_KPD_getKey
                0x00001d8a      0x178 ./HAL/KeyPad/keypad.o
                0x00001d8a                HAL_KPD_getKey
 .text.HAL_KPD_init
                0x00001f02       0x72 ./HAL/KeyPad/keypad.o
                0x00001f02                HAL_KPD_init
 .text.HAL_IR_Init
                0x00001f74        0x6 ./HAL/IR/IR_Prog.o
                0x00001f74                HAL_IR_Init
 .text.HAL_IR_Read
                0x00001f7a        0xa ./HAL/IR/IR_Prog.o
                0x00001f7a                HAL_IR_Read
 .text.HAL_BUZZER_OFF
                0x00001f84       0x28 ./HAL/Buzzrer/Buzzer.o
                0x00001f84                HAL_BUZZER_OFF
 .text.HAL_BUZZER_ON
                0x00001fac       0x28 ./HAL/Buzzrer/Buzzer.o
                0x00001fac                HAL_BUZZER_ON
 .text.HAL_BUZZER_INIT
                0x00001fd4       0x28 ./HAL/Buzzrer/Buzzer.o
                0x00001fd4                HAL_BUZZER_INIT
 .text.HAL_BUTTON_set_pullup
                0x00001ffc       0x2a ./HAL/Button/Button.o
                0x00001ffc                HAL_BUTTON_set_pullup
 .text.HAL_BUTTON_read
                0x00002026       0x2a ./HAL/Button/Button.o
                0x00002026                HAL_BUTTON_read
 .text.HAL_BUTTON_init
                0x00002050       0x2a ./HAL/Button/Button.o
                0x00002050                HAL_BUTTON_init
 .text.App_start
                0x0000207a       0x3e ./APP/App.o
                0x0000207a                App_start
 .text.App_init
                0x000020b8       0x8e ./APP/App.o
                0x000020b8                App_init
 .text.main     0x00002146        0xa ./main.o
                0x00002146                main
 .text.libgcc   0x00002150       0x3e c:/ayaya/nti 4 month/flashdrive/nti/sdk_win_64/sdk_win_64/winavr/bin/../lib/gcc/avr/4.3.3/avr5\libgcc.a(_mulsi3.o)
                0x00002150                __mulsi3
 .text.libgcc   0x0000218e       0x18 c:/ayaya/nti 4 month/flashdrive/nti/sdk_win_64/sdk_win_64/winavr/bin/../lib/gcc/avr/4.3.3/avr5\libgcc.a(_udivmodqi4.o)
                0x0000218e                __udivmodqi4
 .text.libgcc   0x000021a6       0x44 c:/ayaya/nti 4 month/flashdrive/nti/sdk_win_64/sdk_win_64/winavr/bin/../lib/gcc/avr/4.3.3/avr5\libgcc.a(_udivmodsi4.o)
                0x000021a6                __udivmodsi4
 .text.libgcc   0x000021ea       0x36 c:/ayaya/nti 4 month/flashdrive/nti/sdk_win_64/sdk_win_64/winavr/bin/../lib/gcc/avr/4.3.3/avr5\libgcc.a(_divmodsi4.o)
                0x000021ea                __divmodsi4
 .text.libgcc   0x00002220        0x0 c:/ayaya/nti 4 month/flashdrive/nti/sdk_win_64/sdk_win_64/winavr/bin/../lib/gcc/avr/4.3.3/avr5\libgcc.a(_exit.o)
 .text.libgcc   0x00002220        0x0 c:/ayaya/nti 4 month/flashdrive/nti/sdk_win_64/sdk_win_64/winavr/bin/../lib/gcc/avr/4.3.3/avr5\libgcc.a(_copy_data.o)
 .text.libgcc   0x00002220        0x0 c:/ayaya/nti 4 month/flashdrive/nti/sdk_win_64/sdk_win_64/winavr/bin/../lib/gcc/avr/4.3.3/avr5\libgcc.a(_clear_bss.o)
 .text.avr-libc
                0x00002220       0x48 c:/ayaya/nti 4 month/flashdrive/nti/sdk_win_64/sdk_win_64/winavr/bin/../lib/gcc/avr/4.3.3/../../../../avr/lib/avr5\libc.a(sprintf.o)
                0x00002220                sprintf
 .text.avr-libc
                0x00002268      0x3ba c:/ayaya/nti 4 month/flashdrive/nti/sdk_win_64/sdk_win_64/winavr/bin/../lib/gcc/avr/4.3.3/../../../../avr/lib/avr5\libc.a(vfprintf_std.o)
                0x00002268                vfprintf
 .text.avr-libc
                0x00002622       0x16 c:/ayaya/nti 4 month/flashdrive/nti/sdk_win_64/sdk_win_64/winavr/bin/../lib/gcc/avr/4.3.3/../../../../avr/lib/avr5\libc.a(strnlen_P.o)
                0x00002622                strnlen_P
 .text.avr-libc
                0x00002638       0x16 c:/ayaya/nti 4 month/flashdrive/nti/sdk_win_64/sdk_win_64/winavr/bin/../lib/gcc/avr/4.3.3/../../../../avr/lib/avr5\libc.a(strnlen.o)
                0x00002638                strnlen
 .text.avr-libc
                0x0000264e       0x58 c:/ayaya/nti 4 month/flashdrive/nti/sdk_win_64/sdk_win_64/winavr/bin/../lib/gcc/avr/4.3.3/../../../../avr/lib/avr5\libc.a(fputc.o)
                0x0000264e                fputc
 .text.avr-libc
                0x000026a6       0xbc c:/ayaya/nti 4 month/flashdrive/nti/sdk_win_64/sdk_win_64/winavr/bin/../lib/gcc/avr/4.3.3/../../../../avr/lib/avr5\libc.a(ultoa_invert.o)
                0x000026a6                __ultoa_invert
 .text.libgcc   0x00002762       0x38 c:/ayaya/nti 4 month/flashdrive/nti/sdk_win_64/sdk_win_64/winavr/bin/../lib/gcc/avr/4.3.3/avr5\libgcc.a(_prologue.o)
                0x00002762                __prologue_saves__
 .text.libgcc   0x0000279a       0x36 c:/ayaya/nti 4 month/flashdrive/nti/sdk_win_64/sdk_win_64/winavr/bin/../lib/gcc/avr/4.3.3/avr5\libgcc.a(_epilogue.o)
                0x0000279a                __epilogue_restores__
                0x000027d0                . = ALIGN (0x2)
 *(.fini9)
 .fini9         0x000027d0        0x0 c:/ayaya/nti 4 month/flashdrive/nti/sdk_win_64/sdk_win_64/winavr/bin/../lib/gcc/avr/4.3.3/avr5\libgcc.a(_exit.o)
                0x000027d0                exit
                0x000027d0                _exit
 *(.fini9)
 *(.fini8)
 *(.fini8)
 *(.fini7)
 *(.fini7)
 *(.fini6)
 *(.fini6)
 *(.fini5)
 *(.fini5)
 *(.fini4)
 *(.fini4)
 *(.fini3)
 *(.fini3)
 *(.fini2)
 *(.fini2)
 *(.fini1)
 *(.fini1)
 *(.fini0)
 .fini0         0x000027d0        0x4 c:/ayaya/nti 4 month/flashdrive/nti/sdk_win_64/sdk_win_64/winavr/bin/../lib/gcc/avr/4.3.3/avr5\libgcc.a(_exit.o)
 *(.fini0)
                0x000027d4                _etext = .

.data           0x00800060       0x86 load address 0x000027d4
                0x00800060                PROVIDE (__data_start, .)
 *(.data)
 .data          0x00800060        0x0 c:/ayaya/nti 4 month/flashdrive/nti/sdk_win_64/sdk_win_64/winavr/bin/../lib/gcc/avr/4.3.3/../../../../avr/lib/avr5/crtm32.o
 .data          0x00800060        0x0 ./SERVICE/TempControl/TempControl.o
 .data          0x00800060        0x0 ./SERVICE/SET_ON_FLAG/setOnFlag.o
 .data          0x00800060        0x0 ./SERVICE/OpenDoor/OpenDoor.o
 .data          0x00800060        0x0 ./SERVICE/LockHouse/lockHouse.o
 .data          0x00800060        0x0 ./SERVICE/LEDs_Control/SERVICE_LEDS_Control.o
 .data          0x00800060        0x0 ./SERVICE/EnterPass/EnterPass.o
 .data          0x00800060        0x0 ./SERVICE/EVERYTHING_ON/EverythingOn.o
 .data          0x00800060       0x24 ./SERVICE/DisplayDateTime/DisplayDateTime.o
 .data          0x00800084        0x0 ./SERVICE/CurtainsSetFlag/prog.o
 .data          0x00800084        0x0 ./SERVICE/CheckIR/Check_IR.o
 .data          0x00800084        0x0 ./MCAL/UART/Uart.o
 .data          0x00800084        0x0 ./MCAL/Timer1/Timer1_prog.o
 .data          0x00800084        0x0 ./MCAL/Timer0/Timer0.o
 .data          0x00800084        0x0 ./MCAL/I2C/I2C.o
 .data          0x00800084        0x0 ./MCAL/I2C/twi.o
 .data          0x00800084        0x0 ./MCAL/EXT/External_interrupt.o
 .data          0x00800084        0x0 ./MCAL/EEPROM/external_eeprom.o
 .data          0x00800084        0x0 ./MCAL/DIO/DIO.o
 .data          0x00800084        0x0 ./MCAL/ADC/ADC_prog.o
 .data          0x00800084        0x0 ./HAL/Solenoid/Solenoid.o
 .data          0x00800084        0x0 ./HAL/SERVO/Servo.o
 .data          0x00800084        0x0 ./HAL/RTC/RTC.o
 .data          0x00800084       0x26 ./HAL/Password/Password.o
 .data          0x008000aa        0x0 ./HAL/PIR/PIR.o
 .data          0x008000aa        0x0 ./HAL/LM35/LM35_Prog.o
 .data          0x008000aa        0x0 ./HAL/LED/LED.o
 .data          0x008000aa        0x0 ./HAL/LDR/LDR_prg.o
 .data          0x008000aa        0x0 ./HAL/LCD/lcd_Prog.o
 .data          0x008000aa        0x0 ./HAL/KeyPad/keypad.o
 .data          0x008000aa        0x0 ./HAL/IR/IR_Prog.o
 .data          0x008000aa        0x0 ./HAL/Buzzrer/Buzzer.o
 .data          0x008000aa        0x0 ./HAL/Button/Button.o
 .data          0x008000aa        0x4 ./APP/App.o
 .data          0x008000ae        0x0 ./main.o
 .data          0x008000ae        0x0 c:/ayaya/nti 4 month/flashdrive/nti/sdk_win_64/sdk_win_64/winavr/bin/../lib/gcc/avr/4.3.3/avr5\libgcc.a(_mulsi3.o)
 .data          0x008000ae        0x0 c:/ayaya/nti 4 month/flashdrive/nti/sdk_win_64/sdk_win_64/winavr/bin/../lib/gcc/avr/4.3.3/avr5\libgcc.a(_udivmodqi4.o)
 .data          0x008000ae        0x0 c:/ayaya/nti 4 month/flashdrive/nti/sdk_win_64/sdk_win_64/winavr/bin/../lib/gcc/avr/4.3.3/avr5\libgcc.a(_udivmodsi4.o)
 .data          0x008000ae        0x0 c:/ayaya/nti 4 month/flashdrive/nti/sdk_win_64/sdk_win_64/winavr/bin/../lib/gcc/avr/4.3.3/avr5\libgcc.a(_divmodsi4.o)
 .data          0x008000ae        0x0 c:/ayaya/nti 4 month/flashdrive/nti/sdk_win_64/sdk_win_64/winavr/bin/../lib/gcc/avr/4.3.3/avr5\libgcc.a(_exit.o)
 .data          0x008000ae        0x0 c:/ayaya/nti 4 month/flashdrive/nti/sdk_win_64/sdk_win_64/winavr/bin/../lib/gcc/avr/4.3.3/avr5\libgcc.a(_copy_data.o)
 .data          0x008000ae        0x0 c:/ayaya/nti 4 month/flashdrive/nti/sdk_win_64/sdk_win_64/winavr/bin/../lib/gcc/avr/4.3.3/avr5\libgcc.a(_clear_bss.o)
 .data          0x008000ae        0x0 c:/ayaya/nti 4 month/flashdrive/nti/sdk_win_64/sdk_win_64/winavr/bin/../lib/gcc/avr/4.3.3/../../../../avr/lib/avr5\libc.a(sprintf.o)
 .data          0x008000ae        0x0 c:/ayaya/nti 4 month/flashdrive/nti/sdk_win_64/sdk_win_64/winavr/bin/../lib/gcc/avr/4.3.3/../../../../avr/lib/avr5\libc.a(vfprintf_std.o)
 .data          0x008000ae        0x0 c:/ayaya/nti 4 month/flashdrive/nti/sdk_win_64/sdk_win_64/winavr/bin/../lib/gcc/avr/4.3.3/../../../../avr/lib/avr5\libc.a(strnlen_P.o)
 .data          0x008000ae        0x0 c:/ayaya/nti 4 month/flashdrive/nti/sdk_win_64/sdk_win_64/winavr/bin/../lib/gcc/avr/4.3.3/../../../../avr/lib/avr5\libc.a(strnlen.o)
 .data          0x008000ae        0x0 c:/ayaya/nti 4 month/flashdrive/nti/sdk_win_64/sdk_win_64/winavr/bin/../lib/gcc/avr/4.3.3/../../../../avr/lib/avr5\libc.a(fputc.o)
 .data          0x008000ae        0x0 c:/ayaya/nti 4 month/flashdrive/nti/sdk_win_64/sdk_win_64/winavr/bin/../lib/gcc/avr/4.3.3/../../../../avr/lib/avr5\libc.a(ultoa_invert.o)
 .data          0x008000ae        0x0 c:/ayaya/nti 4 month/flashdrive/nti/sdk_win_64/sdk_win_64/winavr/bin/../lib/gcc/avr/4.3.3/avr5\libgcc.a(_prologue.o)
 .data          0x008000ae        0x0 c:/ayaya/nti 4 month/flashdrive/nti/sdk_win_64/sdk_win_64/winavr/bin/../lib/gcc/avr/4.3.3/avr5\libgcc.a(_epilogue.o)
 *(.data*)
 .data.LockedFlag
                0x008000ae        0x1 ./SERVICE/CurtainsSetFlag/prog.o
                0x008000ae                LockedFlag
 .data.scaler   0x008000af        0x1 ./MCAL/ADC/ADC_prog.o
 .data.S_LDR    0x008000b0        0x3 ./HAL/LDR/LDR_prg.o
                0x008000b0                S_LDR
 .data.keypad_keys
                0x008000b3       0x10 ./HAL/KeyPad/keypad.o
                0x008000b3                keypad_keys
 *(.rodata)
 *(.rodata*)
 .rodata.C.19.1388
                0x008000c3        0x3 ./HAL/LCD/lcd_Prog.o
 .rodata.C.18.1387
                0x008000c6        0x3 ./HAL/LCD/lcd_Prog.o
 .rodata.C.16.1385
                0x008000c9        0x3 ./HAL/LCD/lcd_Prog.o
 .rodata.C.9.1350
                0x008000cc        0x3 ./HAL/LCD/lcd_Prog.o
 .rodata.C.8.1349
                0x008000cf        0x3 ./HAL/LCD/lcd_Prog.o
 .rodata.C.6.1347
                0x008000d2        0x3 ./HAL/LCD/lcd_Prog.o
 .rodata.C.4.1337
                0x008000d5        0x3 ./HAL/LCD/lcd_Prog.o
 .rodata.C.2.1335
                0x008000d8        0x3 ./HAL/LCD/lcd_Prog.o
 .rodata.C.0.1333
                0x008000db        0x3 ./HAL/LCD/lcd_Prog.o
 .rodata.C.0.2062
                0x008000de        0x7 ./APP/App.o
 *(.gnu.linkonce.d*)
                0x008000e6                . = ALIGN (0x2)
 *fill*         0x008000e5        0x1 00
                0x008000e6                _edata = .
                0x008000e6                PROVIDE (__data_end, .)

.bss            0x008000e6       0x3d
                0x008000e6                PROVIDE (__bss_start, .)
 *(.bss)
 .bss           0x008000e6        0x0 c:/ayaya/nti 4 month/flashdrive/nti/sdk_win_64/sdk_win_64/winavr/bin/../lib/gcc/avr/4.3.3/../../../../avr/lib/avr5/crtm32.o
 .bss           0x008000e6        0x0 ./SERVICE/TempControl/TempControl.o
 .bss           0x008000e6        0x0 ./SERVICE/SET_ON_FLAG/setOnFlag.o
 .bss           0x008000e6        0x0 ./SERVICE/OpenDoor/OpenDoor.o
 .bss           0x008000e6        0x0 ./SERVICE/LockHouse/lockHouse.o
 .bss           0x008000e6        0x0 ./SERVICE/LEDs_Control/SERVICE_LEDS_Control.o
 .bss           0x008000e6        0x0 ./SERVICE/EnterPass/EnterPass.o
 .bss           0x008000e6        0x0 ./SERVICE/EVERYTHING_ON/EverythingOn.o
 .bss           0x008000e6        0x0 ./SERVICE/DisplayDateTime/DisplayDateTime.o
 .bss           0x008000e6        0x0 ./SERVICE/CurtainsSetFlag/prog.o
 .bss           0x008000e6        0x0 ./SERVICE/CheckIR/Check_IR.o
 .bss           0x008000e6        0x0 ./MCAL/UART/Uart.o
 .bss           0x008000e6        0x0 ./MCAL/Timer1/Timer1_prog.o
 .bss           0x008000e6        0x0 ./MCAL/Timer0/Timer0.o
 .bss           0x008000e6        0x0 ./MCAL/I2C/I2C.o
 .bss           0x008000e6        0x0 ./MCAL/I2C/twi.o
 .bss           0x008000e6        0x0 ./MCAL/EXT/External_interrupt.o
 .bss           0x008000e6        0x0 ./MCAL/EEPROM/external_eeprom.o
 .bss           0x008000e6        0x0 ./MCAL/DIO/DIO.o
 .bss           0x008000e6        0x0 ./MCAL/ADC/ADC_prog.o
 .bss           0x008000e6        0x0 ./HAL/Solenoid/Solenoid.o
 .bss           0x008000e6        0x0 ./HAL/SERVO/Servo.o
 .bss           0x008000e6        0x0 ./HAL/RTC/RTC.o
 .bss           0x008000e6        0x0 ./HAL/Password/Password.o
 .bss           0x008000e6        0x0 ./HAL/PIR/PIR.o
 .bss           0x008000e6        0x0 ./HAL/LM35/LM35_Prog.o
 .bss           0x008000e6        0x0 ./HAL/LED/LED.o
 .bss           0x008000e6        0x0 ./HAL/LDR/LDR_prg.o
 .bss           0x008000e6        0x0 ./HAL/LCD/lcd_Prog.o
 .bss           0x008000e6        0x0 ./HAL/KeyPad/keypad.o
 .bss           0x008000e6        0x0 ./HAL/IR/IR_Prog.o
 .bss           0x008000e6        0x0 ./HAL/Buzzrer/Buzzer.o
 .bss           0x008000e6        0x0 ./HAL/Button/Button.o
 .bss           0x008000e6        0x0 ./APP/App.o
 .bss           0x008000e6        0x0 ./main.o
 .bss           0x008000e6        0x0 c:/ayaya/nti 4 month/flashdrive/nti/sdk_win_64/sdk_win_64/winavr/bin/../lib/gcc/avr/4.3.3/avr5\libgcc.a(_mulsi3.o)
 .bss           0x008000e6        0x0 c:/ayaya/nti 4 month/flashdrive/nti/sdk_win_64/sdk_win_64/winavr/bin/../lib/gcc/avr/4.3.3/avr5\libgcc.a(_udivmodqi4.o)
 .bss           0x008000e6        0x0 c:/ayaya/nti 4 month/flashdrive/nti/sdk_win_64/sdk_win_64/winavr/bin/../lib/gcc/avr/4.3.3/avr5\libgcc.a(_udivmodsi4.o)
 .bss           0x008000e6        0x0 c:/ayaya/nti 4 month/flashdrive/nti/sdk_win_64/sdk_win_64/winavr/bin/../lib/gcc/avr/4.3.3/avr5\libgcc.a(_divmodsi4.o)
 .bss           0x008000e6        0x0 c:/ayaya/nti 4 month/flashdrive/nti/sdk_win_64/sdk_win_64/winavr/bin/../lib/gcc/avr/4.3.3/avr5\libgcc.a(_exit.o)
 .bss           0x008000e6        0x0 c:/ayaya/nti 4 month/flashdrive/nti/sdk_win_64/sdk_win_64/winavr/bin/../lib/gcc/avr/4.3.3/avr5\libgcc.a(_copy_data.o)
 .bss           0x008000e6        0x0 c:/ayaya/nti 4 month/flashdrive/nti/sdk_win_64/sdk_win_64/winavr/bin/../lib/gcc/avr/4.3.3/avr5\libgcc.a(_clear_bss.o)
 .bss           0x008000e6        0x0 c:/ayaya/nti 4 month/flashdrive/nti/sdk_win_64/sdk_win_64/winavr/bin/../lib/gcc/avr/4.3.3/../../../../avr/lib/avr5\libc.a(sprintf.o)
 .bss           0x008000e6        0x0 c:/ayaya/nti 4 month/flashdrive/nti/sdk_win_64/sdk_win_64/winavr/bin/../lib/gcc/avr/4.3.3/../../../../avr/lib/avr5\libc.a(vfprintf_std.o)
 .bss           0x008000e6        0x0 c:/ayaya/nti 4 month/flashdrive/nti/sdk_win_64/sdk_win_64/winavr/bin/../lib/gcc/avr/4.3.3/../../../../avr/lib/avr5\libc.a(strnlen_P.o)
 .bss           0x008000e6        0x0 c:/ayaya/nti 4 month/flashdrive/nti/sdk_win_64/sdk_win_64/winavr/bin/../lib/gcc/avr/4.3.3/../../../../avr/lib/avr5\libc.a(strnlen.o)
 .bss           0x008000e6        0x0 c:/ayaya/nti 4 month/flashdrive/nti/sdk_win_64/sdk_win_64/winavr/bin/../lib/gcc/avr/4.3.3/../../../../avr/lib/avr5\libc.a(fputc.o)
 .bss           0x008000e6        0x0 c:/ayaya/nti 4 month/flashdrive/nti/sdk_win_64/sdk_win_64/winavr/bin/../lib/gcc/avr/4.3.3/../../../../avr/lib/avr5\libc.a(ultoa_invert.o)
 .bss           0x008000e6        0x0 c:/ayaya/nti 4 month/flashdrive/nti/sdk_win_64/sdk_win_64/winavr/bin/../lib/gcc/avr/4.3.3/avr5\libgcc.a(_prologue.o)
 .bss           0x008000e6        0x0 c:/ayaya/nti 4 month/flashdrive/nti/sdk_win_64/sdk_win_64/winavr/bin/../lib/gcc/avr/4.3.3/avr5\libgcc.a(_epilogue.o)
 *(.bss*)
 .bss.GlobalFlag
                0x008000e6        0x1 ./SERVICE/CurtainsSetFlag/prog.o
                0x008000e6                GlobalFlag
 .bss.ptr2fun_Data_register_empty
                0x008000e7        0x2 ./MCAL/UART/Uart.o
 .bss.ptr2fun_transmit_complete
                0x008000e9        0x2 ./MCAL/UART/Uart.o
 .bss.ptr2fun_receive_data
                0x008000eb        0x2 ./MCAL/UART/Uart.o
 .bss.Timer1_ICU_Fptr
                0x008000ed        0x2 ./MCAL/Timer1/Timer1_prog.o
 .bss.Timer1_OCB_Fptr
                0x008000ef        0x2 ./MCAL/Timer1/Timer1_prog.o
 .bss.Timer1_OCA_Fptr
                0x008000f1        0x2 ./MCAL/Timer1/Timer1_prog.o
 .bss.Timer1_OVF_Fptr
                0x008000f3        0x2 ./MCAL/Timer1/Timer1_prog.o
 .bss.ptr2fun_ext_int_2
                0x008000f5        0x2 ./MCAL/EXT/External_interrupt.o
 .bss.ptr2fun_ext_int_1
                0x008000f7        0x2 ./MCAL/EXT/External_interrupt.o
 .bss.ptr2fun_ext_int_0
                0x008000f9        0x2 ./MCAL/EXT/External_interrupt.o
 *(COMMON)
 COMMON         0x008000fb       0x1d ./SERVICE/SET_ON_FLAG/setOnFlag.o
                0x008000fb                lockedFlag
                0x008000fc                buffer
                0x00800110                RTCData
                0x00800117                onFlag
 COMMON         0x00800118        0xb ./SERVICE/OpenDoor/OpenDoor.o
                0x00800118                temp_password
                0x00800119                fourth
                0x0080011a                temp
                0x0080011b                second
                0x0080011c                Get_character
                0x0080011d                c
                0x0080011e                login_flag
                0x0080011f                temp2_password
                0x00800120                third
                0x00800121                first
                0x00800122                Set_flag
                0x00800123                PROVIDE (__bss_end, .)
                0x000027d4                __data_load_start = LOADADDR (.data)
                0x0000285a                __data_load_end = (__data_load_start + SIZEOF (.data))

.noinit         0x00800123        0x0
                0x00800123                PROVIDE (__noinit_start, .)
 *(.noinit*)
                0x00800123                PROVIDE (__noinit_end, .)
                0x00800123                _end = .
                0x00800123                PROVIDE (__heap_start, .)

.eeprom         0x00810000        0x0
 *(.eeprom*)
                0x00810000                __eeprom_end = .

.fuse
 *(.fuse)
 *(.lfuse)
 *(.hfuse)
 *(.efuse)

.lock
 *(.lock*)

.signature
 *(.signature*)

.stab
 *(.stab)

.stabstr
 *(.stabstr)

.stab.excl
 *(.stab.excl)

.stab.exclstr
 *(.stab.exclstr)

.stab.index
 *(.stab.index)

.stab.indexstr
 *(.stab.indexstr)

.comment
 *(.comment)

.debug
 *(.debug)

.line
 *(.line)

.debug_srcinfo
 *(.debug_srcinfo)

.debug_sfnames
 *(.debug_sfnames)

.debug_aranges
 *(.debug_aranges)

.debug_pubnames
 *(.debug_pubnames)

.debug_info
 *(.debug_info)
 *(.gnu.linkonce.wi.*)

.debug_abbrev
 *(.debug_abbrev)

.debug_line
 *(.debug_line)

.debug_frame
 *(.debug_frame)

.debug_str
 *(.debug_str)

.debug_loc
 *(.debug_loc)

.debug_macinfo
 *(.debug_macinfo)
OUTPUT(AVR_Project.elf elf32-avr)
LOAD linker stubs
